03-05 16:23:48.990  5369  5369 W [RNScreens]: backTitleFontFamily prop is not available on Android
03-05 16:23:48.990  5369  5369 W [RNScreens]: disableBackButtonMenu prop is not available on Android
03-05 16:23:48.990  5369  5369 W [RNScreens]: largeTitleFontFamily prop is not available on Android
03-05 16:23:48.990  5369  5369 W [RNScreens]: largeTitleFontWeight prop is not available on Android
03-05 16:23:48.990  5369  5369 W [RNScreens]: largeTitleHideShadow prop is not available on Android
03-05 16:23:49.030  1281  1798 I ProtoXDBBufferWrapper: ProtoXDBBufferWrapper.flushToStorage():158 Flushed 8 data item(s) to storage.
03-05 16:23:49.164  5369  5926 D TrafficStats: tagSocket(224) with statsTag=0xffffffff, statsUid=-1
03-05 16:23:49.171  5369  5429 D EGL_emulation: app_time_stats: avg=35.55ms min=5.21ms max=374.93ms count=30
03-05 16:23:50.770  5369  5429 D EGL_emulation: app_time_stats: avg=42.64ms min=2.94ms max=1115.86ms count=30
03-05 16:23:51.769   887  1110 D EGL_emulation: app_time_stats: avg=51722.74ms min=51722.74ms max=51722.74ms count=1
03-05 16:23:51.808  5369  5429 D EGL_emulation: app_time_stats: avg=54.53ms min=13.50ms max=665.62ms count=19
03-05 16:23:51.852   380  5220 D android.hardware.audio@7.1-impl.ranchu: threadLoop: entering standby, frames: 3027904
03-05 16:23:52.814  5369  5429 D EGL_emulation: app_time_stats: avg=12.91ms min=3.43ms max=40.89ms count=52
03-05 16:23:54.087  5369  5429 D EGL_emulation: app_time_stats: avg=20.92ms min=2.90ms max=433.25ms count=46
03-05 16:23:54.170   426   426 D audioserver: logFgsApiBegin: FGS Logger Transaction failed, -129
03-05 16:23:54.170   604   700 W AS.PlaybackActivityMon: No piid assigned for invalid/internal port id 15
03-05 16:23:54.308  5369  5898 E ReactNativeJS: { [Error: Couldn't find a navigation context. Have you wrapped your app with 'NavigationContainer'? See https://reactnavigation.org/docs/getting-started for setup instructions.]
03-05 16:23:54.309  5369  5898 E ReactNativeJS:   componentStack: '\n    at CssInterop.TouchableOpacity (http://192.168.1.3:8081/node_modules/expo-router/entry.bundle//&platform=android&dev=true&hot=false&lazy=true&transform.engine=hermes&transform.bytecode=1&transform.routerRoot=app&transform.reactCompiler=true&unstable_transformProfile=hermes-stable:10401:45)\n    at RCTView (<anonymous>)\n    at View (http://192.168.1.3:8081/node_modules/expo-router/entry.bundle//&platform=android&dev=true&hot=false&lazy=true&transform.engine=hermes&transform.bytecode=1&transform.routerRoot=app&transform.reactCompiler=true&unstable_transformProfile=hermes-stable:14848:19)\n    at CssInterop.View (http://192.168.1.3:8081/node_modules/expo-router/entry.bundle//&platform=android&dev=true&hot=false&lazy=true&transform.engine=hermes&transform.bytecode=1&transform.routerRoot=app&transform.reactCompiler=true&unstable_transformProfile=hermes-stable:10401:45)\n    at RCTView (<anonymous>)\n    at View (http://192.168.1.3:8081/node_modules/expo-router/entry.bundle//&platform=android&dev=true&hot=false&lazy=true&transform.engine=hermes&transform.bytecode=1&transform.routerRoot=app&transform.reactCompiler=true&unstable_transformProfile=hermes-stable:14848:19)\n    at CssInterop.View (http://192.168.1.3:8081/node_modules/expo-router/entry.bundle//&platform=android&dev=true&hot=false&lazy=true&transform.engine=hermes&transform.bytecode=1&transform.routerRoot=app&transform.reactCompiler=true&unstable_transformProfile=hermes-stable:10401:45)\n    at RCTView (<anonymous>)\n    at View (http://192.168.1.3:8081/node_modules/expo-router/entry.bundle//&platform=android&dev=true&hot=false&lazy=true&transform.engine=hermes&transform.bytecode=1&transform.routerRoot=app&transform.reactCompiler=true&unstable_transformProfile=hermes-stable:14848:19)\n    at CssInterop.View (http://192.168.1.3:8081/node_modules/expo-router/entry.bundle//&platform=android&dev=true&hot=false&lazy=true&transform.engine=hermes&transform.bytecode=1&transform.routerRoot=app&transform.reactCompiler=true&unstable_transformProfile=hermes-stable:10401:45)\n    at RCTScrollView (<anonymous>)\n    at ScrollView (http://192.168.1.3:8081/node_modules/expo-router/entry.bundle//&platform=android&dev=true&hot=false&lazy=true&transform.engine=hermes&transform.bytecode=1&transform.routerRoot=app&transform.reactCompiler=true&unstable_transformProfile=hermes-stable:32986:35)\n    at ScrollView (http://192.168.1.3:8081/node_modules/expo-router/entry.bundle//&platform=android&dev=true&hot=false&lazy=true&transform.engine=hermes&transform.bytecode=1&transform.routerRoot=app&transform.reactCompiler=true&unstable_transformProfile=hermes-stable:33557:19)\n    at CssInterop.ScrollView (http://192.168.1.3:8081/node_modules/expo-router/entry.bundle//&platform=android&dev=true&hot=false&lazy=true&transform.engine=hermes&transform.bytecode=1&transform.routerRoot=app&transform.reactCompiler=true&unstable_transformProfile=hermes-stable:10401:45)\n    at RCTView (<anonymous>)\n    at View (http://192.168.1.3:8081/node_modules/expo-router/entry.bundle//&platform=android&dev=true&hot=false&lazy=true&transform.engine=hermes&transform.bytecode=1&transform.routerRoot=app&transform.reactCompiler=true&unstable_transformProfile=hermes-stable:14848:19)\n    at CssInterop.View (http://192.168.1.3:8081/node_modules/expo-router/entry.bundle//&platform=android&dev=true&hot=false&lazy=true&transform.engine=hermes&transform.bytecode=1&transform.routerRoot=app&transform.reactCompiler=true&unstable_transformProfile=hermes-stable:10401:45)\n    at NewContract(./(admin)/contracts/new.tsx) (http://192.168.1.3:8081/node_modules/expo-router/entry.bundle//&platform=android&dev=true&hot=false&lazy=true&transform.engine=hermes&transform.bytecode=1&transform.routerRoot=app&transform.reactCompiler=true&unstable_transformProfile=hermes-stable:233844:41)\n    at Suspense (<anonymous>)\n    at Route (http://192.168.1.3:8081/node_modules/expo-router/entry.bundle//&platform=android&dev=true&hot=false&lazy=true&transf
03-05 16:23:54.310  5369  5898 E ReactNativeJS:   isComponentError: true }, { [Stack] name: 'Stack' }
03-05 16:23:54.332   426   555 D audioserver: logFgsApiEnd: FGS Logger Transaction failed, -129
03-05 16:23:54.376  5369  5926 D TrafficStats: tagSocket(178) with statsTag=0xffffffff, statsUid=-1
03-05 16:23:54.377  5369  5929 D TrafficStats: tagSocket(183) with statsTag=0xffffffff, statsUid=-1
03-05 16:23:54.751  5369  5369 W unknown:BridgelessReact: ReactHost{2}.startSurface(surfaceId = 0): Schedule
03-05 16:23:54.751  5369  5369 W unknown:BridgelessReact: ReactHost{2}.attachSurface(surfaceId = 0)
03-05 16:23:54.752  5369  5887 W unknown:BridgelessReact: ReactHost{2}.getOrCreateReactInstanceTask()
03-05 16:23:54.752  5369  5887 W unknown:BridgelessReact: ReactHost{2}.startSurface(surfaceId = 0): Execute
03-05 16:23:54.769   604  1677 D CoreBackPreview: Window{8af47bb u0 host.exp.exponent/host.exp.exponent.experience.ExperienceActivity}: Setting back callback OnBackInvokedCallbackInfo{mCallback=android.window.IOnBackInvokedCallback$Stub$Proxy@bb06e6d, mPriority=0, mIsAnimationCallback=false}
03-05 16:23:54.811   887  1110 D EGL_emulation: app_time_stats: avg=3042.43ms min=3042.43ms max=3042.43ms count=1
03-05 16:23:54.928   604   747 I ImeTracker: host.exp.exponent:4ddfce61: onRequestHide at ORIGIN_SERVER reason HIDE_UNSPECIFIED_WINDOW fromUser false
03-05 16:23:54.928   604   747 I ImeTracker: host.exp.exponent:4ddfce61: onCancelled at PHASE_SERVER_SHOULD_HIDE
03-05 16:23:54.929  1281  1281 I GoogleInputMethodService: GoogleInputMethodService.onFinishInput():2113 
03-05 16:23:54.932  1281  1281 I Module  : DeviceLockedStatusModuleProvider$Module.updateDeviceLockedStatus():103 repeatCheckTimes = 0, locked = false
03-05 16:23:54.934  1281  1281 I GoogleInputMethodService: GoogleInputMethodService.onStartInput():1384 onStartInput(EditorInfo{EditorInfo{packageName=host.exp.exponent, inputType=0, inputTypeString=NULL, enableLearning=false, autoCorrection=false, autoComplete=false, imeOptions=0, privateImeOptions=null, actionName=UNSPECIFIED, actionLabel=null, initialSelStart=-1, initialSelEnd=-1, initialCapsMode=0, label=null, fieldId=0, fieldName=null, extras=null, hintText=null, hintLocales=[]}}, false)
03-05 16:23:54.935  1281  1281 I Module  : DeviceLockedStatusModuleProvider$Module.updateDeviceLockedStatus():103 repeatCheckTimes = 1, locked = false
03-05 16:23:54.937   604  1677 W PackageConfigPersister: App-specific configuration not found for packageName: host.exp.exponent and userId: 0
03-05 16:23:55.110  1185  1539 D EGL_emulation: app_time_stats: avg=16148.32ms min=16148.32ms max=16148.32ms count=1
03-05 16:23:56.702  5369  5429 D EGL_emulation: app_time_stats: avg=455.67ms min=12.01ms max=1363.84ms count=4
03-05 16:23:57.212   380  5220 D android.hardware.audio@7.1-impl.ranchu: threadLoop: entering standby, frames: 3176960
03-05 16:23:58.927  1281  1281 I VoiceInputManagerWrapper: VoiceInputManagerWrapper.shutdownVoiceInternal():148 shutdownVoiceInternal()
03-05 16:23:58.927  1281  1281 W NotificationCenter: NotificationCenter.unregisterListener():480 Listener iqs@e619732 was not registered for notification class ojp
03-05 16:23:59.049   604   791 D InetDiagMessage: Destroyed 0 sockets, proto=IPPROTO_TCP, family=AF_INET, states=14
03-05 16:23:59.050   604   791 D InetDiagMessage: Destroyed 0 sockets, proto=IPPROTO_TCP, family=AF_INET6, states=14
03-05 16:23:59.050   604   791 D InetDiagMessage: Destroyed live tcp sockets for uids={10194} in 2ms
03-05 16:23:59.050   604   791 D InetDiagMessage: Destroyed 0 sockets, proto=IPPROTO_TCP, family=AF_INET, states=14
03-05 16:23:59.051   604   791 D InetDiagMessage: Destroyed 0 sockets, proto=IPPROTO_TCP, family=AF_INET6, states=14
03-05 16:23:59.051   604   791 D InetDiagMessage: Destroyed live tcp sockets for uids={20194} in 1ms
03-05 16:23:59.140   186  5925 I keystore2: system/security/keystore2/watchdog/src/lib.rs:319 - Watchdog thread idle -> terminating. Have a great day.
03-05 16:24:00.005  1378  1546 I AiAiEcho: Predicting[0]:  [CONTEXT sampling_count=5 ]
03-05 16:24:00.006  1378  1546 I AiAiEcho: EchoTargets: 
03-05 16:24:00.006  1378  1546 I AiAiEcho: Filtered by AiAi flag check: 
03-05 16:24:00.006  1378  1546 I AiAiEcho: [CONTEXT ratelimit_period="10 SECONDS" ]
03-05 16:24:00.006  1378  1546 I AiAiEcho: Ranked targets strategy: SORT, count: 0, ranking metadata:  [CONTEXT ratelimit_period="10 SECONDS" ]
03-05 16:24:00.006  1378  1546 I AiAiEcho: #remoteViewsTwiddler: feature disabled.
03-05 16:24:00.006  1378  1546 I AiAiEcho: Predicting[0]:  [CONTEXT sampling_count=5 ]
03-05 16:24:00.006  1378  1546 I AiAiEcho: EchoTargets: 
03-05 16:24:00.006  1378  1546 I AiAiEcho: Filtered by AiAi flag check: 
03-05 16:24:00.006  1378  1546 I AiAiEcho: [CONTEXT ratelimit_period="10 SECONDS" ]
03-05 16:24:00.006  1378  1546 I AiAiEcho: Ranked targets strategy: SORT, count: 0, ranking metadata:  [CONTEXT ratelimit_period="10 SECONDS" ]
03-05 16:24:00.006  1378  1546 I AiAiEcho: #remoteViewsTwiddler: feature disabled.
03-05 16:24:00.007  1378  1546 I AiAiEcho: #postPredictionTargets: Sending updates to UISurface lockscreen with targets# 0 (types=[])
03-05 16:24:00.008  1378  1546 I AiAiEcho: #postPredictionTargets: Sending updates to UISurface home with targets# 0 (types=[])
03-05 16:24:00.021   887  1110 D EGL_emulation: app_time_stats: avg=738.58ms min=2.92ms max=5050.16ms count=7
03-05 16:24:00.023   887   887 W PageIndicator: Total number of pages invalid: 0. Assuming 1 page.
03-05 16:24:02.475  1121  1965 I NullBinder: NullBinder for android.net.action.RECOMMEND_NETWORKS triggering remote TransactionTooLargeException due to Service without Chimera impl, calling uid: 1000, calling pid: 0
03-05 16:24:02.475  1442  1779 I BugleRcsEngine: Connected state: [1], networkType: [WIFI] [CONTEXT thread_id=57 ]
03-05 16:24:02.476  1121  1965 W .gms.persistent: Large reply transaction of 1056768 bytes, interface descriptor , code 1
03-05 16:24:02.476   604   791 W IPCThreadState: Sending oneway calls to frozen process.
03-05 16:24:02.477  1442  1972 I BugleRcsEngine: handleMessage processing message:[NOTIFY_UPTIME_IGNORE_STATE_CHANGED] with [non-null]:RcsEngineImpl reference [CONTEXT log_prefix="RcsEngineImpl[DUAL_REG]:[96242b3c-43f2]>Handler" thread_id=63 ]
03-05 16:24:02.477   604   791 W IPCThreadState: Sending oneway calls to frozen process.
03-05 16:24:02.478   604   791 W IPCThreadState: Sending oneway calls to frozen process.
03-05 16:24:02.478   604   791 W IPCThreadState: Sending oneway calls to frozen process.
03-05 16:24:02.478   604   791 W IPCThreadState: Sending oneway calls to frozen process.
03-05 16:24:02.478   604   791 W IPCThreadState: Sending oneway calls to frozen process.
03-05 16:24:02.479   604   791 W IPCThreadState: Sending oneway calls to frozen process.
03-05 16:24:02.479   604   791 W IPCThreadState: Sending oneway calls to frozen process.
03-05 16:24:02.480   604   791 W IPCThreadState: Sending oneway calls to frozen process.
03-05 16:24:02.480   604   791 W IPCThreadState: Sending oneway calls to frozen process.
03-05 16:24:02.480   604   791 W IPCThreadState: Sending oneway calls to frozen process.
03-05 16:24:02.482   604   791 W IPCThreadState: Sending oneway calls to frozen process.
03-05 16:24:02.482   604   791 W IPCThreadState: Sending oneway calls to frozen process.
03-05 16:24:02.483   604   791 W IPCThreadState: Sending oneway calls to frozen process.
03-05 16:24:02.483   604   791 W IPCThreadState: Sending oneway calls to frozen process.
03-05 16:24:02.484   604   791 W IPCThreadState: Sending oneway calls to frozen process.
03-05 16:24:02.484  1442  1972 I BugleRcsEngine: No RCS Configuration was found in Bugle for simID: redacted-pii:sim_id[chars:20,last3:897] [CONTEXT log_prefix="ProvisioningEngineDataRetriever" thread_id=63 ]
03-05 16:24:02.485   604   791 W IPCThreadState: Sending oneway calls to frozen process.
03-05 16:24:02.485   604   791 W IPCThreadState: Sending oneway calls to frozen process.
03-05 16:24:02.499   604   858 E ClipboardService: Denying clipboard access to com.android.chrome, application is not in focus nor is it a system service for user 0
03-05 16:24:02.503   887   887 I ClipboardListener: Clipboard overlay suppressed.
03-05 16:24:02.503  1378  1620 I AiAiTranslate: C2T - not in a conversation
03-05 16:24:02.985   604   858 E ClipboardService: Denying clipboard access to com.android.chrome, application is not in focus nor is it a system service for user 0
03-05 16:24:02.987  1378  1620 I AiAiTranslate: C2T - not in a conversation
03-05 16:24:02.989   887   887 I ClipboardListener: Clipboard overlay suppressed.
03-05 16:24:05.482  1121  1965 I NullBinder: NullBinder for android.net.action.RECOMMEND_NETWORKS triggering remote TransactionTooLargeException due to Service without Chimera impl, calling uid: 1000, calling pid: 0
03-05 16:24:05.482  1442  1972 I BugleRcsEngine: handleMessage processing message:[NOTIFY_UPTIME_IGNORE_STATE_CHANGED] with [non-null]:RcsEngineImpl reference [CONTEXT log_prefix="RcsEngineImpl[DUAL_REG]:[96242b3c-43f2]>Handler" thread_id=63 ]
03-05 16:24:05.483  1442  1779 I BugleRcsEngine: Connected state: [1], networkType: [WIFI] [CONTEXT thread_id=57 ]
03-05 16:24:05.484   604   791 W IPCThreadState: Sending oneway calls to frozen process.
03-05 16:24:05.484  1121  1965 W .gms.persistent: Large reply transaction of 1056768 bytes, interface descriptor , code 1
03-05 16:24:05.484   604   791 W IPCThreadState: Sending oneway calls to frozen process.
03-05 16:24:05.484   604   791 W IPCThreadState: Sending oneway calls to frozen process.
03-05 16:24:05.484   604   791 W IPCThreadState: Sending oneway calls to frozen process.
03-05 16:24:05.484   604   791 W IPCThreadState: Sending oneway calls to frozen process.
03-05 16:24:05.484   604   791 W IPCThreadState: Sending oneway calls to frozen process.
03-05 16:24:05.485   604   791 W IPCThreadState: Sending oneway calls to frozen process.
03-05 16:24:05.485   604   791 W IPCThreadState: Sending oneway calls to frozen process.
03-05 16:24:05.485   604   791 W IPCThreadState: Sending oneway calls to frozen process.
03-05 16:24:05.485   604   791 W IPCThreadState: Sending oneway calls to frozen process.
03-05 16:24:05.486   604   791 W IPCThreadState: Sending oneway calls to frozen process.
03-05 16:24:05.486   604   791 W IPCThreadState: Sending oneway calls to frozen process.
03-05 16:24:05.486   604   791 W IPCThreadState: Sending oneway calls to frozen process.
03-05 16:24:05.486  1442  1972 I BugleRcsEngine: No RCS Configuration was found in Bugle for simID: redacted-pii:sim_id[chars:20,last3:897] [CONTEXT log_prefix="ProvisioningEngineDataRetriever" thread_id=63 ]
03-05 16:24:05.486   604   791 W IPCThreadState: Sending oneway calls to frozen process.
03-05 16:24:05.487   604   791 W IPCThreadState: Sending oneway calls to frozen process.
03-05 16:24:05.487   604   791 W IPCThreadState: Sending oneway calls to frozen process.
03-05 16:24:05.488   604   791 W IPCThreadState: Sending oneway calls to frozen process.
03-05 16:24:05.488   604   791 W IPCThreadState: Sending oneway calls to frozen process.
03-05 16:24:07.563   604   791 D InetDiagMessage: Destroyed 0 sockets, proto=IPPROTO_TCP, family=AF_INET, states=14
03-05 16:24:07.564   604   791 D InetDiagMessage: Destroyed 0 sockets, proto=IPPROTO_TCP, family=AF_INET6, states=14
03-05 16:24:07.564   604   791 D InetDiagMessage: Destroyed live tcp sockets for uids={10194} in 3ms
03-05 16:24:07.565   604   791 D InetDiagMessage: Destroyed 0 sockets, proto=IPPROTO_TCP, family=AF_INET, states=14
03-05 16:24:07.566   604   791 D InetDiagMessage: Destroyed 0 sockets, proto=IPPROTO_TCP, family=AF_INET6, states=14
03-05 16:24:07.566   604   791 D InetDiagMessage: Destroyed live tcp sockets for uids={20194} in 2ms
03-05 16:24:12.583   604   727 D ActivityManager: freezing 1399 com.google.android.gms
03-05 16:24:12.584   604   727 D ActivityManager: freezing 2078 com.google.android.adservices.api
03-05 16:24:12.656   604   791 D InetDiagMessage: Destroyed 0 sockets, proto=IPPROTO_TCP, family=AF_INET, states=14
03-05 16:24:12.656   604   791 D InetDiagMessage: Destroyed 0 sockets, proto=IPPROTO_TCP, family=AF_INET6, states=14
03-05 16:24:12.657   604   791 D InetDiagMessage: Destroyed live tcp sockets for uids={10194} in 2ms
03-05 16:24:20.519  1121  1745 I NullBinder: NullBinder for android.net.action.RECOMMEND_NETWORKS triggering remote TransactionTooLargeException due to Service without Chimera impl, calling uid: 1000, calling pid: 0
03-05 16:24:20.519  1121  1745 W .gms.persistent: Large reply transaction of 1056768 bytes, interface descriptor , code 1
03-05 16:24:20.519   604   791 W IPCThreadState: Sending oneway calls to frozen process.
03-05 16:24:20.520   604   791 W IPCThreadState: Sending oneway calls to frozen process.
03-05 16:24:20.520   604   791 W IPCThreadState: Sending oneway calls to frozen process.
03-05 16:24:20.520   604   791 W IPCThreadState: Sending oneway calls to frozen process.
03-05 16:24:20.520   604   791 W IPCThreadState: Sending oneway calls to frozen process.
03-05 16:24:20.520   604   791 W IPCThreadState: Sending oneway calls to frozen process.
03-05 16:24:20.520   604   791 W IPCThreadState: Sending oneway calls to frozen process.
03-05 16:24:20.520   604   791 W IPCThreadState: Sending oneway calls to frozen process.
03-05 16:24:20.520   604   791 W IPCThreadState: Sending oneway calls to frozen process.
03-05 16:24:20.520   604   791 W IPCThreadState: Sending oneway calls to frozen process.
03-05 16:24:20.520   604   791 W IPCThreadState: Sending oneway calls to frozen process.
03-05 16:24:20.520   604   791 W IPCThreadState: Sending oneway calls to frozen process.
03-05 16:24:20.520   604   791 W IPCThreadState: Sending oneway calls to frozen process.
03-05 16:24:20.521  1442  1972 I BugleRcsEngine: handleMessage processing message:[NOTIFY_UPTIME_IGNORE_STATE_CHANGED] with [non-null]:RcsEngineImpl reference [CONTEXT log_prefix="RcsEngineImpl[DUAL_REG]:[96242b3c-43f2]>Handler" thread_id=63 ]
03-05 16:24:20.521   604   791 W IPCThreadState: Sending oneway calls to frozen process.
03-05 16:24:20.521   604   791 W IPCThreadState: Sending oneway calls to frozen process.
03-05 16:24:20.521  1442  1779 I BugleRcsEngine: Connected state: [1], networkType: [WIFI] [CONTEXT thread_id=57 ]
03-05 16:24:20.522   604   791 W IPCThreadState: Sending oneway calls to frozen process.
03-05 16:24:20.522   604   791 W IPCThreadState: Sending oneway calls to frozen process.
03-05 16:24:20.522   604   791 W IPCThreadState: Sending oneway calls to frozen process.
03-05 16:24:20.522   604   791 W IPCThreadState: Sending oneway calls to frozen process.
03-05 16:24:20.522   604   791 W IPCThreadState: Sending oneway calls to frozen process.
03-05 16:24:20.523   604   791 W IPCThreadState: Sending oneway calls to frozen process.
03-05 16:24:20.523   604   791 W IPCThreadState: Sending oneway calls to frozen process.
03-05 16:24:20.526  1442  1972 I BugleRcsEngine: No RCS Configuration was found in Bugle for simID: redacted-pii:sim_id[chars:20,last3:897] [CONTEXT log_prefix="ProvisioningEngineDataRetriever" thread_id=63 ]
03-05 16:24:23.169   604   700 D WifiNl80211Manager: Scan result ready event
03-05 16:24:23.169   604   700 D WifiNative: Scan result ready event
03-05 16:24:23.177   604   784 I HalDevMgr: bestIfaceCreationProposal is null, requestIface=STA, existingIface=[name=wlan0 type=STA]
03-05 16:24:23.522   604   791 W IPCThreadState: Sending oneway calls to frozen process.
03-05 16:24:23.522  1121  2127 I NullBinder: NullBinder for android.net.action.RECOMMEND_NETWORKS triggering remote TransactionTooLargeException due to Service without Chimera impl, calling uid: 1000, calling pid: 0
03-05 16:24:23.523   604   791 W IPCThreadState: Sending oneway calls to frozen process.
03-05 16:24:23.523  1121  2127 W .gms.persistent: Large reply transaction of 1056768 bytes, interface descriptor , code 1
03-05 16:24:23.523   604   791 W IPCThreadState: Sending oneway calls to frozen process.
03-05 16:24:23.523   604   791 W IPCThreadState: Sending oneway calls to frozen process.
03-05 16:24:23.523   604   791 W IPCThreadState: Sending oneway calls to frozen process.
03-05 16:24:23.523   604   791 W IPCThreadState: Sending oneway calls to frozen process.
03-05 16:24:23.523   604   791 W IPCThreadState: Sending oneway calls to frozen process.
03-05 16:24:23.523   604   791 W IPCThreadState: Sending oneway calls to frozen process.
03-05 16:24:23.524   604   791 W IPCThreadState: Sending oneway calls to frozen process.
03-05 16:24:23.524   604   791 W IPCThreadState: Sending oneway calls to frozen process.
03-05 16:24:23.524   604   791 W IPCThreadState: Sending oneway calls to frozen process.
03-05 16:24:23.524  1442  1779 I BugleRcsEngine: Connected state: [1], networkType: [WIFI] [CONTEXT thread_id=57 ]
03-05 16:24:23.524   604   791 W IPCThreadState: Sending oneway calls to frozen process.
03-05 16:24:23.524   604   791 W IPCThreadState: Sending oneway calls to frozen process.
03-05 16:24:23.524   604   791 W IPCThreadState: Sending oneway calls to frozen process.
03-05 16:24:23.524   604   791 W IPCThreadState: Sending oneway calls to frozen process.
03-05 16:24:23.524  1442  1972 I BugleRcsEngine: handleMessage processing message:[NOTIFY_UPTIME_IGNORE_STATE_CHANGED] with [non-null]:RcsEngineImpl reference [CONTEXT log_prefix="RcsEngineImpl[DUAL_REG]:[96242b3c-43f2]>Handler" thread_id=63 ]
03-05 16:24:23.525   604   791 W IPCThreadState: Sending oneway calls to frozen process.
03-05 16:24:23.525   604   791 W IPCThreadState: Sending oneway calls to frozen process.
03-05 16:24:23.525   604   791 W IPCThreadState: Sending oneway calls to frozen process.
03-05 16:24:23.525   604   791 W IPCThreadState: Sending oneway calls to frozen process.
03-05 16:24:23.526   604   791 W IPCThreadState: Sending oneway calls to frozen process.
03-05 16:24:23.526   604   791 W IPCThreadState: Sending oneway calls to frozen process.
03-05 16:24:23.526   604   791 W IPCThreadState: Sending oneway calls to frozen process.
03-05 16:24:23.526  1442  1972 I BugleRcsEngine: No RCS Configuration was found in Bugle for simID: redacted-pii:sim_id[chars:20,last3:897] [CONTEXT log_prefix="ProvisioningEngineDataRetriever" thread_id=63 ]
03-05 16:24:31.762   887  1110 D EGL_emulation: app_time_stats: avg=31740.99ms min=31740.99ms max=31740.99ms count=1
03-05 16:24:39.145   939  1838 D ApfFilter: (wlan0): Adding RA fe80::2 -> ff02::1 1800s fec0::/64 86400s/14400s DNS 1200000s fec0::3 
03-05 16:24:44.579   604   791 W IPCThreadState: Sending oneway calls to frozen process.
03-05 16:24:44.579  1121  1933 I NullBinder: NullBinder for android.net.action.RECOMMEND_NETWORKS triggering remote TransactionTooLargeException due to Service without Chimera impl, calling uid: 1000, calling pid: 0
03-05 16:24:44.579  1121  1933 W .gms.persistent: Large reply transaction of 1056768 bytes, interface descriptor , code 1
03-05 16:24:44.579  1442  1972 I BugleRcsEngine: handleMessage processing message:[NOTIFY_UPTIME_IGNORE_STATE_CHANGED] with [non-null]:RcsEngineImpl reference [CONTEXT log_prefix="RcsEngineImpl[DUAL_REG]:[96242b3c-43f2]>Handler" thread_id=63 ]
03-05 16:24:44.579  1442  1779 I BugleRcsEngine: Connected state: [1], networkType: [WIFI] [CONTEXT thread_id=57 ]
03-05 16:24:44.580   604   791 W IPCThreadState: Sending oneway calls to frozen process.
03-05 16:24:44.580   604   791 W IPCThreadState: Sending oneway calls to frozen process.
03-05 16:24:44.580   604   791 W IPCThreadState: Sending oneway calls to frozen process.
03-05 16:24:44.580   604   791 W IPCThreadState: Sending oneway calls to frozen process.
03-05 16:24:44.580   604   791 W IPCThreadState: Sending oneway calls to frozen process.
03-05 16:24:44.580   604   791 W IPCThreadState: Sending oneway calls to frozen process.
03-05 16:24:44.580   604   791 W IPCThreadState: Sending oneway calls to frozen process.
03-05 16:24:44.581   604   791 W IPCThreadState: Sending oneway calls to frozen process.
03-05 16:24:44.581   604   791 W IPCThreadState: Sending oneway calls to frozen process.
03-05 16:24:44.581   604   791 W IPCThreadState: Sending oneway calls to frozen process.
03-05 16:24:44.582   604   791 W IPCThreadState: Sending oneway calls to frozen process.
03-05 16:24:44.582   604   791 W IPCThreadState: Sending oneway calls to frozen process.
03-05 16:24:44.582   604   791 W IPCThreadState: Sending oneway calls to frozen process.
03-05 16:24:44.582   604   791 W IPCThreadState: Sending oneway calls to frozen process.
03-05 16:24:44.582   604   791 W IPCThreadState: Sending oneway calls to frozen process.
03-05 16:24:44.582   604   791 W IPCThreadState: Sending oneway calls to frozen process.
03-05 16:24:44.583   604   791 W IPCThreadState: Sending oneway calls to frozen process.
03-05 16:24:44.583   604   791 W IPCThreadState: Sending oneway calls to frozen process.
03-05 16:24:44.583   604   791 W IPCThreadState: Sending oneway calls to frozen process.
03-05 16:24:44.583   604   791 W IPCThreadState: Sending oneway calls to frozen process.
03-05 16:24:44.583   604   791 W IPCThreadState: Sending oneway calls to frozen process.
03-05 16:24:44.583  1442  1972 I BugleRcsEngine: No RCS Configuration was found in Bugle for simID: redacted-pii:sim_id[chars:20,last3:897] [CONTEXT log_prefix="ProvisioningEngineDataRetriever" thread_id=63 ]
03-05 16:24:47.590   604   791 W IPCThreadState: Sending oneway calls to frozen process.
03-05 16:24:47.590   604   791 W IPCThreadState: Sending oneway calls to frozen process.
03-05 16:24:47.590   604   791 W IPCThreadState: Sending oneway calls to frozen process.
03-05 16:24:47.590   604   791 W IPCThreadState: Sending oneway calls to frozen process.
03-05 16:24:47.591   604   791 W IPCThreadState: Sending oneway calls to frozen process.
03-05 16:24:47.591   604   791 W IPCThreadState: Sending oneway calls to frozen process.
03-05 16:24:47.591   604   791 W IPCThreadState: Sending oneway calls to frozen process.
03-05 16:24:47.591   604   791 W IPCThreadState: Sending oneway calls to frozen process.
03-05 16:24:47.591   604   791 W IPCThreadState: Sending oneway calls to frozen process.
03-05 16:24:47.591   604   791 W IPCThreadState: Sending oneway calls to frozen process.
03-05 16:24:47.591   604   791 W IPCThreadState: Sending oneway calls to frozen process.
03-05 16:24:47.592   604   791 W IPCThreadState: Sending oneway calls to frozen process.
03-05 16:24:47.592  1121  1965 I NullBinder: NullBinder for android.net.action.RECOMMEND_NETWORKS triggering remote TransactionTooLargeException due to Service without Chimera impl, calling uid: 1000, calling pid: 0
03-05 16:24:47.592  1121  1965 W .gms.persistent: Large reply transaction of 1056768 bytes, interface descriptor , code 1
03-05 16:24:47.592   604   791 W IPCThreadState: Sending oneway calls to frozen process.
03-05 16:24:47.592   604   791 W IPCThreadState: Sending oneway calls to frozen process.
03-05 16:24:47.592   604   791 W IPCThreadState: Sending oneway calls to frozen process.
03-05 16:24:47.593   604   791 W IPCThreadState: Sending oneway calls to frozen process.
03-05 16:24:47.593   604   791 W IPCThreadState: Sending oneway calls to frozen process.
03-05 16:24:47.593   604   791 W IPCThreadState: Sending oneway calls to frozen process.
03-05 16:24:47.594   604   791 W IPCThreadState: Sending oneway calls to frozen process.
03-05 16:24:47.594  1442  1972 I BugleRcsEngine: handleMessage processing message:[NOTIFY_UPTIME_IGNORE_STATE_CHANGED] with [non-null]:RcsEngineImpl reference [CONTEXT log_prefix="RcsEngineImpl[DUAL_REG]:[96242b3c-43f2]>Handler" thread_id=63 ]
03-05 16:24:47.594  1442  1779 I BugleRcsEngine: Connected state: [1], networkType: [WIFI] [CONTEXT thread_id=57 ]
03-05 16:24:47.595   604   791 W IPCThreadState: Sending oneway calls to frozen process.
03-05 16:24:47.596   604   791 W IPCThreadState: Sending oneway calls to frozen process.
03-05 16:24:47.596   604   791 W IPCThreadState: Sending oneway calls to frozen process.
03-05 16:24:47.598  1442  1972 I BugleRcsEngine: No RCS Configuration was found in Bugle for simID: redacted-pii:sim_id[chars:20,last3:897] [CONTEXT log_prefix="ProvisioningEngineDataRetriever" thread_id=63 ]
03-05 16:24:56.611   604   791 W IPCThreadState: Sending oneway calls to frozen process.
03-05 16:24:56.611   604   791 W IPCThreadState: Sending oneway calls to frozen process.
03-05 16:24:56.611   604   791 W IPCThreadState: Sending oneway calls to frozen process.
03-05 16:24:56.611   604   791 W IPCThreadState: Sending oneway calls to frozen process.
03-05 16:24:56.611   604   791 W IPCThreadState: Sending oneway calls to frozen process.
03-05 16:24:56.611   604   791 W IPCThreadState: Sending oneway calls to frozen process.
03-05 16:24:56.611   604   791 W IPCThreadState: Sending oneway calls to frozen process.
03-05 16:24:56.611   604   791 W IPCThreadState: Sending oneway calls to frozen process.
03-05 16:24:56.612   604   791 W IPCThreadState: Sending oneway calls to frozen process.
03-05 16:24:56.612   604   791 W IPCThreadState: Sending oneway calls to frozen process.
03-05 16:24:56.612   604   791 W IPCThreadState: Sending oneway calls to frozen process.
03-05 16:24:56.613  1121  1965 I NullBinder: NullBinder for android.net.action.RECOMMEND_NETWORKS triggering remote TransactionTooLargeException due to Service without Chimera impl, calling uid: 1000, calling pid: 0
03-05 16:24:56.613  1442  1779 I BugleRcsEngine: Connected state: [1], networkType: [WIFI] [CONTEXT thread_id=57 ]
03-05 16:24:56.613  1442  1972 I BugleRcsEngine: handleMessage processing message:[NOTIFY_UPTIME_IGNORE_STATE_CHANGED] with [non-null]:RcsEngineImpl reference [CONTEXT log_prefix="RcsEngineImpl[DUAL_REG]:[96242b3c-43f2]>Handler" thread_id=63 ]
03-05 16:24:56.613  1121  1965 W .gms.persistent: Large reply transaction of 1056768 bytes, interface descriptor , code 1
03-05 16:24:56.614   604   791 W IPCThreadState: Sending oneway calls to frozen process.
03-05 16:24:56.614   604   791 W IPCThreadState: Sending oneway calls to frozen process.
03-05 16:24:56.614   604   791 W IPCThreadState: Sending oneway calls to frozen process.
03-05 16:24:56.614   604   791 W IPCThreadState: Sending oneway calls to frozen process.
03-05 16:24:56.614   604   791 W IPCThreadState: Sending oneway calls to frozen process.
03-05 16:24:56.614   604   791 W IPCThreadState: Sending oneway calls to frozen process.
03-05 16:24:56.614   604   791 W IPCThreadState: Sending oneway calls to frozen process.
03-05 16:24:56.614   604   791 W IPCThreadState: Sending oneway calls to frozen process.
03-05 16:24:56.615   604   791 W IPCThreadState: Sending oneway calls to frozen process.
03-05 16:24:56.615   604   791 W IPCThreadState: Sending oneway calls to frozen process.
03-05 16:24:56.615   604   791 W IPCThreadState: Sending oneway calls to frozen process.
03-05 16:24:56.617  1442  1972 I BugleRcsEngine: No RCS Configuration was found in Bugle for simID: redacted-pii:sim_id[chars:20,last3:897] [CONTEXT log_prefix="ProvisioningEngineDataRetriever" thread_id=63 ]
03-05 16:24:59.622  1121  1965 I NullBinder: NullBinder for android.net.action.RECOMMEND_NETWORKS triggering remote TransactionTooLargeException due to Service without Chimera impl, calling uid: 1000, calling pid: 0
03-05 16:24:59.622  1121  1965 W .gms.persistent: Large reply transaction of 1056768 bytes, interface descriptor , code 1
03-05 16:24:59.622   604   791 W IPCThreadState: Sending oneway calls to frozen process.
03-05 16:24:59.623   604   791 W IPCThreadState: Sending oneway calls to frozen process.
03-05 16:24:59.623   604   791 W IPCThreadState: Sending oneway calls to frozen process.
03-05 16:24:59.623   604   791 W IPCThreadState: Sending oneway calls to frozen process.
03-05 16:24:59.623   604   791 W IPCThreadState: Sending oneway calls to frozen process.
03-05 16:24:59.623   604   791 W IPCThreadState: Sending oneway calls to frozen process.
03-05 16:24:59.623   604   791 W IPCThreadState: Sending oneway calls to frozen process.
03-05 16:24:59.623   604   791 W IPCThreadState: Sending oneway calls to frozen process.
03-05 16:24:59.623  1442  1779 I BugleRcsEngine: Connected state: [1], networkType: [WIFI] [CONTEXT thread_id=57 ]
03-05 16:24:59.623   604   791 W IPCThreadState: Sending oneway calls to frozen process.
03-05 16:24:59.623  1442  1972 I BugleRcsEngine: handleMessage processing message:[NOTIFY_UPTIME_IGNORE_STATE_CHANGED] with [non-null]:RcsEngineImpl reference [CONTEXT log_prefix="RcsEngineImpl[DUAL_REG]:[96242b3c-43f2]>Handler" thread_id=63 ]
03-05 16:24:59.623   604   791 W IPCThreadState: Sending oneway calls to frozen process.
03-05 16:24:59.623   604   791 W IPCThreadState: Sending oneway calls to frozen process.
03-05 16:24:59.624   604   791 W IPCThreadState: Sending oneway calls to frozen process.
03-05 16:24:59.624   604   791 W IPCThreadState: Sending oneway calls to frozen process.
03-05 16:24:59.624   604   791 W IPCThreadState: Sending oneway calls to frozen process.
03-05 16:24:59.624   604   791 W IPCThreadState: Sending oneway calls to frozen process.
03-05 16:24:59.624   604   791 W IPCThreadState: Sending oneway calls to frozen process.
03-05 16:24:59.624   604   791 W IPCThreadState: Sending oneway calls to frozen process.
03-05 16:24:59.624   604   791 W IPCThreadState: Sending oneway calls to frozen process.
03-05 16:24:59.624   604   791 W IPCThreadState: Sending oneway calls to frozen process.
03-05 16:24:59.625   604   791 W IPCThreadState: Sending oneway calls to frozen process.
03-05 16:24:59.625   604   791 W IPCThreadState: Sending oneway calls to frozen process.
03-05 16:24:59.625   604   791 W IPCThreadState: Sending oneway calls to frozen process.
03-05 16:24:59.626  1442  1972 I BugleRcsEngine: No RCS Configuration was found in Bugle for simID: redacted-pii:sim_id[chars:20,last3:897] [CONTEXT log_prefix="ProvisioningEngineDataRetriever" thread_id=63 ]
03-05 16:25:00.020  1378  1546 I AiAiEcho: Predicting[0]:  [CONTEXT sampling_count=5 ]
03-05 16:25:00.021  1378  1546 I AiAiEcho: EchoTargets: 
03-05 16:25:00.021  1378  1546 I AiAiEcho: Filtered by AiAi flag check: 
03-05 16:25:00.021  1378  1546 I AiAiEcho: [CONTEXT ratelimit_period="10 SECONDS" ]
03-05 16:25:00.021  1378  1546 I AiAiEcho: Ranked targets strategy: SORT, count: 0, ranking metadata:  [CONTEXT ratelimit_period="10 SECONDS" ]
03-05 16:25:00.021  1378  1546 I AiAiEcho: #remoteViewsTwiddler: feature disabled.
03-05 16:25:00.021  1378  1546 I AiAiEcho: Predicting[0]:  [CONTEXT sampling_count=5 ]
03-05 16:25:00.021  1378  1546 I AiAiEcho: EchoTargets: 
03-05 16:25:00.021  1378  1546 I AiAiEcho: Filtered by AiAi flag check: 
03-05 16:25:00.021  1378  1546 I AiAiEcho: [CONTEXT ratelimit_period="10 SECONDS" ]
03-05 16:25:00.021  1378  1546 I AiAiEcho: Ranked targets strategy: SORT, count: 0, ranking metadata:  [CONTEXT ratelimit_period="10 SECONDS" ]
03-05 16:25:00.021  1378  1546 I AiAiEcho: #remoteViewsTwiddler: feature disabled.
03-05 16:25:00.022  1378  1546 I AiAiEcho: #postPredictionTargets: Sending updates to UISurface lockscreen with targets# 0 (types=[])
03-05 16:25:00.022  1378  1546 I AiAiEcho: #postPredictionTargets: Sending updates to UISurface home with targets# 0 (types=[])
03-05 16:25:00.036   887   887 W PageIndicator: Total number of pages invalid: 0. Assuming 1 page.
03-05 16:25:00.046   887  1110 D EGL_emulation: app_time_stats: avg=28283.41ms min=28283.41ms max=28283.41ms count=1
03-05 16:25:11.762   887  1110 D EGL_emulation: app_time_stats: avg=11716.06ms min=11716.06ms max=11716.06ms count=1
03-05 16:25:17.665   604   791 W IPCThreadState: Sending oneway calls to frozen process.
03-05 16:25:17.665   604   791 W IPCThreadState: Sending oneway calls to frozen process.
03-05 16:25:17.665   604   791 W IPCThreadState: Sending oneway calls to frozen process.
03-05 16:25:17.665   604   791 W IPCThreadState: Sending oneway calls to frozen process.
03-05 16:25:17.665   604   791 W IPCThreadState: Sending oneway calls to frozen process.
03-05 16:25:17.665   604   791 W IPCThreadState: Sending oneway calls to frozen process.
03-05 16:25:17.666   604   791 W IPCThreadState: Sending oneway calls to frozen process.
03-05 16:25:17.666   604   791 W IPCThreadState: Sending oneway calls to frozen process.
03-05 16:25:17.666   604   791 W IPCThreadState: Sending oneway calls to frozen process.
03-05 16:25:17.666   604   791 W IPCThreadState: Sending oneway calls to frozen process.
03-05 16:25:17.667   604   791 W IPCThreadState: Sending oneway calls to frozen process.
03-05 16:25:17.668  1121  2127 I NullBinder: NullBinder for android.net.action.RECOMMEND_NETWORKS triggering remote TransactionTooLargeException due to Service without Chimera impl, calling uid: 1000, calling pid: 0
03-05 16:25:17.668  1121  2127 W .gms.persistent: Large reply transaction of 1056768 bytes, interface descriptor , code 1
03-05 16:25:17.668  1442  1779 I BugleRcsEngine: Connected state: [1], networkType: [WIFI] [CONTEXT thread_id=57 ]
03-05 16:25:17.668   604   791 W IPCThreadState: Sending oneway calls to frozen process.
03-05 16:25:17.668   604   791 W IPCThreadState: Sending oneway calls to frozen process.
03-05 16:25:17.668   604   791 W IPCThreadState: Sending oneway calls to frozen process.
03-05 16:25:17.668   604   791 W IPCThreadState: Sending oneway calls to frozen process.
03-05 16:25:17.668  1442  1972 I BugleRcsEngine: handleMessage processing message:[NOTIFY_UPTIME_IGNORE_STATE_CHANGED] with [non-null]:RcsEngineImpl reference [CONTEXT log_prefix="RcsEngineImpl[DUAL_REG]:[96242b3c-43f2]>Handler" thread_id=63 ]
03-05 16:25:17.668   604   791 W IPCThreadState: Sending oneway calls to frozen process.
03-05 16:25:17.668   604   791 W IPCThreadState: Sending oneway calls to frozen process.
03-05 16:25:17.668   604   791 W IPCThreadState: Sending oneway calls to frozen process.
03-05 16:25:17.668   604   791 W IPCThreadState: Sending oneway calls to frozen process.
03-05 16:25:17.669   604   791 W IPCThreadState: Sending oneway calls to frozen process.
03-05 16:25:17.669   604   791 W IPCThreadState: Sending oneway calls to frozen process.
03-05 16:25:17.669   604   791 W IPCThreadState: Sending oneway calls to frozen process.
03-05 16:25:17.683  1442  1972 I BugleRcsEngine: No RCS Configuration was found in Bugle for simID: redacted-pii:sim_id[chars:20,last3:897] [CONTEXT log_prefix="ProvisioningEngineDataRetriever" thread_id=63 ]
03-05 16:25:17.797   604   627 I system_server: Background concurrent mark compact GC freed 23MB AllocSpace bytes, 11(220KB) LOS objects, 43% free, 30MB/54MB, paused 1.492ms,2.668ms total 128.071ms
03-05 16:25:17.804  1378  1378 I AiAiTextClassifier: onDestroyTextClassificationSession = TextClassificationSessionId {0c5efd24-beb5-4ba8-8ba2-1f862048f8a6}
03-05 16:25:17.810   604   629 W system_server: ApkAssets: Deleting an ApkAssets object '<empty> and /data/app/~~24hpfca9A3Y1_jSp8Dpi9w==/com.google.android.gms-qZ5_HNcULj6-WF8WpOByJQ==/base.apk' with 1 weak references
03-05 16:25:17.810   604   629 W system_server: ApkAssets: Deleting an ApkAssets object '<empty> and /data/app/~~24hpfca9A3Y1_jSp8Dpi9w==/com.google.android.gms-qZ5_HNcULj6-WF8WpOByJQ==/split_CronetDynamite_installtime.apk' with 1 weak references
03-05 16:25:17.810   604   629 W system_server: ApkAssets: Deleting an ApkAssets object '<empty> and /data/app/~~24hpfca9A3Y1_jSp8Dpi9w==/com.google.android.gms-qZ5_HNcULj6-WF8WpOByJQ==/split_DynamiteLoader_installtime.apk' with 1 weak references
03-05 16:25:17.810   604   629 W system_server: ApkAssets: Deleting an ApkAssets object '<empty> and /data/app/~~24hpfca9A3Y1_jSp8Dpi9w==/com.google.android.gms-qZ5_HNcULj6-WF8WpOByJQ==/split_DynamiteModulesA_installtime.apk' with 1 weak references
03-05 16:25:17.810   604   629 W system_server: ApkAssets: Deleting an ApkAssets object '<empty> and /data/app/~~24hpfca9A3Y1_jSp8Dpi9w==/com.google.android.gms-qZ5_HNcULj6-WF8WpOByJQ==/split_DynamiteModulesC_installtime.apk' with 1 weak references
03-05 16:25:17.810   604   629 W system_server: ApkAssets: Deleting an ApkAssets object '<empty> and /data/app/~~24hpfca9A3Y1_jSp8Dpi9w==/com.google.android.gms-qZ5_HNcULj6-WF8WpOByJQ==/split_GoogleCertificates_installtime.apk' with 1 weak references
03-05 16:25:17.811   604   629 W system_server: ApkAssets: Deleting an ApkAssets object '<empty> and /data/app/~~24hpfca9A3Y1_jSp8Dpi9w==/com.google.android.gms-qZ5_HNcULj6-WF8WpOByJQ==/split_MapsDynamite_installtime.apk' with 1 weak references
03-05 16:25:17.811   604   629 W system_server: ApkAssets: Deleting an ApkAssets object '<empty> and /data/app/~~24hpfca9A3Y1_jSp8Dpi9w==/com.google.android.gms-qZ5_HNcULj6-WF8WpOByJQ==/split_MeasurementDynamite_installtime.apk' with 1 weak references
03-05 16:25:17.811   604   629 W system_server: ApkAssets: Deleting an ApkAssets object '<empty> and /data/app/~~24hpfca9A3Y1_jSp8Dpi9w==/com.google.android.gms-qZ5_HNcULj6-WF8WpOByJQ==/split_config.en.apk' with 1 weak references
03-05 16:25:17.811   604   629 W system_server: ApkAssets: Deleting an ApkAssets object '<empty> and /data/app/~~24hpfca9A3Y1_jSp8Dpi9w==/com.google.android.gms-qZ5_HNcULj6-WF8WpOByJQ==/split_config.xxhdpi.apk' with 1 weak references
03-05 16:25:17.811   604   629 W System  : A resource failed to call HardwareBuffer.close. 
03-05 16:25:17.811   604   629 W System  : A resource failed to call release. 
03-05 16:25:23.680  1121  1131 I NullBinder: NullBinder for android.net.action.RECOMMEND_NETWORKS triggering remote TransactionTooLargeException due to Service without Chimera impl, calling uid: 1000, calling pid: 0
03-05 16:25:23.680  1121  1131 W .gms.persistent: Large reply transaction of 1056768 bytes, interface descriptor , code 1
03-05 16:25:23.681   604   791 W IPCThreadState: Sending oneway calls to frozen process.
03-05 16:25:23.682  1442  1779 I BugleRcsEngine: Connected state: [1], networkType: [WIFI] [CONTEXT thread_id=57 ]
03-05 16:25:23.682   604   791 W IPCThreadState: Sending oneway calls to frozen process.
03-05 16:25:23.682   604   791 W IPCThreadState: Sending oneway calls to frozen process.
03-05 16:25:23.682  1442  1972 I BugleRcsEngine: handleMessage processing message:[NOTIFY_UPTIME_IGNORE_STATE_CHANGED] with [non-null]:RcsEngineImpl reference [CONTEXT log_prefix="RcsEngineImpl[DUAL_REG]:[96242b3c-43f2]>Handler" thread_id=63 ]
03-05 16:25:23.682   604   791 W IPCThreadState: Sending oneway calls to frozen process.
03-05 16:25:23.682   604   791 W IPCThreadState: Sending oneway calls to frozen process.
03-05 16:25:23.682   604   791 W IPCThreadState: Sending oneway calls to frozen process.
03-05 16:25:23.683   604   791 W IPCThreadState: Sending oneway calls to frozen process.
03-05 16:25:23.683   604   791 W IPCThreadState: Sending oneway calls to frozen process.
03-05 16:25:23.683   604   791 W IPCThreadState: Sending oneway calls to frozen process.
03-05 16:25:23.683   604   791 W IPCThreadState: Sending oneway calls to frozen process.
03-05 16:25:23.683   604   791 W IPCThreadState: Sending oneway calls to frozen process.
03-05 16:25:23.683   604   791 W IPCThreadState: Sending oneway calls to frozen process.
03-05 16:25:23.683   604   791 W IPCThreadState: Sending oneway calls to frozen process.
03-05 16:25:23.684   604   791 W IPCThreadState: Sending oneway calls to frozen process.
03-05 16:25:23.684   604   791 W IPCThreadState: Sending oneway calls to frozen process.
03-05 16:25:23.684   604   791 W IPCThreadState: Sending oneway calls to frozen process.
03-05 16:25:23.684   604   791 W IPCThreadState: Sending oneway calls to frozen process.
03-05 16:25:23.684   604   791 W IPCThreadState: Sending oneway calls to frozen process.
03-05 16:25:23.684   604   791 W IPCThreadState: Sending oneway calls to frozen process.
03-05 16:25:23.684   604   791 W IPCThreadState: Sending oneway calls to frozen process.
03-05 16:25:23.684   604   791 W IPCThreadState: Sending oneway calls to frozen process.
03-05 16:25:23.684   604   791 W IPCThreadState: Sending oneway calls to frozen process.
03-05 16:25:23.684  1442  1972 I BugleRcsEngine: No RCS Configuration was found in Bugle for simID: redacted-pii:sim_id[chars:20,last3:897] [CONTEXT log_prefix="ProvisioningEngineDataRetriever" thread_id=63 ]
03-05 16:25:29.698  1442  1972 I BugleRcsEngine: handleMessage processing message:[NOTIFY_UPTIME_IGNORE_STATE_CHANGED] with [non-null]:RcsEngineImpl reference [CONTEXT log_prefix="RcsEngineImpl[DUAL_REG]:[96242b3c-43f2]>Handler" thread_id=63 ]
03-05 16:25:29.698   604   791 W IPCThreadState: Sending oneway calls to frozen process.
03-05 16:25:29.698  1442  1779 I BugleRcsEngine: Connected state: [1], networkType: [WIFI] [CONTEXT thread_id=57 ]
03-05 16:25:29.699   604   791 W IPCThreadState: Sending oneway calls to frozen process.
03-05 16:25:29.699   604   791 W IPCThreadState: Sending oneway calls to frozen process.
03-05 16:25:29.699   604   791 W IPCThreadState: Sending oneway calls to frozen process.
03-05 16:25:29.699   604   791 W IPCThreadState: Sending oneway calls to frozen process.
03-05 16:25:29.699   604   791 W IPCThreadState: Sending oneway calls to frozen process.
03-05 16:25:29.699   604   791 W IPCThreadState: Sending oneway calls to frozen process.
03-05 16:25:29.699   604   791 W IPCThreadState: Sending oneway calls to frozen process.
03-05 16:25:29.699   604   791 W IPCThreadState: Sending oneway calls to frozen process.
03-05 16:25:29.699  1121  2127 I NullBinder: NullBinder for android.net.action.RECOMMEND_NETWORKS triggering remote TransactionTooLargeException due to Service without Chimera impl, calling uid: 1000, calling pid: 0
03-05 16:25:29.700   604   791 W IPCThreadState: Sending oneway calls to frozen process.
03-05 16:25:29.700   604   791 W IPCThreadState: Sending oneway calls to frozen process.
03-05 16:25:29.700  1121  2127 W .gms.persistent: Large reply transaction of 1056768 bytes, interface descriptor , code 1
03-05 16:25:29.701   604   791 W IPCThreadState: Sending oneway calls to frozen process.
03-05 16:25:29.702   604   791 W IPCThreadState: Sending oneway calls to frozen process.
03-05 16:25:29.702   604   791 W IPCThreadState: Sending oneway calls to frozen process.
03-05 16:25:29.702   604   791 W IPCThreadState: Sending oneway calls to frozen process.
03-05 16:25:29.702   604   791 W IPCThreadState: Sending oneway calls to frozen process.
03-05 16:25:29.702   604   791 W IPCThreadState: Sending oneway calls to frozen process.
03-05 16:25:29.702   604   791 W IPCThreadState: Sending oneway calls to frozen process.
03-05 16:25:29.702   604   791 W IPCThreadState: Sending oneway calls to frozen process.
03-05 16:25:29.702   604   791 W IPCThreadState: Sending oneway calls to frozen process.
03-05 16:25:29.702   604   791 W IPCThreadState: Sending oneway calls to frozen process.
03-05 16:25:29.702   604   791 W IPCThreadState: Sending oneway calls to frozen process.
03-05 16:25:29.702  1442  1972 I BugleRcsEngine: No RCS Configuration was found in Bugle for simID: redacted-pii:sim_id[chars:20,last3:897] [CONTEXT log_prefix="ProvisioningEngineDataRetriever" thread_id=63 ]
03-05 16:25:32.706   604   791 W IPCThreadState: Sending oneway calls to frozen process.
03-05 16:25:32.706   604   791 W IPCThreadState: Sending oneway calls to frozen process.
03-05 16:25:32.706   604   791 W IPCThreadState: Sending oneway calls to frozen process.
03-05 16:25:32.706   604   791 W IPCThreadState: Sending oneway calls to frozen process.
03-05 16:25:32.706   604   791 W IPCThreadState: Sending oneway calls to frozen process.
03-05 16:25:32.706   604   791 W IPCThreadState: Sending oneway calls to frozen process.
03-05 16:25:32.706   604   791 W IPCThreadState: Sending oneway calls to frozen process.
