03-05 16:23:38.859  1281  1281 W Keyboard: Keyboard.getKeyboardViewHelper():604 null helper is returned: keyboardDef=nlc{processedConditions={}, globalConditions={global_theme_key=theme,!gsf,!pgsans,!pgsf,!use_system_font,BORDER,FLAVOR_DPI=XXHDPI,IS_LIGHT,KEYBOARD_WIDTH_CATEGORY=NORMAL,KEY_BORDER_SHAPE=1,LIGHT_THEME=true,PHYSICAL_DIAGONAL=6.225089,POPUP,SCREEN_SHORTEST_WIDTH=427,SCREEN_SHORTEST_WIDTH_NO_SCALE=427,SW400DP,XXHDPI,bottom4dp,enable_popup_on_keypress=true,keyboard_redesign_google_sans=true,non_linear_scale,noshadow,overlay_builtin_dynamic_color_light_base.binarypb:gm3-light-fffaf8ff-ff2a4174-24c2614f42d28deefdb4edcedd8f31ed,silkpopup, global_locale=en_US, global_density_dpi=480, global_orientation=1}, className=.latin.keyboard.AccessoryKeyboard, resourceIds=[#0x7f17004d], initialStates=0, keyboardViewDefs=[nlq{direction=null, id=#0x7f0b0225, isScalable=false, layoutId=#0x7f0e0031, type=FLOATING_CANDIDATES, touchable=true, defaultShow=false}], persistentStates=0, persistentStatesPrefKey=null, popupBubbleLayoutId=#0x7f0e0604, recentKeyLayoutId=#0x0, recentKeyPopupLayoutId=#0x0, recentKeyType=null, rememberRecentKey=NONE, sessionStates=0}, type=HEADER, helpersCreated={}, context.getResources().getConfiguration(): {1.0 310mcc260mnc [en_US] ldltr sw427dp w427dp h952dp 480dpi nrml long port finger qwerty/v/v dpad/v winConfig={ mBounds=Rect(0, 0 - 1280, 2856) mAppBounds=Rect(0, 0 - 1280, 2856) mMaxBounds=Rect(0, 0 - 1280, 2856) mDisplayRotation=ROTATION_0 mWindowingMode=fullscreen mActivityType=undefined mAlwaysOnTop=undefined mRotation=ROTATION_0} as.3 s.46 fontWeightAdjustment=0}
03-05 16:23:38.859  1281  1758 I SP      : Registering kc_tflite_model.2024052201, url: https://www.gstatic.com/android/keyboard/kc_triggering_model/superpacks-manifest-20240423_102657.json, constraints: W:*:*:*, flags: bg, requested: 2024052201, current: 2024052201
03-05 16:23:38.860  1281  1758 I SP      : Registering kc_tflite_model.2024052201, url: https://www.gstatic.com/android/keyboard/kc_triggering_model/superpacks-manifest-20240423_102657.json, constraints: W:*:*:*, flags: bg, requested: 2024052201, current: 2024052201
03-05 16:23:38.860  1281  1281 W KeyboardDef: KeyboardDef.getKeyboardViewDef():739 KeyboardViewDef is not found: keyboardDef=nlc{processedConditions={}, globalConditions={global_theme_key=theme,!gsf,!pgsans,!pgsf,!use_system_font,BORDER,FLAVOR_DPI=XXHDPI,IS_LIGHT,KEYBOARD_WIDTH_CATEGORY=NORMAL,KEY_BORDER_SHAPE=1,LIGHT_THEME=true,PHYSICAL_DIAGONAL=6.225089,POPUP,SCREEN_SHORTEST_WIDTH=427,SCREEN_SHORTEST_WIDTH_NO_SCALE=427,SW400DP,XXHDPI,bottom4dp,enable_popup_on_keypress=true,keyboard_redesign_google_sans=true,non_linear_scale,noshadow,overlay_builtin_dynamic_color_light_base.binarypb:gm3-light-fffaf8ff-ff2a4174-24c2614f42d28deefdb4edcedd8f31ed,silkpopup, global_locale=en_US, global_density_dpi=480, global_orientation=1}, className=.latin.keyboard.AccessoryKeyboard, resourceIds=[#0x7f17004d], initialStates=0, keyboardViewDefs=[nlq{direction=null, id=#0x7f0b0225, isScalable=false, layoutId=#0x7f0e0031, type=FLOATING_CANDIDATES, touchable=true, defaultShow=false}], persistentStates=0, persistentStatesPrefKey=null, popupBubbleLayoutId=#0x7f0e0604, recentKeyLayoutId=#0x0, recentKeyPopupLayoutId=#0x0, recentKeyType=null, rememberRecentKey=NONE, sessionStates=0}, type=BODY, id=2131427877
03-05 16:23:38.860  1281  1281 W Keyboard: Keyboard.getKeyboardViewHelper():604 null helper is returned: keyboardDef=nlc{processedConditions={}, globalConditions={global_theme_key=theme,!gsf,!pgsans,!pgsf,!use_system_font,BORDER,FLAVOR_DPI=XXHDPI,IS_LIGHT,KEYBOARD_WIDTH_CATEGORY=NORMAL,KEY_BORDER_SHAPE=1,LIGHT_THEME=true,PHYSICAL_DIAGONAL=6.225089,POPUP,SCREEN_SHORTEST_WIDTH=427,SCREEN_SHORTEST_WIDTH_NO_SCALE=427,SW400DP,XXHDPI,bottom4dp,enable_popup_on_keypress=true,keyboard_redesign_google_sans=true,non_linear_scale,noshadow,overlay_builtin_dynamic_color_light_base.binarypb:gm3-light-fffaf8ff-ff2a4174-24c2614f42d28deefdb4edcedd8f31ed,silkpopup, global_locale=en_US, global_density_dpi=480, global_orientation=1}, className=.latin.keyboard.AccessoryKeyboard, resourceIds=[#0x7f17004d], initialStates=0, keyboardViewDefs=[nlq{direction=null, id=#0x7f0b0225, isScalable=false, layoutId=#0x7f0e0031, type=FLOATING_CANDIDATES, touchable=true, defaultShow=false}], persistentStates=0, persistentStatesPrefKey=null, popupBubbleLayoutId=#0x7f0e0604, recentKeyLayoutId=#0x0, recentKeyPopupLayoutId=#0x0, recentKeyType=null, rememberRecentKey=NONE, sessionStates=0}, type=BODY, helpersCreated={}, context.getResources().getConfiguration(): {1.0 310mcc260mnc [en_US] ldltr sw427dp w427dp h952dp 480dpi nrml long port finger qwerty/v/v dpad/v winConfig={ mBounds=Rect(0, 0 - 1280, 2856) mAppBounds=Rect(0, 0 - 1280, 2856) mMaxBounds=Rect(0, 0 - 1280, 2856) mDisplayRotation=ROTATION_0 mWindowingMode=fullscreen mActivityType=undefined mAlwaysOnTop=undefined mRotation=ROTATION_0} as.3 s.46 fontWeightAdjustment=0}
03-05 16:23:38.860  1281  1919 I CrankEngineLocales: CrankEngineLocales.getLocaleToUseForCrankEngine():66 Using locale en_US for emoji prediction
03-05 16:23:38.864  1281  1281 I MotionEventHandlerManager: MotionEventHandlerManager.newHandlerInstance():562 Created handler instance from HiltMotionEventHandlerFactory com.google.android.libraries.inputmethod.motioneventhandler.BasicMotionEventHandler
03-05 16:23:38.864  1281  1919 I CrankEngineLocales: CrankEngineLocales.getLocaleToUseForCrankEngine():66 Using locale en_US for emoji prediction
03-05 16:23:38.864  1281  1919 I CrankEngineLocales: CrankEngineLocales.getLocaleToUseForCrankEngine():66 Using locale en_US for emoji prediction
03-05 16:23:38.866  1281  1281 I KeyboardModeUtils: KeyboardModeUtils.getKeyboardBottomOffset():435 inch: 0.000000 ydpi: 480.000000 adjustKeyboardBottomByDisplaySize: false currentDensityDpi: 480 defaultDensityDpi: 480 keyboardBottomToScreenPx: 0 keyboardBottomToNavBarPx: -72 navBarHeight: 72
03-05 16:23:38.866  1281  1758 I SP      : Registering bundled_delight.2025121000, url: null, constraints: *:*:*:*, flags: *, requested: 2025121000, current: 2025121000
03-05 16:23:38.867  1281  5919 I SuperDelight: SuperDelightManager$2.onSuccess():498 delight_overrides sync success, adding to data file manager
03-05 16:23:38.867  1281  1281 I BaseKeyboardSizeHelper: BaseKeyboardSizeHelper.calculateMaxKeyboardBodyHeight():73 leave 321 height for app when ime window height:2628, header height:132 and isFullscreenMode:false, so the max keyboard body height is:2175
03-05 16:23:38.868  1281  1281 I BaseKeyboardSizeHelper: BaseKeyboardSizeHelper.calculateMaxKeyboardBodyHeight():73 leave 321 height for app when ime window height:2628, header height:132 and isFullscreenMode:false, so the max keyboard body height is:2175
03-05 16:23:38.868  1281  1281 I BaseKeyboardSizeHelper: BaseKeyboardSizeHelper.calculateMaxKeyboardBodyHeight():73 leave 321 height for app when ime window height:2628, header height:132 and isFullscreenMode:false, so the max keyboard body height is:2175
03-05 16:23:38.868  1281  1281 I BaseKeyboardSizeHelper: BaseKeyboardSizeHelper.calculateMaxKeyboardBodyHeight():73 leave 321 height for app when ime window height:2628, header height:132 and isFullscreenMode:false, so the max keyboard body height is:2175
03-05 16:23:38.868  1281  1281 W ExtensionWrapper: ExtensionWrapper.setExtensionViewVisibility():876 interface nac is not activate
03-05 16:23:38.868  1281  5919 I SuperDelight: SuperDelightManager$2.onSuccess():498 delight_overrides sync success, adding to data file manager
03-05 16:23:38.869  1281  1281 I GlobeKeyExtension: GlobeKeyExtension.onActivate():120 
03-05 16:23:38.873  1281  1281 W AutoPasteSuggestionHelper: AutoPasteSuggestionHelper.setMaxWidthOfChipTextView():1078 Failed to get the width of the proactive suggestion view holder in HEADER.
03-05 16:23:38.875  1281  1281 W AutoPasteSuggestionHelper: AutoPasteSuggestionHelper.setMaxWidthOfChipTextView():1078 Failed to get the width of the proactive suggestion view holder in HEADER.
03-05 16:23:38.877  1281  1281 W AutoPasteSuggestionHelper: AutoPasteSuggestionHelper.setMaxWidthOfChipTextView():1078 Failed to get the width of the proactive suggestion view holder in WIDGET.
03-05 16:23:38.878  1281  1281 I ProactiveSuggestionsHolderManager: ProactiveSuggestionsHolderManager$displaySuggestionsListener$1.display():236 Requesting to show proactive suggestions: CLIPBOARD PREEMPTIVE_WITH_SUPPRESSION in HEADER
03-05 16:23:38.878  1281  1281 I ProactiveSuggestionsHolderManager: ProactiveSuggestionsHolderManager$displaySuggestionsListener$1.display():258 suggestions CLIPBOARD are pending to show on HEADER
03-05 16:23:38.878  1281  1281 I ProactiveSuggestionsHolderManager: ProactiveSuggestionsHolderManager$displaySuggestionsListener$1.display():236 Requesting to show proactive suggestions: CLIPBOARD PREEMPTIVE_WITH_SUPPRESSION in FLOATING_CANDIDATES
03-05 16:23:38.878  1281  1281 I ProactiveSuggestionsHolderManager: ProactiveSuggestionsHolderManager$displaySuggestionsListener$1.display():258 suggestions CLIPBOARD are pending to show on FLOATING_CANDIDATES
03-05 16:23:38.878  1281  1281 I ProactiveSuggestionsHolderManager: ProactiveSuggestionsHolderManager$displaySuggestionsListener$1.display():236 Requesting to show proactive suggestions: CLIPBOARD PREEMPTIVE_WITH_SUPPRESSION in WIDGET
03-05 16:23:38.878  1281  1281 I ProactiveSuggestionsHolderManager: ProactiveSuggestionsHolderManager$displaySuggestionsListener$1.display():258 suggestions CLIPBOARD are pending to show on WIDGET
03-05 16:23:38.879  1281  1281 I HardKeyTracker: HardKeyTracker.unregisterKeySequence():229 Unregister key sequence ohy{labelResId=2132020485, callback=cti@6487a70, lastModifier=2, keyCodes=[56], actions=[0]}
03-05 16:23:38.879  1281  1281 I HardKeyTracker: HardKeyTracker.unregisterKeySequence():229 Unregister key sequence ohy{labelResId=2132020485, callback=cti@4ca71e9, lastModifier=0, keyCodes=[317], actions=[0]}
03-05 16:23:38.879  1281  1281 I HardKeyTracker: HardKeyTracker.registerKeySequence():178 Register key sequence ohy{labelResId=2132020485, callback=cti@c36f4c9, lastModifier=2, keyCodes=[56], actions=[0]}
03-05 16:23:38.879  1281  1281 I HardKeyTracker: HardKeyTracker.registerKeySequence():178 Register key sequence ohy{labelResId=2132020485, callback=cti@e71a7ce, lastModifier=0, keyCodes=[317], actions=[0]}
03-05 16:23:38.879  1281  1281 W AccessPointsManager: AccessPointsManager.addAccessPoint():1084 The holder controller #0x7f0b246c is not registered
03-05 16:23:38.881  1281  1281 I VoiceInputManagerWrapper: VoiceInputManagerWrapper.cancelShutdown():109 cancelShutdown()
03-05 16:23:38.881  1281  1281 I VoiceInputManagerWrapper: VoiceInputManagerWrapper.syncLanguagePacks():121 syncLanguagePacks()
03-05 16:23:38.881  1281  1281 I VoiceInputManager: VoiceInputManager.onKeyboardActivated():1215 onKeyboardActivated() [UD]
03-05 16:23:38.882  1281  1281 I Module  : DeviceLockedStatusModuleProvider$Module.updateDeviceLockedStatus():103 repeatCheckTimes = 1, locked = false
03-05 16:23:38.882  1281  1281 I HardKeyTracker: HardKeyTracker.unregisterKeySequence():229 Unregister key sequence ohy{labelResId=2132020485, callback=cti@a543e8d, lastModifier=2, keyCodes=[56], actions=[0]}
03-05 16:23:38.882  1281  1281 I HardKeyTracker: HardKeyTracker.unregisterKeySequence():229 Unregister key sequence ohy{labelResId=2132020485, callback=cti@efbc842, lastModifier=0, keyCodes=[317], actions=[0]}
03-05 16:23:38.882  1281  1281 I HardKeyTracker: HardKeyTracker.registerKeySequence():178 Register key sequence ohy{labelResId=2132020485, callback=cti@a224f3d, lastModifier=2, keyCodes=[56], actions=[0]}
03-05 16:23:38.883  1281  1281 I HardKeyTracker: HardKeyTracker.registerKeySequence():178 Register key sequence ohy{labelResId=2132020485, callback=cti@aee8332, lastModifier=0, keyCodes=[317], actions=[0]}
03-05 16:23:38.883  1281  1281 I HardKeyTracker: HardKeyTracker.unregisterKeySequence():229 Unregister key sequence ohy{labelResId=2132020489, callback=cti@da1a404, lastModifier=2, keyCodes=[48], actions=[0]}
03-05 16:23:38.884  1281  5216 I SpeechFactory: SpeechRecognitionFactory.maybeScheduleAutoPackDownloadForFallback():217 maybeScheduleAutoPackDownloadForFallback()
03-05 16:23:38.884  1281  1281 I HardKeyTracker: HardKeyTracker.registerKeySequence():178 Register key sequence ohy{labelResId=2132020489, callback=cti@e334883, lastModifier=2, keyCodes=[48], actions=[0]}
03-05 16:23:38.884  1281  5216 I FallbackOnDeviceRecognitionProvider: FallbackOnDeviceRecognitionProvider.maybeScheduleAutoPackDownload():213 maybeScheduleAutoPackDownload() for language tag en-US
03-05 16:23:38.885  1281  1281 I HardKeyTracker: HardKeyTracker.unregisterKeySequence():229 Unregister key sequence ohy{labelResId=2132020489, callback=cti@a5ac422, lastModifier=2, keyCodes=[48], actions=[0]}
03-05 16:23:38.885  1281  1281 I HardKeyTracker: HardKeyTracker.registerKeySequence():178 Register key sequence ohy{labelResId=2132020489, callback=cti@43ffa00, lastModifier=2, keyCodes=[48], actions=[0]}
03-05 16:23:38.885  1281  1281 W AccessPointsManager: AccessPointsManager.addAccessPoint():1084 The holder controller #0x7f0b246c is not registered
03-05 16:23:38.886  1281  1281 I VoiceImeExtension: VoiceImeExtension.shouldStartVoiceInputAutomaticallyInCurrentInputBox():384 No private IME option set to start voice input.
03-05 16:23:38.887  1281  1281 I HardKeyTracker: HardKeyTracker.unregisterKeySequence():229 Unregister key sequence ohy{labelResId=2132020490, callback=cti@7623443, lastModifier=2, keyCodes=[32], actions=[0]}
03-05 16:23:38.887  1281  1281 I HardKeyTracker: HardKeyTracker.registerKeySequence():178 Register key sequence ohy{labelResId=2132020490, callback=cti@5d7e9df, lastModifier=2, keyCodes=[32], actions=[0]}
03-05 16:23:38.888  1281  1281 I HardKeyTracker: HardKeyTracker.unregisterKeySequence():229 Unregister key sequence ohy{labelResId=2132020490, callback=cti@6f9d3f9, lastModifier=2, keyCodes=[32], actions=[0]}
03-05 16:23:38.888  1281  1281 I HardKeyTracker: HardKeyTracker.registerKeySequence():178 Register key sequence ohy{labelResId=2132020490, callback=cti@7aab62c, lastModifier=2, keyCodes=[32], actions=[0]}
03-05 16:23:38.888  1281  1281 I HardKeyTracker: HardKeyTracker.unregisterKeySequence():229 Unregister key sequence ohy{labelResId=2132020490, callback=cti@82dca7e, lastModifier=2, keyCodes=[32], actions=[0]}
03-05 16:23:38.888  1281  1281 I HardKeyTracker: HardKeyTracker.registerKeySequence():178 Register key sequence ohy{labelResId=2132020490, callback=cti@93928f5, lastModifier=2, keyCodes=[32], actions=[0]}
03-05 16:23:38.890  1281  5861 I SystemHapticSettings: SystemHapticSettings.updateSystemVibrationState():61 update vibration state: true
03-05 16:23:38.905  1281  5914 I FetchBundledResourceTask: FetchBundledResourceTask.execute():71 Successfully copied file from /data/user/0/com.google.android.inputmethod.latin/files/emoji_superpacks_manifest_20250115185814.json to /data/user/0/com.google.android.inputmethod.latin/files/superpacks/manifests/bundled_emoji-2025011518.fetched.
03-05 16:23:38.911  1281  5918 I SuperDelight: SuperDelightManager.syncBundledLanguageModels():695 SuperDelightManager#syncBundledLanguageModels(): Syncing for version 2025121000
03-05 16:23:38.918  1281  1919 I CrankEngineLocales: CrankEngineLocales.getLocaleToUseForCrankEngine():66 Using locale en_US for emoji prediction
03-05 16:23:38.919  1281  1919 I CrankEngineLocales: CrankEngineLocales.getLocaleToUseForCrankEngine():66 Using locale en_US for emoji prediction
03-05 16:23:38.919  1281  1281 I StylusModule: StylusModule.onUpdateToolType():774 Update tool type = 0
03-05 16:23:38.921  5369  5369 I ImeTracker: host.exp.exponent:cde8a3cb: onRequestHide at ORIGIN_CLIENT reason HIDE_SOFT_INPUT fromUser false
03-05 16:23:38.922  1281  1281 I GoogleInputMethodService: GoogleInputMethodService.onFinishInputView():1601 onFinishInputView(false)
03-05 16:23:38.923  5369  5369 D InsetsController: show(ime(), fromIme=true)
03-05 16:23:38.923  5369  5369 I ImeTracker: host.exp.exponent:74b84d9c: onCancelled at PHASE_CLIENT_APPLY_ANIMATION
03-05 16:23:38.923  1281  1281 W ExtensionWrapper: ExtensionWrapper.setAllowUpdateNavigationBarStyle():885 class kmb is not activate
03-05 16:23:38.924  1281  1281 W ExtensionWrapper: ExtensionWrapper.setAllowUpdateNavigationBarStyle():885 class kmb is not activate
03-05 16:23:38.925  1281  1281 W TooltipLifecycleManager: TooltipLifecycleManager.dismissTooltips():153 Tooltip with id spell_check_add_to_dictionary not found in tooltipManager.
03-05 16:23:38.925  1281  1281 I GlobeKeyExtension: GlobeKeyExtension.onDeactivate():144 
03-05 16:23:38.925  5369  5369 D InsetsController: hide(ime(), fromIme=true)
03-05 16:23:38.925  1281  1281 I VoiceInputManagerWrapper: VoiceInputManagerWrapper.shutdown():131 shutdown()
03-05 16:23:38.926  1281  1281 I InputBundle: InputBundle.consumeEvent():1041 Skip consuming an event as keyboard status is INACTIVE
03-05 16:23:38.929  1281  1281 I AndroidIME: AbstractIme.onDeactivate():213 LatinIme.onDeactivate()
03-05 16:23:38.933  1281  1281 I PrimesLoggerHolder: FrameMetricServiceImpl.stopAsFuture():239 Measurement not found: OnConfigurationChanged
03-05 16:23:38.933  1281  1798 I NebulaeTrainingCacheMetricsProcessor: NebulaeTrainingCacheMetricsProcessor.processEndSession():568 End training cache session: /
03-05 16:23:38.934  1281  1281 I WindowMetricsNotification: WindowMetricsNotification.notifyWithWindow():166 
03-05 16:23:38.934  1281  1281 I WindowMetricsNotification: WindowMetricsNotification.notify():159 qjg[bounds=Rect(0, 156 - 1280, 2856), insets=Rect(0, 0 - 0, 72), densityDpi=480, smallestScreenWidthDp=427, displayWidth=1280, displayHeight=2856, xdpi=480.0, ydpi=480.0, isTrustable=true, displayId=0]; DisplayMetrics{density=3.0, width=1280, height=2856, scaledDensity=3.0, xdpi=480.0, ydpi=480.0}
03-05 16:23:38.938   887   998 D WindowManagerShell: onKeepClearAreasChanged: restricted={}, unrestricted={}
03-05 16:23:38.938  5369  5369 D InsetsController: hide(ime(), fromIme=true)
03-05 16:23:38.938  5369  5369 I ImeTracker: host.exp.exponent:cde8a3cb: onCancelled at PHASE_CLIENT_APPLY_ANIMATION
03-05 16:23:38.942  1281  1281 I GoogleInputMethodService: GoogleInputMethodService$1.onKeyboardViewShown():331 onKeyboardViewShown: keyboardType=accessory, keyboardViewType=HEADER keyboardView=null
03-05 16:23:38.942  1281  1281 W Keyboard: Keyboard.getKeyboardViewHelper():604 null helper is returned: keyboardDef=nlc{processedConditions={}, globalConditions={}, className=com.google.android.libraries.inputmethod.keyboard.impl.Keyboard, resourceIds=[#0x7f17004e], initialStates=0, keyboardViewDefs=[], persistentStates=0, persistentStatesPrefKey=null, popupBubbleLayoutId=#0x0, recentKeyLayoutId=#0x0, recentKeyPopupLayoutId=#0x0, recentKeyType=null, rememberRecentKey=NONE, sessionStates=0}, type=BODY, helpersCreated={}, context.getResources().getConfiguration(): {1.0 310mcc260mnc [en_US] ldltr sw427dp w427dp h952dp 480dpi nrml long port finger qwerty/v/v dpad/v winConfig={ mBounds=Rect(0, 0 - 1280, 2856) mAppBounds=Rect(0, 0 - 1280, 2856) mMaxBounds=Rect(0, 0 - 1280, 2856) mDisplayRotation=ROTATION_0 mWindowingMode=fullscreen mActivityType=undefined mAlwaysOnTop=undefined mRotation=ROTATION_0} as.3 s.46 fontWeightAdjustment=0}
03-05 16:23:38.942  1281  1281 I GoogleInputMethodService: GoogleInputMethodService$1.onKeyboardViewShown():331 onKeyboardViewShown: keyboardType=accessory, keyboardViewType=BODY keyboardView=null
03-05 16:23:38.942  1281  1281 W Keyboard: Keyboard.getKeyboardViewHelper():604 null helper is returned: keyboardDef=nlc{processedConditions={}, globalConditions={}, className=com.google.android.libraries.inputmethod.keyboard.impl.Keyboard, resourceIds=[#0x7f17004e], initialStates=0, keyboardViewDefs=[], persistentStates=0, persistentStatesPrefKey=null, popupBubbleLayoutId=#0x0, recentKeyLayoutId=#0x0, recentKeyPopupLayoutId=#0x0, recentKeyType=null, rememberRecentKey=NONE, sessionStates=0}, type=BODY, helpersCreated={}, context.getResources().getConfiguration(): {1.0 310mcc260mnc [en_US] ldltr sw427dp w427dp h952dp 480dpi nrml long port finger qwerty/v/v dpad/v winConfig={ mBounds=Rect(0, 0 - 1280, 2856) mAppBounds=Rect(0, 0 - 1280, 2856) mMaxBounds=Rect(0, 0 - 1280, 2856) mDisplayRotation=ROTATION_0 mWindowingMode=fullscreen mActivityType=undefined mAlwaysOnTop=undefined mRotation=ROTATION_0} as.3 s.46 fontWeightAdjustment=0}
03-05 16:23:38.946  1281  1913 D EGL_emulation: app_time_stats: avg=54.10ms min=1.63ms max=1175.51ms count=27
03-05 16:23:38.956  1281  5919 I SuperDelight: SuperDelightManager.syncBundledLanguageModels():695 SuperDelightManager#syncBundledLanguageModels(): Syncing for version 2025121000
03-05 16:23:38.961  1185  1539 D EGL_emulation: app_time_stats: avg=301668.41ms min=8.35ms max=603328.50ms count=2
03-05 16:23:38.967  1281  1925 E native  : E0000 00:00:1772702618.967250    1925 user_feature_processor.h:75] Processing proto failed: The keyboard layout are not set.
03-05 16:23:38.968  1281  1925 E native  : E0000 00:00:1772702618.968099    1925 user_feature_processor.h:75] Processing proto failed: The keyboard layout are not set.
03-05 16:23:38.969  1281  1925 E native  : E0000 00:00:1772702618.969724    1925 user_feature_processor.h:75] Processing proto failed: The keyboard layout are not set.
03-05 16:23:38.970  1281  1925 E native  : E0000 00:00:1772702618.970730    1925 user_feature_processor.h:75] Processing proto failed: The keyboard layout are not set.
03-05 16:23:38.970  1281  1925 E native  : E0000 00:00:1772702618.970935    1925 user_feature_processor.h:75] Processing proto failed: The keyboard layout are not set.
03-05 16:23:39.017  1281  1758 I EmojiSlicingStrategy: EmojiSlicingStrategy.matchEnabledLocalesWithPackLocales():129 matchEnabledLocalesWithPackLocales() : User enabled 1 locales; returning 1 slices
03-05 16:23:39.018  1281  1758 I SP      : Syncing emoji (2025081522) with slices: [{62a32c6ad94db1ab86cebbe06b49eb2a, m:*:*:*}], metadata: false
03-05 16:23:39.020  1281  1758 I SP      : Syncing kc_tflite_model (2024052201) with slices: [{tflite-kc-en_us_key_pair-20240423_102657, m:*:*:*}], metadata: false
03-05 16:23:39.020  1281  1919 I CrankEngineLocales: CrankEngineLocales.getLocaleToUseForCrankEngine():66 Using locale en_US for emoji prediction
03-05 16:23:39.027  1281  1758 I SP      : Syncing kc_tflite_model (2024052201) with slices: [{tflite-kc-en_us_key_pair-20240423_102657, m:*:*:*}], metadata: false
03-05 16:23:39.027  1281  1758 I SP      : Syncing kc_tflite_model (2024052201) with slices: [{tflite-kc-en_us_key_pair-20240423_102657, m:*:*:*}], metadata: false
03-05 16:23:39.028  1281  1758 I SP      : Syncing kc_tflite_model (2024052201) with slices: [{tflite-kc-en_us_key_pair-20240423_102657, m:*:*:*}], metadata: false
03-05 16:23:39.029  1281  1758 I SP      : Syncing kc_tflite_model (2024052201) with slices: [{tflite-kc-en_us_key_pair-20240423_102657, m:*:*:*}], metadata: false
03-05 16:23:39.062  1281  1291 I putmethod.latin: Background concurrent mark compact GC freed 9215KB AllocSpace bytes, 35(1504KB) LOS objects, 49% free, 11MB/23MB, paused 1.468ms,4.429ms total 232.227ms
03-05 16:23:39.088  1281  1293 W SP      : File ref is being finalized but wasn't closed, file: 2020031023_en[5]
03-05 16:23:39.088  1281  1293 W SP      : File ref is being finalized but wasn't closed, file: 2020031023_en[5]
03-05 16:23:39.088  1281  1293 W SP      : File ref is being finalized but wasn't closed, file: 2020031023_en[5]
03-05 16:23:39.088  1281  1293 W SP      : File ref is being finalized but wasn't closed, file: 2020031023_en[5]
03-05 16:23:39.089  1281  1293 W SP      : File ref is being finalized but wasn't closed, file: tflite-nwp-756c50035b995cfb0f7e8feb7d1b10ee[3]
03-05 16:23:39.089  1281  1293 W SP      : File ref is being finalized but wasn't closed, file: 2023012316_en[5]
03-05 16:23:39.089  1281  1293 W SP      : File ref is being finalized but wasn't closed, file: 2023012316_en[5]
03-05 16:23:39.095  1281  1917 W native  : W0000 00:00:1772702619.094899    1917 fst-model-loader.cc:866] The section id=0x0x4000000000 is not recognized. Skipping.
03-05 16:23:39.116  1281  1917 I Delight5Decoder: Delight5DecoderWrapper.loadLanguageModel():797 Loaded main LM 1.en
03-05 16:23:39.117  1281  1917 I Delight5Decoder: Delight5DecoderWrapper.loadLanguageModel():771 loadLanguageModel() : 7, version [n/a]
03-05 16:23:39.117  1281  1917 I native  : I0000 00:00:1772702619.117947    1917 blocklist-assembly.cc:126] LoadBlocklist en
03-05 16:23:39.121  1281  1917 I Delight5Decoder: Delight5DecoderWrapper.loadLanguageModel():816 Loaded dynamic LM 7.en
03-05 16:23:39.121  1281  1917 I Delight5Decoder: Delight5DecoderWrapper.loadLanguageModel():771 loadLanguageModel() : 4, version [n/a]
03-05 16:23:39.124  1281  1917 I Delight5Decoder: Delight5DecoderWrapper.loadLanguageModel():816 Loaded dynamic LM 4.en
03-05 16:23:39.125  1281  1917 I Delight5Decoder: Delight5DecoderWrapper.loadLanguageModel():771 loadLanguageModel() : 3, version [n/a]
03-05 16:23:39.126  1281  1758 I SuperDelight: SuperDelightBundledSlicingStrategy.getSlices():41 BundledSlicing#getSlices() : Locale = [en_US]
03-05 16:23:39.126  1281  1758 I SuperDelight: SuperDelightBundledSlicingStrategy.getSlices():67 BundledSlicing#getSlices(): result {slices=[bundled_delight:main_en_us_2025090100_2], last batch=true, sync metadata=false}
03-05 16:23:39.126  1281  1758 I SP      : Syncing bundled_delight (2025121000) with slices: [main_en_us_2025090100_2], metadata: false
03-05 16:23:39.128  1281  1917 I Delight5Decoder: Delight5DecoderWrapper.loadLanguageModel():816 Loaded dynamic LM 3.en
03-05 16:23:39.138  5369  5369 I ImeTracker: host.exp.exponent:965afced: onRequestHide at ORIGIN_CLIENT reason HIDE_SOFT_INPUT_ON_ANIMATION_STATE_CHANGED fromUser false
03-05 16:23:39.139   604   747 I ImeTracker: host.exp.exponent:965afced: onCancelled at PHASE_SERVER_SHOULD_HIDE
03-05 16:23:39.139  1281  1919 I CrankEngineLocales: CrankEngineLocales.getLocaleToUseForCrankEngine():66 Using locale en_US for emoji prediction
03-05 16:23:39.140  5369  5369 I ImeTracker: host.exp.exponent:3aec5e0: onHidden
03-05 16:23:39.161  1281  1917 W Delight5Decoder: Delight5DecoderWrapper.shouldAbandonMessage():2301 Detected old [FetchSuggestions] request in background: 4<5
03-05 16:23:39.166  1281  1758 I SuperDelight: SuperDelightBundledSlicingStrategy.getSlices():41 BundledSlicing#getSlices() : Locale = [en_US]
03-05 16:23:39.166  1281  1758 I SuperDelight: SuperDelightBundledSlicingStrategy.getSlices():67 BundledSlicing#getSlices(): result {slices=[bundled_delight:main_en_us_2025090100_2], last batch=true, sync metadata=false}
03-05 16:23:39.166  1281  1758 I SP      : Syncing bundled_delight (2025121000) with slices: [main_en_us_2025090100_2], metadata: false
03-05 16:23:39.190  1281  1758 I SP      : GC for 'kc_tflite_model' (10) with ttl of 0 ms took 0 ms (0/0/0)
03-05 16:23:39.191  1281  1758 I SP      : GC for 'kc_tflite_model' (10) with ttl of 0 ms took 0 ms (0/0/0)
03-05 16:23:39.191  1281  1758 I SP      : GC for 'kc_tflite_model' (10) with ttl of 0 ms took 0 ms (0/0/0)
03-05 16:23:39.191  1281  1758 I SP      : GC for 'kc_tflite_model' (10) with ttl of 0 ms took 0 ms (0/0/0)
03-05 16:23:39.192  1281  1758 I AbstractSyncResultCallback: AbstractSyncResultCallback.onFailure():38 onFailure(): kc_tflite_model.sync cancelled; expected if new request supersedes pending one.
03-05 16:23:39.193  1281  1758 I AbstractSyncResultCallback: AbstractSyncResultCallback.onFailure():38 onFailure(): kc_tflite_model.sync cancelled; expected if new request supersedes pending one.
03-05 16:23:39.193  1281  1758 I AbstractSyncResultCallback: AbstractSyncResultCallback.onFailure():38 onFailure(): kc_tflite_model.sync cancelled; expected if new request supersedes pending one.
03-05 16:23:39.193  1281  1758 I AbstractSyncResultCallback: AbstractSyncResultCallback.onFailure():38 onFailure(): kc_tflite_model.sync cancelled; expected if new request supersedes pending one.
03-05 16:23:39.227  1281  1758 I SP      : Successfully got manifest for bundled_emoji-manifest: manifests:bundled_emoji-2025011518
03-05 16:23:39.268  1281  1917 I Delight5Decoder: Delight5DecoderWrapper.setKeyboardLayout():548 setKeyboardLayout()
03-05 16:23:39.296  1281  1758 I SP      : GC for 'bundled_delight' (10) with ttl of 0 ms took 0 ms (0/0/0)
03-05 16:23:39.297  1281  1758 I LmManager: LmManager$1.onFailure():89 Bundled delight sync failed
03-05 16:23:39.297  1281  1758 I LmManager: java.util.concurrent.CancellationException: Task was cancelled.
03-05 16:23:39.297  1281  1758 I LmManager: 	at uaw.i(PG:33)
03-05 16:23:39.297  1281  1758 I LmManager: 	at ube.r(PG:24)
03-05 16:23:39.297  1281  1758 I LmManager: 	at uaw.get(PG:1)
03-05 16:23:39.297  1281  1758 I LmManager: 	at a.n(PG:2)
03-05 16:23:39.297  1281  1758 I LmManager: 	at ucv.run(PG:92)
03-05 16:23:39.297  1281  1758 I LmManager: 	at uce.execute(PG:1)
03-05 16:23:39.297  1281  1758 I LmManager: 	at uaw.g(PG:1)
03-05 16:23:39.297  1281  1758 I LmManager: 	at uaw.l(PG:99)
03-05 16:23:39.297  1281  1758 I LmManager: 	at uaw.q(PG:26)
03-05 16:23:39.297  1281  1758 I LmManager: 	at uca.c(PG:5)
03-05 16:23:39.297  1281  1758 I LmManager: 	at ucc.e(PG:6)
03-05 16:23:39.297  1281  1758 I LmManager: 	at udg.run(PG:73)
03-05 16:23:39.297  1281  1758 I LmManager: 	at java.util.concurrent.Executors$RunnableAdapter.call(Executors.java:487)
03-05 16:23:39.297  1281  1758 I LmManager: 	at java.util.concurrent.FutureTask.run(FutureTask.java:264)
03-05 16:23:39.297  1281  1758 I LmManager: 	at lhr.run(PG:8)
03-05 16:23:39.297  1281  1758 I LmManager: 	at java.util.concurrent.ThreadPoolExecutor.runWorker(ThreadPoolExecutor.java:1145)
03-05 16:23:39.297  1281  1758 I LmManager: 	at java.util.concurrent.ThreadPoolExecutor$Worker.run(ThreadPoolExecutor.java:644)
03-05 16:23:39.297  1281  1758 I LmManager: 	at java.lang.Thread.run(Thread.java:1012)
03-05 16:23:39.297  1281  1758 I LmManager: 	at lhb.run(PG:8)
03-05 16:23:39.297  1281  1758 I AbstractSyncResultCallback: AbstractSyncResultCallback.onFailure():38 onFailure(): bundled_delight.sync cancelled; expected if new request supersedes pending one.
03-05 16:23:39.299  1281  1758 I SP      : Sync for emoji succeeded in 343 ms: {added: [62a32c6ad94db1ab86cebbe06b49eb2a], metadata: false
03-05 16:23:39.325  1281  1758 I SP      : Sync for kc_tflite_model succeeded in 328 ms: no changes
03-05 16:23:39.325  1281  5919 I SuperDelight: SuperDelightManager$2.onSuccess():498 bundled_delight sync success, adding to data file manager
03-05 16:23:39.325  1281  5919 I DataFileManager: DataFileManager.removeDataWithoutNotify():222 removing data en-US bundled_delight
03-05 16:23:39.325  1281  1758 I SP      : GC for 'emoji' (10) with ttl of 0 ms took 0 ms (0/0/0)
03-05 16:23:39.343  1281  1758 I SP      : GC for 'kc_tflite_model' (10) with ttl of 0 ms took 0 ms (0/0/0)
03-05 16:23:39.343  1281  1758 I EmojiSlicingStrategy: EmojiSlicingStrategy.matchEnabledLocalesWithPackLocales():129 matchEnabledLocalesWithPackLocales() : User enabled 1 locales; returning 1 slices
03-05 16:23:39.343  1281  1758 I SP      : Syncing bundled_emoji (2025011518) with slices: [{2b8bc459159046c494d928dec1c678ff, m:*:*:*}], metadata: false
03-05 16:23:39.346  1281  5914 I EmojiSuperpacksManager: EmojiSuperpacksManager.processPackSet():566 processPackSet() : isBundled = false
03-05 16:23:39.346  1281  1919 I EmojiShortcutsLoader: EmojiShortcutsLoader.getEmojiShortcuts():135 Reading en_US emoji shortcuts
03-05 16:23:39.352  1281  1919 I EmojiShortcutsLoader: EmojiShortcutsLoader.getEmojiShortcuts():156 Read en_US emoji shortcuts successfully.
03-05 16:23:39.354  1281  1919 I EmojiShortcutsLoader: EmojiShortcutsLoader.call():71 1 emoji shortcut maps loaded.
03-05 16:23:39.358  1281  1919 I EmojiShortcutsLoader: EmojiShortcutsLoader.call():82 Finished loading emoji shortcuts
03-05 16:23:39.393  1281  1758 I SP      : Sync for bundled_delight succeeded in 229 ms: {added: [main_en_us_2025090100_2], metadata: false
03-05 16:23:39.395  1281  5914 I FetchBundledResourceTask: FetchBundledResourceTask.execute():71 Successfully copied file from /data/user/0/com.google.android.inputmethod.latin/files/emoji_en_us_20250115185814.zip to /data/user/0/com.google.android.inputmethod.latin/files/superpacks/bundled_emoji/2b8bc459159046c494d928dec1c678ff.zip.fetched.
03-05 16:23:39.433  1281  1758 I SP      : GC for 'bundled_delight' (10) with ttl of 0 ms took 0 ms (0/0/0)
03-05 16:23:39.433  1281  1758 I LmManager: LmManager$1.onSuccess():84 Bundled delight sync success
03-05 16:23:39.434  1281  5918 I SuperDelight: SuperDelightManager$2.onSuccess():498 bundled_delight sync success, adding to data file manager
03-05 16:23:39.435  1281  5918 I DataFileManager: DataFileManager.addDataWithoutNotify():188 adding data en-US bundled_delight
03-05 16:23:39.505  1281  1758 I SP      : Sync for bundled_emoji succeeded in 180 ms: {added: [2b8bc459159046c494d928dec1c678ff], removed: [7b9ddb0b8c001e17cee03b1edf554b20], metadata: false
03-05 16:23:39.539  1281  1758 I SP      : GC for 'bundled_emoji' (10) with ttl of 0 ms took 0 ms (0/0/0)
03-05 16:23:39.541  1281  5914 I EmojiSuperpacksManager: EmojiSuperpacksManager.processPackSet():566 processPackSet() : isBundled = true
03-05 16:23:39.541  1281  1919 I EmojiShortcutsLoader: EmojiShortcutsLoader.getEmojiShortcuts():135 Reading en_US emoji shortcuts
03-05 16:23:39.545  1281  1919 I EmojiShortcutsLoader: EmojiShortcutsLoader.getEmojiShortcuts():156 Read en_US emoji shortcuts successfully.
03-05 16:23:39.547  1281  1919 I EmojiShortcutsLoader: EmojiShortcutsLoader.call():71 1 emoji shortcut maps loaded.
03-05 16:23:39.548  1281  1919 I EmojiShortcutsLoader: EmojiShortcutsLoader.call():82 Finished loading emoji shortcuts
03-05 16:23:39.689  5369  5429 D EGL_emulation: app_time_stats: avg=200.54ms min=15.61ms max=501.46ms count=5
03-05 16:23:39.691   426   426 D audioserver: logFgsApiBegin: FGS Logger Transaction failed, -129
03-05 16:23:39.691   604  1677 W AS.PlaybackActivityMon: No piid assigned for invalid/internal port id 15
03-05 16:23:39.721   426   555 D AudioFlinger: mixer(0x704fdbf7a8e0) throttle end: throttle time(33)
03-05 16:23:39.795  5369  5926 D TrafficStats: tagSocket(187) with statsTag=0xffffffff, statsUid=-1
03-05 16:23:39.930   426   555 D audioserver: logFgsApiEnd: FGS Logger Transaction failed, -129
03-05 16:23:40.184  5369  5898 W ReactNativeJS: '[Layout children]: No route named "buildings" exists in nested children:', [ 'dashboard',
03-05 16:23:40.184  5369  5898 W ReactNativeJS:   'index',
03-05 16:23:40.184  5369  5898 W ReactNativeJS:   'bills',
03-05 16:23:40.184  5369  5898 W ReactNativeJS:   'buildings/edit',
03-05 16:23:40.184  5369  5898 W ReactNativeJS:   'buildings/index',
03-05 16:23:40.184  5369  5898 W ReactNativeJS:   'buildings/new',
03-05 16:23:40.184  5369  5898 W ReactNativeJS:   'contracts',
03-05 16:23:40.184  5369  5898 W ReactNativeJS:   'issues/[id]',
03-05 16:23:40.184  5369  5898 W ReactNativeJS:   'issues/index',
03-05 16:23:40.184  5369  5898 W ReactNativeJS:   'issues/new',
03-05 16:23:40.184  5369  5898 W ReactNativeJS:   'notifications/[id]',
03-05 16:23:40.184  5369  5898 W ReactNativeJS:   'notifications/index',
03-05 16:23:40.184  5369  5898 W ReactNativeJS:   'notifications/new',
03-05 16:23:40.184  5369  5898 W ReactNativeJS:   'readings',
03-05 16:23:40.184  5369  5898 W ReactNativeJS:   'rooms',
03-05 16:23:40.184  5369  5898 W ReactNativeJS:   'services',
03-05 16:23:40.184  5369  5898 W ReactNativeJS:   'tenants' ], { [Stack] name: 'Stack' }
03-05 16:23:40.187  5369  5898 W ReactNativeJS: '[Layout children]: No route named "notifications" exists in nested children:', [ 'dashboard',
03-05 16:23:40.187  5369  5898 W ReactNativeJS:   'index',
03-05 16:23:40.187  5369  5898 W ReactNativeJS:   'bills',
03-05 16:23:40.187  5369  5898 W ReactNativeJS:   'buildings/edit',
03-05 16:23:40.187  5369  5898 W ReactNativeJS:   'buildings/index',
03-05 16:23:40.187  5369  5898 W ReactNativeJS:   'buildings/new',
03-05 16:23:40.187  5369  5898 W ReactNativeJS:   'contracts',
03-05 16:23:40.187  5369  5898 W ReactNativeJS:   'issues/[id]',
03-05 16:23:40.187  5369  5898 W ReactNativeJS:   'issues/index',
03-05 16:23:40.187  5369  5898 W ReactNativeJS:   'issues/new',
03-05 16:23:40.187  5369  5898 W ReactNativeJS:   'notifications/[id]',
03-05 16:23:40.187  5369  5898 W ReactNativeJS:   'notifications/index',
03-05 16:23:40.187  5369  5898 W ReactNativeJS:   'notifications/new',
03-05 16:23:40.187  5369  5898 W ReactNativeJS:   'readings',
03-05 16:23:40.187  5369  5898 W ReactNativeJS:   'rooms',
03-05 16:23:40.187  5369  5898 W ReactNativeJS:   'services',
03-05 16:23:40.187  5369  5898 W ReactNativeJS:   'tenants' ], { [Stack] name: 'Stack' }
03-05 16:23:40.189  5369  5898 W ReactNativeJS: '[Layout children]: No route named "issues" exists in nested children:', [ 'dashboard',
03-05 16:23:40.189  5369  5898 W ReactNativeJS:   'index',
03-05 16:23:40.189  5369  5898 W ReactNativeJS:   'bills',
03-05 16:23:40.189  5369  5898 W ReactNativeJS:   'buildings/edit',
03-05 16:23:40.189  5369  5898 W ReactNativeJS:   'buildings/index',
03-05 16:23:40.189  5369  5898 W ReactNativeJS:   'buildings/new',
03-05 16:23:40.189  5369  5898 W ReactNativeJS:   'contracts',
03-05 16:23:40.189  5369  5898 W ReactNativeJS:   'issues/[id]',
03-05 16:23:40.189  5369  5898 W ReactNativeJS:   'issues/index',
03-05 16:23:40.189  5369  5898 W ReactNativeJS:   'issues/new',
03-05 16:23:40.189  5369  5898 W ReactNativeJS:   'notifications/[id]',
03-05 16:23:40.189  5369  5898 W ReactNativeJS:   'notifications/index',
03-05 16:23:40.189  5369  5898 W ReactNativeJS:   'notifications/new',
03-05 16:23:40.189  5369  5898 W ReactNativeJS:   'readings',
03-05 16:23:40.189  5369  5898 W ReactNativeJS:   'rooms',
03-05 16:23:40.189  5369  5898 W ReactNativeJS:   'services',
03-05 16:23:40.189  5369  5898 W ReactNativeJS:   'tenants' ], { [Stack] name: 'Stack' }
03-05 16:23:40.225  5369  5898 I ReactNativeJS: Dashboard rendering V3
03-05 16:23:40.669  5369  5369 W [RNScreens]: backTitleVisible prop is not available on Android
03-05 16:23:40.669  5369  5369 W [RNScreens]: backTitleFontFamily prop is not available on Android
03-05 16:23:40.669  5369  5369 W [RNScreens]: disableBackButtonMenu prop is not available on Android
03-05 16:23:40.669  5369  5369 W [RNScreens]: largeTitleFontFamily prop is not available on Android
03-05 16:23:40.669  5369  5369 W [RNScreens]: largeTitleFontWeight prop is not available on Android
03-05 16:23:40.669  5369  5369 W [RNScreens]: largeTitleHideShadow prop is not available on Android
03-05 16:23:40.690  5369  5429 D EGL_emulation: app_time_stats: avg=14.53ms min=2.80ms max=41.65ms count=46
03-05 16:23:40.862  5369  5369 I ImeTracker: host.exp.exponent:2ef39365: onRequestHide at ORIGIN_CLIENT reason HIDE_SOFT_INPUT fromUser false
03-05 16:23:40.864   604   747 I ImeTracker: host.exp.exponent:2ef39365: onCancelled at PHASE_SERVER_SHOULD_HIDE
03-05 16:23:40.871  5369  5926 D TrafficStats: tagSocket(217) with statsTag=0xffffffff, statsUid=-1
03-05 16:23:40.925  5369  5369 I ImeTracker: host.exp.exponent:8a9b1f2f: onRequestHide at ORIGIN_CLIENT reason HIDE_SOFT_INPUT_CLOSE_CURRENT_SESSION fromUser false
03-05 16:23:40.930  5369  5928 D TrafficStats: tagSocket(224) with statsTag=0xffffffff, statsUid=-1
03-05 16:23:40.933   604   747 I ImeTracker: host.exp.exponent:8a9b1f2f: onCancelled at PHASE_SERVER_SHOULD_HIDE
03-05 16:23:41.414   604   791 W IPCThreadState: Sending oneway calls to frozen process.
03-05 16:23:41.415   604   791 W IPCThreadState: Sending oneway calls to frozen process.
03-05 16:23:41.415   604   791 W IPCThreadState: Sending oneway calls to frozen process.
03-05 16:23:41.415   604   791 W IPCThreadState: Sending oneway calls to frozen process.
03-05 16:23:41.415   604   791 W IPCThreadState: Sending oneway calls to frozen process.
03-05 16:23:41.415   604   791 W IPCThreadState: Sending oneway calls to frozen process.
03-05 16:23:41.415   604   791 W IPCThreadState: Sending oneway calls to frozen process.
03-05 16:23:41.415   604   791 W IPCThreadState: Sending oneway calls to frozen process.
03-05 16:23:41.416   604   791 W IPCThreadState: Sending oneway calls to frozen process.
03-05 16:23:41.416  1442  1779 I BugleRcsEngine: Connected state: [1], networkType: [WIFI] [CONTEXT thread_id=57 ]
03-05 16:23:41.416  1442  1972 I BugleRcsEngine: handleMessage processing message:[NOTIFY_UPTIME_IGNORE_STATE_CHANGED] with [non-null]:RcsEngineImpl reference [CONTEXT log_prefix="RcsEngineImpl[DUAL_REG]:[96242b3c-43f2]>Handler" thread_id=63 ]
03-05 16:23:41.416   604   791 W IPCThreadState: Sending oneway calls to frozen process.
03-05 16:23:41.417   604   791 W IPCThreadState: Sending oneway calls to frozen process.
03-05 16:23:41.417   604   791 W IPCThreadState: Sending oneway calls to frozen process.
03-05 16:23:41.417   604   791 W IPCThreadState: Sending oneway calls to frozen process.
03-05 16:23:41.418  1121  1965 I NullBinder: NullBinder for android.net.action.RECOMMEND_NETWORKS triggering remote TransactionTooLargeException due to Service without Chimera impl, calling uid: 1000, calling pid: 0
03-05 16:23:41.418  1121  1965 W .gms.persistent: Large reply transaction of 1056768 bytes, interface descriptor , code 1
03-05 16:23:41.418   604   791 W IPCThreadState: Sending oneway calls to frozen process.
03-05 16:23:41.418   604   791 W IPCThreadState: Sending oneway calls to frozen process.
03-05 16:23:41.418   604   791 W IPCThreadState: Sending oneway calls to frozen process.
03-05 16:23:41.419   604   791 W IPCThreadState: Sending oneway calls to frozen process.
03-05 16:23:41.420   604   791 W IPCThreadState: Sending oneway calls to frozen process.
03-05 16:23:41.424  1442  1972 I BugleRcsEngine: No RCS Configuration was found in Bugle for simID: redacted-pii:sim_id[chars:20,last3:897] [CONTEXT log_prefix="ProvisioningEngineDataRetriever" thread_id=63 ]
03-05 16:23:42.594  1399  1399 D BoundBrokerSvc: onUnbind: Intent { act=com.google.android.gms.measurement.START pkg=com.google.android.gms }
03-05 16:23:42.795   380  5220 D android.hardware.audio@7.1-impl.ranchu: threadLoop: entering standby, frames: 2650368
03-05 16:23:43.954  5369  5429 D EGL_emulation: app_time_stats: avg=70.06ms min=2.68ms max=2500.35ms count=40
03-05 16:23:44.036   426   426 D audioserver: logFgsApiBegin: FGS Logger Transaction failed, -129
03-05 16:23:44.037   604   700 W AS.PlaybackActivityMon: No piid assigned for invalid/internal port id 15
03-05 16:23:44.091  5369  5369 W WindowOnBackDispatcher: OnBackInvokedCallback is not enabled for the application.
03-05 16:23:44.091  5369  5369 W WindowOnBackDispatcher: Set 'android:enableOnBackInvokedCallback="true"' in the application manifest.
03-05 16:23:44.100   604   700 D CoreBackPreview: Window{dd68551 u0 host.exp.exponent/host.exp.exponent.experience.ExperienceActivity}: Setting back callback OnBackInvokedCallbackInfo{mCallback=android.window.IOnBackInvokedCallback$Stub$Proxy@3b14f53, mPriority=0, mIsAnimationCallback=false}
03-05 16:23:44.198   426   555 D audioserver: logFgsApiEnd: FGS Logger Transaction failed, -129
03-05 16:23:44.319   604   747 I ImeTracker: host.exp.exponent:eca5bc46: onRequestHide at ORIGIN_SERVER reason HIDE_UNSPECIFIED_WINDOW fromUser false
03-05 16:23:44.319   604   747 I ImeTracker: host.exp.exponent:eca5bc46: onCancelled at PHASE_SERVER_SHOULD_HIDE
03-05 16:23:44.321  1281  1281 I GoogleInputMethodService: GoogleInputMethodService.onFinishInput():2113 
03-05 16:23:44.323  1281  1281 I Module  : DeviceLockedStatusModuleProvider$Module.updateDeviceLockedStatus():103 repeatCheckTimes = 0, locked = false
03-05 16:23:44.325  5369  5369 W RemoteInputConnectionImpl: requestCursorUpdates on inactive InputConnection
03-05 16:23:44.326  1281  1281 I GoogleInputMethodService: GoogleInputMethodService.onStartInput():1384 onStartInput(EditorInfo{EditorInfo{packageName=host.exp.exponent, inputType=0, inputTypeString=NULL, enableLearning=false, autoCorrection=false, autoComplete=false, imeOptions=0, privateImeOptions=null, actionName=UNSPECIFIED, actionLabel=null, initialSelStart=-1, initialSelEnd=-1, initialCapsMode=0, label=null, fieldId=0, fieldName=null, extras=null, hintText=null, hintLocales=[]}}, false)
03-05 16:23:44.328  1281  1281 I Module  : DeviceLockedStatusModuleProvider$Module.updateDeviceLockedStatus():103 repeatCheckTimes = 1, locked = false
03-05 16:23:44.330   604   700 W PackageConfigPersister: App-specific configuration not found for packageName: host.exp.exponent and userId: 0
03-05 16:23:44.938   426   426 D audioserver: logFgsApiBegin: FGS Logger Transaction failed, -129
03-05 16:23:44.939   604  1668 W AS.PlaybackActivityMon: No piid assigned for invalid/internal port id 15
03-05 16:23:44.970   426   555 D AudioFlinger: mixer(0x704fdbf7a8e0) throttle end: throttle time(37)
03-05 16:23:44.991  5369  5898 I ReactNativeJS: Dashboard rendering V3
03-05 16:23:45.079  5369  5373 I st.exp.exponent: Background concurrent mark compact GC freed 8183KB AllocSpace bytes, 24(816KB) LOS objects, 49% free, 11MB/23MB, paused 1.145ms,5.379ms total 73.312ms
03-05 16:23:45.175   426   555 D audioserver: logFgsApiEnd: FGS Logger Transaction failed, -129
03-05 16:23:45.251  5369  5369 W [RNScreens]: backTitleVisible prop is not available on Android
03-05 16:23:45.251  5369  5369 W [RNScreens]: backTitleFontFamily prop is not available on Android
03-05 16:23:45.252  5369  5369 W [RNScreens]: disableBackButtonMenu prop is not available on Android
03-05 16:23:45.252  5369  5369 W [RNScreens]: largeTitleFontFamily prop is not available on Android
03-05 16:23:45.252  5369  5369 W [RNScreens]: largeTitleFontWeight prop is not available on Android
03-05 16:23:45.252  5369  5369 W [RNScreens]: largeTitleHideShadow prop is not available on Android
03-05 16:23:45.278  5369  5392 D TrafficStats: tagSocket(189) with statsTag=0xffffffff, statsUid=-1
03-05 16:23:45.369  5369  5369 W WindowOnBackDispatcher: sendCancelIfRunning: isInProgress=false callback=android.view.ViewRootImpl$$ExternalSyntheticLambda11@ec52153
03-05 16:23:45.370   604  1668 D CoreBackPreview: Window{dd68551 u0 host.exp.exponent/host.exp.exponent.experience.ExperienceActivity}: Setting back callback null
03-05 16:23:45.374   604  1668 W InputManager-JNI: Input channel object 'dd68551 host.exp.exponent/host.exp.exponent.experience.ExperienceActivity (client)' was disposed without first being removed with the input manager!
03-05 16:23:45.397   604   642 V WindowManager: Unknown focus tokens, dropping reportFocusChanged
03-05 16:23:45.445  5369  5429 D EGL_emulation: app_time_stats: avg=133.32ms min=3.98ms max=556.47ms count=11
03-05 16:23:45.451   604   747 I ImeTracker: host.exp.exponent:3ca77047: onRequestHide at ORIGIN_SERVER reason HIDE_UNSPECIFIED_WINDOW fromUser false
03-05 16:23:45.452   604   747 I ImeTracker: host.exp.exponent:3ca77047: onCancelled at PHASE_SERVER_SHOULD_HIDE
03-05 16:23:45.454  1281  1281 I GoogleInputMethodService: GoogleInputMethodService.onFinishInput():2113 
03-05 16:23:45.455  1281  1281 I Module  : DeviceLockedStatusModuleProvider$Module.updateDeviceLockedStatus():103 repeatCheckTimes = 0, locked = false
03-05 16:23:45.457  1281  1281 I GoogleInputMethodService: GoogleInputMethodService.onStartInput():1384 onStartInput(EditorInfo{EditorInfo{packageName=host.exp.exponent, inputType=0, inputTypeString=NULL, enableLearning=false, autoCorrection=false, autoComplete=false, imeOptions=0, privateImeOptions=null, actionName=UNSPECIFIED, actionLabel=null, initialSelStart=-1, initialSelEnd=-1, initialCapsMode=0, label=null, fieldId=0, fieldName=null, extras=null, hintText=null, hintLocales=[]}}, false)
03-05 16:23:45.458  1281  1281 I Module  : DeviceLockedStatusModuleProvider$Module.updateDeviceLockedStatus():103 repeatCheckTimes = 1, locked = false
03-05 16:23:45.459   604   700 W PackageConfigPersister: App-specific configuration not found for packageName: host.exp.exponent and userId: 0
03-05 16:23:46.971  5369  5429 D EGL_emulation: app_time_stats: avg=374.84ms min=4.04ms max=1484.21ms count=4
03-05 16:23:47.320   426   426 D audioserver: logFgsApiBegin: FGS Logger Transaction failed, -129
03-05 16:23:47.320   604   700 W AS.PlaybackActivityMon: No piid assigned for invalid/internal port id 15
03-05 16:23:47.555   426   555 D audioserver: logFgsApiEnd: FGS Logger Transaction failed, -129
03-05 16:23:47.634  1121  1121 D BoundBrokerSvc: onUnbind: Intent { act=com.google.android.gms.presencemanager.service.START dat=chimera-action:/... cmp=com.google.android.gms/.chimera.PersistentApiService }
03-05 16:23:47.637  1121  1121 D BoundBrokerSvc: onUnbind: Intent { act=com.google.android.gms.presencemanager.service.INTERNAL_IDENTITY dat=chimera-action:/... cmp=com.google.android.gms/.chimera.PersistentApiService }
03-05 16:23:48.019   426   426 D audioserver: logFgsApiBegin: FGS Logger Transaction failed, -129
03-05 16:23:48.020   604  1668 W AS.PlaybackActivityMon: No piid assigned for invalid/internal port id 15
03-05 16:23:48.054  5369  5429 D EGL_emulation: app_time_stats: avg=31.28ms min=5.43ms max=314.82ms count=33
03-05 16:23:48.257   426   555 D audioserver: logFgsApiEnd: FGS Logger Transaction failed, -129
03-05 16:23:48.753   426   426 D audioserver: logFgsApiBegin: FGS Logger Transaction failed, -129
03-05 16:23:48.753   604   700 W AS.PlaybackActivityMon: No piid assigned for invalid/internal port id 15
03-05 16:23:48.982   426   555 D audioserver: logFgsApiEnd: FGS Logger Transaction failed, -129
03-05 16:23:48.990  5369  5369 W [RNScreens]: backTitleVisible prop is not available on Android
