03-05 16:23:37.158  1281  1281 I KeyboardManager: KeyboardManager.requestKeyboard():249 Creating keyboard accessory_candidates_consumer, imeId=password, cacheKey=theme,!gsf,!pgsans,!pgsf,!use_system_font,BORDER,FLAVOR_DPI=XXHDPI,IS_LIGHT,KEYBOARD_WIDTH_CATEGORY=NORMAL,KEY_BORDER_SHAPE=1,LIGHT_THEME=true,PHYSICAL_DIAGONAL=6.225089,POPUP,SCREEN_SHORTEST_WIDTH=427,SCREEN_SHORTEST_WIDTH_NO_SCALE=427,SW400DP,XXHDPI,bottom4dp,enable_popup_on_keypress=true,keyboard_redesign_google_sans=true,non_linear_scale,noshadow,overlay_builtin_dynamic_color_light_base.binarypb:gm3-light-fffaf8ff-ff2a4174-24c2614f42d28deefdb4edcedd8f31ed,silkpopup
03-05 16:23:37.159  1281  1281 I GlobeKeyExtension: GlobeKeyExtension.getKeyboardInitialStates():175 
03-05 16:23:37.159  1281  1281 W Keyboard: Keyboard.getKeyboardViewHelper():604 null helper is returned: keyboardDef=nlc{processedConditions={}, globalConditions={global_theme_key=theme,!gsf,!pgsans,!pgsf,!use_system_font,BORDER,FLAVOR_DPI=XXHDPI,IS_LIGHT,KEYBOARD_WIDTH_CATEGORY=NORMAL,KEY_BORDER_SHAPE=1,LIGHT_THEME=true,PHYSICAL_DIAGONAL=6.225089,POPUP,SCREEN_SHORTEST_WIDTH=427,SCREEN_SHORTEST_WIDTH_NO_SCALE=427,SW400DP,XXHDPI,bottom4dp,enable_popup_on_keypress=true,keyboard_redesign_google_sans=true,non_linear_scale,noshadow,overlay_builtin_dynamic_color_light_base.binarypb:gm3-light-fffaf8ff-ff2a4174-24c2614f42d28deefdb4edcedd8f31ed,silkpopup, global_locale=en_US, global_density_dpi=480, global_orientation=1}, className=.latin.keyboard.AccessoryKeyboard, resourceIds=[#0x7f17004d], initialStates=0, keyboardViewDefs=[nlq{direction=null, id=#0x7f0b0225, isScalable=false, layoutId=#0x7f0e0031, type=FLOATING_CANDIDATES, touchable=true, defaultShow=false}], persistentStates=0, persistentStatesPrefKey=null, popupBubbleLayoutId=#0x7f0e0604, recentKeyLayoutId=#0x0, recentKeyPopupLayoutId=#0x0, recentKeyType=null, rememberRecentKey=NONE, sessionStates=0}, type=HEADER, helpersCreated={FLOATING_CANDIDATES=mwp@bda33dd}, context.getResources().getConfiguration(): {1.0 310mcc260mnc [en_US] ldltr sw427dp w427dp h952dp 480dpi nrml long port finger qwerty/v/v dpad/v winConfig={ mBounds=Rect(0, 0 - 1280, 2856) mAppBounds=Rect(0, 0 - 1280, 2856) mMaxBounds=Rect(0, 0 - 1280, 2856) mDisplayRotation=ROTATION_0 mWindowingMode=fullscreen mActivityType=undefined mAlwaysOnTop=undefined mRotation=ROTATION_0} as.3 s.46 fontWeightAdjustment=0}
03-05 16:23:37.159  1281  1281 W Keyboard: Keyboard.getKeyboardViewHelper():604 null helper is returned: keyboardDef=nlc{processedConditions={}, globalConditions={global_theme_key=theme,!gsf,!pgsans,!pgsf,!use_system_font,BORDER,FLAVOR_DPI=XXHDPI,IS_LIGHT,KEYBOARD_WIDTH_CATEGORY=NORMAL,KEY_BORDER_SHAPE=1,LIGHT_THEME=true,PHYSICAL_DIAGONAL=6.225089,POPUP,SCREEN_SHORTEST_WIDTH=427,SCREEN_SHORTEST_WIDTH_NO_SCALE=427,SW400DP,XXHDPI,bottom4dp,enable_popup_on_keypress=true,keyboard_redesign_google_sans=true,non_linear_scale,noshadow,overlay_builtin_dynamic_color_light_base.binarypb:gm3-light-fffaf8ff-ff2a4174-24c2614f42d28deefdb4edcedd8f31ed,silkpopup, global_locale=en_US, global_density_dpi=480, global_orientation=1}, className=.latin.keyboard.AccessoryKeyboard, resourceIds=[#0x7f17004d], initialStates=0, keyboardViewDefs=[nlq{direction=null, id=#0x7f0b0225, isScalable=false, layoutId=#0x7f0e0031, type=FLOATING_CANDIDATES, touchable=true, defaultShow=false}], persistentStates=0, persistentStatesPrefKey=null, popupBubbleLayoutId=#0x7f0e0604, recentKeyLayoutId=#0x0, recentKeyPopupLayoutId=#0x0, recentKeyType=null, rememberRecentKey=NONE, sessionStates=0}, type=BODY, helpersCreated={FLOATING_CANDIDATES=mwp@bda33dd}, context.getResources().getConfiguration(): {1.0 310mcc260mnc [en_US] ldltr sw427dp w427dp h952dp 480dpi nrml long port finger qwerty/v/v dpad/v winConfig={ mBounds=Rect(0, 0 - 1280, 2856) mAppBounds=Rect(0, 0 - 1280, 2856) mMaxBounds=Rect(0, 0 - 1280, 2856) mDisplayRotation=ROTATION_0 mWindowingMode=fullscreen mActivityType=undefined mAlwaysOnTop=undefined mRotation=ROTATION_0} as.3 s.46 fontWeightAdjustment=0}
03-05 16:23:37.161  1281  1281 I AndroidIME: InputBundleManager.startInput():361 startInput() with nlm[keyboardType=accessory, payload=null]
03-05 16:23:37.161  1281  1281 I PkModeUpdater: PkModeUpdater.onActivate():74 onActivate true true
03-05 16:23:37.162  1281  1281 I AccessoryInputModeManager: AccessoryInputModeManager.onModeStarted():324 Accessory input mode started: PK
03-05 16:23:37.162  1281  1281 W ExtensionWrapper: ExtensionWrapper.setAllowUpdateNavigationBarStyle():885 class kmb is not activate
03-05 16:23:37.162  1281  1281 I WidgetViewShowingController: WidgetViewShowingController.showWidgetKeyboardInternal():532 Show companion widget
03-05 16:23:37.164  1281  1281 W ExtensionWrapper: ExtensionWrapper.setAllowUpdateNavigationBarStyle():885 class kmb is not activate
03-05 16:23:37.165  1281  1281 I WidgetViewShowingPositionHandler: WidgetViewShowingPositionHandler.updateAvailableArea():199 update available area Rect(24, 180 - 1256, 2778)
03-05 16:23:37.166  1281  1281 I KeyboardModeUtils: KeyboardModeUtils.getKeyboardBottomOffset():435 inch: 0.000000 ydpi: 480.000000 adjustKeyboardBottomByDisplaySize: false currentDensityDpi: 480 defaultDensityDpi: 480 keyboardBottomToScreenPx: 0 keyboardBottomToNavBarPx: -72 navBarHeight: 72
03-05 16:23:37.166  1281  1281 I BaseKeyboardSizeHelper: BaseKeyboardSizeHelper.calculateMaxKeyboardBodyHeight():73 leave 321 height for app when ime window height:2628, header height:132 and isFullscreenMode:false, so the max keyboard body height is:2175
03-05 16:23:37.166  1281  1281 I BaseKeyboardSizeHelper: BaseKeyboardSizeHelper.calculateMaxKeyboardBodyHeight():73 leave 321 height for app when ime window height:2628, header height:132 and isFullscreenMode:false, so the max keyboard body height is:2175
03-05 16:23:37.166  1281  1281 I BaseKeyboardSizeHelper: BaseKeyboardSizeHelper.calculateMaxKeyboardBodyHeight():73 leave 321 height for app when ime window height:2628, header height:132 and isFullscreenMode:false, so the max keyboard body height is:2175
03-05 16:23:37.167  1281  1281 I BaseKeyboardSizeHelper: BaseKeyboardSizeHelper.calculateMaxKeyboardBodyHeight():73 leave 321 height for app when ime window height:2628, header height:132 and isFullscreenMode:false, so the max keyboard body height is:2175
03-05 16:23:37.167  1281  1281 W ExtensionWrapper: ExtensionWrapper.setExtensionViewVisibility():876 interface nac is not activate
03-05 16:23:37.167  5369  5369 I ImeTracker: host.exp.exponent:bfa7c333: onRequestShow at ORIGIN_CLIENT reason SHOW_SOFT_INPUT fromUser false
03-05 16:23:37.168  5369  5369 D InputMethodManager: showSoftInput() view=com.facebook.react.views.textinput.ReactEditText{8ca8eea VFED..CL. .F.P.... 87,362-1025,513 #34 aid=1073741827} flags=0 reason=SHOW_SOFT_INPUT
03-05 16:23:37.168  1281  1281 I NewLanguagePromptExtension: NewLanguagePromptExtension.onActivate():189 Not activated NewLanguagePromptExtension: not a normal text input box.
03-05 16:23:37.169  1281  1281 I GlobeKeyExtension: GlobeKeyExtension.onActivate():120 
03-05 16:23:37.187  1281  1281 W AutoPasteSuggestionHelper: AutoPasteSuggestionHelper.setMaxWidthOfChipTextView():1078 Failed to get the width of the proactive suggestion view holder in HEADER.
03-05 16:23:37.190  1281  1281 W AutoPasteSuggestionHelper: AutoPasteSuggestionHelper.setMaxWidthOfChipTextView():1078 Failed to get the width of the proactive suggestion view holder in HEADER.
03-05 16:23:37.196  1281  1281 W AutoPasteSuggestionHelper: AutoPasteSuggestionHelper.setMaxWidthOfChipTextView():1078 Failed to get the width of the proactive suggestion view holder in WIDGET.
03-05 16:23:37.196  1281  1281 I ProactiveSuggestionsHolderManager: ProactiveSuggestionsHolderManager$displaySuggestionsListener$1.display():236 Requesting to show proactive suggestions: CLIPBOARD PREEMPTIVE_WITH_SUPPRESSION in HEADER
03-05 16:23:37.196  1281  1281 I ProactiveSuggestionsHolderManager: ProactiveSuggestionsHolderManager$displaySuggestionsListener$1.display():258 suggestions CLIPBOARD are pending to show on HEADER
03-05 16:23:37.196  1281  1281 I ProactiveSuggestionsHolderManager: ProactiveSuggestionsHolderManager$displaySuggestionsListener$1.display():236 Requesting to show proactive suggestions: CLIPBOARD PREEMPTIVE_WITH_SUPPRESSION in FLOATING_CANDIDATES
03-05 16:23:37.196  1281  1281 I ProactiveSuggestionsHolderManager: ProactiveSuggestionsHolderManager$displaySuggestionsListener$1.display():258 suggestions CLIPBOARD are pending to show on FLOATING_CANDIDATES
03-05 16:23:37.197  1281  1281 I ProactiveSuggestionsHolderManager: ProactiveSuggestionsHolderManager$displaySuggestionsListener$1.display():236 Requesting to show proactive suggestions: CLIPBOARD PREEMPTIVE_WITH_SUPPRESSION in WIDGET
03-05 16:23:37.197  1281  1281 I ProactiveSuggestionsHolderManager: ProactiveSuggestionsHolderManager$displaySuggestionsListener$1.display():258 suggestions CLIPBOARD are pending to show on WIDGET
03-05 16:23:37.197  1281  1281 I ProactiveSuggestionsHolderManager: ProactiveSuggestionsHolderManager$displaySuggestionsListener$1.display():236 Requesting to show proactive suggestions: CLIPBOARD PREEMPTIVE_WITH_SUPPRESSION in HEADER
03-05 16:23:37.197  1281  1281 I ProactiveSuggestionsHolderManager: ProactiveSuggestionsHolderManager$displaySuggestionsListener$1.display():258 suggestions CLIPBOARD are pending to show on HEADER
03-05 16:23:37.197  1281  1281 I ProactiveSuggestionsHolderManager: ProactiveSuggestionsHolderManager$displaySuggestionsListener$1.display():236 Requesting to show proactive suggestions: CLIPBOARD PREEMPTIVE_WITH_SUPPRESSION in FLOATING_CANDIDATES
03-05 16:23:37.197  1281  1281 I ProactiveSuggestionsHolderManager: ProactiveSuggestionsHolderManager$displaySuggestionsListener$1.display():258 suggestions CLIPBOARD are pending to show on FLOATING_CANDIDATES
03-05 16:23:37.197  1281  1281 I ProactiveSuggestionsHolderManager: ProactiveSuggestionsHolderManager$displaySuggestionsListener$1.display():236 Requesting to show proactive suggestions: CLIPBOARD PREEMPTIVE_WITH_SUPPRESSION in WIDGET
03-05 16:23:37.197  1281  1281 I ProactiveSuggestionsHolderManager: ProactiveSuggestionsHolderManager$displaySuggestionsListener$1.display():258 suggestions CLIPBOARD are pending to show on WIDGET
03-05 16:23:37.198  1281  1281 I VoiceInputManagerWrapper: VoiceInputManagerWrapper.cancelShutdown():109 cancelShutdown()
03-05 16:23:37.198  1281  1281 I VoiceInputManagerWrapper: VoiceInputManagerWrapper.syncLanguagePacks():121 syncLanguagePacks()
03-05 16:23:37.198  1281  1281 I VoiceInputManager: VoiceInputManager.onKeyboardActivated():1215 onKeyboardActivated() [UD]
03-05 16:23:37.198  1281  5216 I SpeechFactory: SpeechRecognitionFactory.maybeScheduleAutoPackDownloadForFallback():217 maybeScheduleAutoPackDownloadForFallback()
03-05 16:23:37.199  1281  5216 I FallbackOnDeviceRecognitionProvider: FallbackOnDeviceRecognitionProvider.maybeScheduleAutoPackDownload():213 maybeScheduleAutoPackDownload() for language tag en-US
03-05 16:23:37.199  1281  1281 I Module  : DeviceLockedStatusModuleProvider$Module.updateDeviceLockedStatus():103 repeatCheckTimes = 1, locked = false
03-05 16:23:37.202  1281  5861 I SystemHapticSettings: SystemHapticSettings.updateSystemVibrationState():61 update vibration state: true
03-05 16:23:37.207  1281  1281 I WindowMetricsNotification: WindowMetricsNotification.notifyWithWindow():166 
03-05 16:23:37.207  1281  1281 I WindowMetricsNotification: WindowMetricsNotification.notify():159 qjg[bounds=Rect(0, 156 - 1280, 2856), insets=Rect(0, 0 - 0, 72), densityDpi=480, smallestScreenWidthDp=427, displayWidth=1280, displayHeight=2856, xdpi=480.0, ydpi=480.0, isTrustable=true, displayId=0]; DisplayMetrics{density=3.0, width=1280, height=2856, scaledDensity=3.0, xdpi=480.0, ydpi=480.0}
03-05 16:23:37.214  1399  1399 D BoundBrokerSvc: onBind: Intent { act=com.google.android.gms.common.BIND_SHARED_PREFS pkg=com.google.android.gms }
03-05 16:23:37.214  1399  1399 D BoundBrokerSvc: Loading bound service for intent: Intent { act=com.google.android.gms.common.BIND_SHARED_PREFS pkg=com.google.android.gms }
03-05 16:23:37.319   426   555 D audioserver: logFgsApiEnd: FGS Logger Transaction failed, -129
03-05 16:23:37.338  1281  1281 I GoogleInputMethodService: GoogleInputMethodService$1.onKeyboardViewShown():331 onKeyboardViewShown: keyboardType=accessory, keyboardViewType=HEADER keyboardView=null
03-05 16:23:37.338  1281  1281 W Keyboard: Keyboard.getKeyboardViewHelper():604 null helper is returned: keyboardDef=nlc{processedConditions={}, globalConditions={}, className=com.google.android.libraries.inputmethod.keyboard.impl.Keyboard, resourceIds=[#0x7f17004e], initialStates=0, keyboardViewDefs=[], persistentStates=0, persistentStatesPrefKey=null, popupBubbleLayoutId=#0x0, recentKeyLayoutId=#0x0, recentKeyPopupLayoutId=#0x0, recentKeyType=null, rememberRecentKey=NONE, sessionStates=0}, type=BODY, helpersCreated={}, context.getResources().getConfiguration(): {1.0 310mcc260mnc [en_US] ldltr sw427dp w427dp h952dp 480dpi nrml long port finger qwerty/v/v dpad/v winConfig={ mBounds=Rect(0, 0 - 1280, 2856) mAppBounds=Rect(0, 0 - 1280, 2856) mMaxBounds=Rect(0, 0 - 1280, 2856) mDisplayRotation=ROTATION_0 mWindowingMode=fullscreen mActivityType=undefined mAlwaysOnTop=undefined mRotation=ROTATION_0} as.3 s.46 fontWeightAdjustment=0}
03-05 16:23:37.339  1281  1281 I GoogleInputMethodService: GoogleInputMethodService$1.onKeyboardViewShown():331 onKeyboardViewShown: keyboardType=accessory, keyboardViewType=BODY keyboardView=null
03-05 16:23:37.339  1281  1281 W Keyboard: Keyboard.getKeyboardViewHelper():604 null helper is returned: keyboardDef=nlc{processedConditions={}, globalConditions={}, className=com.google.android.libraries.inputmethod.keyboard.impl.Keyboard, resourceIds=[#0x7f17004e], initialStates=0, keyboardViewDefs=[], persistentStates=0, persistentStatesPrefKey=null, popupBubbleLayoutId=#0x0, recentKeyLayoutId=#0x0, recentKeyPopupLayoutId=#0x0, recentKeyType=null, rememberRecentKey=NONE, sessionStates=0}, type=BODY, helpersCreated={}, context.getResources().getConfiguration(): {1.0 310mcc260mnc [en_US] ldltr sw427dp w427dp h952dp 480dpi nrml long port finger qwerty/v/v dpad/v winConfig={ mBounds=Rect(0, 0 - 1280, 2856) mAppBounds=Rect(0, 0 - 1280, 2856) mMaxBounds=Rect(0, 0 - 1280, 2856) mDisplayRotation=ROTATION_0 mWindowingMode=fullscreen mActivityType=undefined mAlwaysOnTop=undefined mRotation=ROTATION_0} as.3 s.46 fontWeightAdjustment=0}
03-05 16:23:37.339  5369  5369 D InsetsController: show(ime(), fromIme=true)
03-05 16:23:37.340  1281  1281 I StylusModule: StylusModule.onUpdateToolType():774 Update tool type = 2
03-05 16:23:37.344   887   998 D WindowManagerShell: onKeepClearAreasChanged: restricted={}, unrestricted={Rect(0, 2784 - 1280, 2856)}
03-05 16:23:37.353  5369  5369 D InsetsController: show(ime(), fromIme=true)
03-05 16:23:37.354  5369  5369 I ImeTracker: host.exp.exponent:bfa7c333: onCancelled at PHASE_CLIENT_APPLY_ANIMATION
03-05 16:23:37.551  5369  5369 I ImeTracker: host.exp.exponent:7a6982b2: onShown
03-05 16:23:37.655  5369  5429 D EGL_emulation: app_time_stats: avg=101.54ms min=13.27ms max=501.83ms count=10
03-05 16:23:37.812  1281  1281 I StylusModule: StylusModule.onUpdateToolType():774 Update tool type = 0
03-05 16:23:37.819  1281  1281 W TooltipLifecycleManager: TooltipLifecycleManager.dismissTooltips():153 Tooltip with id SUGGESTION_VIEW_EDU_MINI_DIALOG not found in tooltipManager.
03-05 16:23:37.862  1281  1281 I StylusModule: StylusModule.onUpdateToolType():774 Update tool type = 0
03-05 16:23:37.870  1281  1281 W TooltipLifecycleManager: TooltipLifecycleManager.dismissTooltips():153 Tooltip with id SUGGESTION_VIEW_EDU_MINI_DIALOG not found in tooltipManager.
03-05 16:23:37.933  1281  1281 I StylusModule: StylusModule.onUpdateToolType():774 Update tool type = 0
03-05 16:23:37.941  1281  1281 W TooltipLifecycleManager: TooltipLifecycleManager.dismissTooltips():153 Tooltip with id SUGGESTION_VIEW_EDU_MINI_DIALOG not found in tooltipManager.
03-05 16:23:38.137  1281  1281 I StylusModule: StylusModule.onUpdateToolType():774 Update tool type = 0
03-05 16:23:38.152  1281  1281 W TooltipLifecycleManager: TooltipLifecycleManager.dismissTooltips():153 Tooltip with id SUGGESTION_VIEW_EDU_MINI_DIALOG not found in tooltipManager.
03-05 16:23:38.305  1281  1281 I StylusModule: StylusModule.onUpdateToolType():774 Update tool type = 0
03-05 16:23:38.319  1281  1281 W TooltipLifecycleManager: TooltipLifecycleManager.dismissTooltips():153 Tooltip with id SUGGESTION_VIEW_EDU_MINI_DIALOG not found in tooltipManager.
03-05 16:23:38.405  1121  1745 I NullBinder: NullBinder for android.net.action.RECOMMEND_NETWORKS triggering remote TransactionTooLargeException due to Service without Chimera impl, calling uid: 1000, calling pid: 0
03-05 16:23:38.405  1121  1745 W .gms.persistent: Large reply transaction of 1056768 bytes, interface descriptor , code 1
03-05 16:23:38.405  1442  1779 I BugleRcsEngine: Connected state: [1], networkType: [WIFI] [CONTEXT thread_id=57 ]
03-05 16:23:38.405  1442  1972 I BugleRcsEngine: handleMessage processing message:[NOTIFY_UPTIME_IGNORE_STATE_CHANGED] with [non-null]:RcsEngineImpl reference [CONTEXT log_prefix="RcsEngineImpl[DUAL_REG]:[96242b3c-43f2]>Handler" thread_id=63 ]
03-05 16:23:38.405   604   791 W IPCThreadState: Sending oneway calls to frozen process.
03-05 16:23:38.406   604   791 W IPCThreadState: Sending oneway calls to frozen process.
03-05 16:23:38.407   604   791 W IPCThreadState: Sending oneway calls to frozen process.
03-05 16:23:38.407   604   791 W IPCThreadState: Sending oneway calls to frozen process.
03-05 16:23:38.407   604   791 W IPCThreadState: Sending oneway calls to frozen process.
03-05 16:23:38.407   604   791 W IPCThreadState: Sending oneway calls to frozen process.
03-05 16:23:38.407   604   791 W IPCThreadState: Sending oneway calls to frozen process.
03-05 16:23:38.407   604   791 W IPCThreadState: Sending oneway calls to frozen process.
03-05 16:23:38.407   604   791 W IPCThreadState: Sending oneway calls to frozen process.
03-05 16:23:38.407   604   791 W IPCThreadState: Sending oneway calls to frozen process.
03-05 16:23:38.407   604   791 W IPCThreadState: Sending oneway calls to frozen process.
03-05 16:23:38.408  1442  1972 I BugleRcsEngine: No RCS Configuration was found in Bugle for simID: redacted-pii:sim_id[chars:20,last3:897] [CONTEXT log_prefix="ProvisioningEngineDataRetriever" thread_id=63 ]
03-05 16:23:38.408   604   791 W IPCThreadState: Sending oneway calls to frozen process.
03-05 16:23:38.408   604   791 W IPCThreadState: Sending oneway calls to frozen process.
03-05 16:23:38.409   604   791 W IPCThreadState: Sending oneway calls to frozen process.
03-05 16:23:38.409   604   791 W IPCThreadState: Sending oneway calls to frozen process.
03-05 16:23:38.409   604   791 W IPCThreadState: Sending oneway calls to frozen process.
03-05 16:23:38.410   604   791 W IPCThreadState: Sending oneway calls to frozen process.
03-05 16:23:38.410   604   791 W IPCThreadState: Sending oneway calls to frozen process.
03-05 16:23:38.436  1281  1281 I StylusModule: StylusModule.onUpdateToolType():774 Update tool type = 0
03-05 16:23:38.452  1281  1281 W TooltipLifecycleManager: TooltipLifecycleManager.dismissTooltips():153 Tooltip with id SUGGESTION_VIEW_EDU_MINI_DIALOG not found in tooltipManager.
03-05 16:23:38.487  1281  1281 I StylusModule: StylusModule.onUpdateToolType():774 Update tool type = 0
03-05 16:23:38.502  1281  1281 W TooltipLifecycleManager: TooltipLifecycleManager.dismissTooltips():153 Tooltip with id SUGGESTION_VIEW_EDU_MINI_DIALOG not found in tooltipManager.
03-05 16:23:38.544  1281  1281 I StylusModule: StylusModule.onUpdateToolType():774 Update tool type = 0
03-05 16:23:38.552  1281  1281 W TooltipLifecycleManager: TooltipLifecycleManager.dismissTooltips():153 Tooltip with id SUGGESTION_VIEW_EDU_MINI_DIALOG not found in tooltipManager.
03-05 16:23:38.669  1281  1281 I StylusModule: StylusModule.onUpdateToolType():774 Update tool type = 0
03-05 16:23:38.673  5369  5369 I ImeTracker: host.exp.exponent:3aec5e0: onRequestHide at ORIGIN_CLIENT reason HIDE_SOFT_INPUT fromUser false
03-05 16:23:38.675   604   747 I ImeTracker: host.exp.exponent:74b84d9c: onRequestShow at ORIGIN_SERVER reason ATTACH_NEW_INPUT fromUser false
03-05 16:23:38.676  1281  1281 I GoogleInputMethodService: GoogleInputMethodService.onFinishInputView():1601 onFinishInputView(true)
03-05 16:23:38.677  1281  1281 W ExtensionWrapper: ExtensionWrapper.setAllowUpdateNavigationBarStyle():885 class kmb is not activate
03-05 16:23:38.680  1281  1281 W ExtensionWrapper: ExtensionWrapper.setAllowUpdateNavigationBarStyle():885 class kmb is not activate
03-05 16:23:38.680  1281  1281 W TooltipLifecycleManager: TooltipLifecycleManager.dismissTooltips():153 Tooltip with id spell_check_add_to_dictionary not found in tooltipManager.
03-05 16:23:38.680  1281  1281 I GlobeKeyExtension: GlobeKeyExtension.onDeactivate():144 
03-05 16:23:38.681  1281  1281 I VoiceInputManagerWrapper: VoiceInputManagerWrapper.shutdown():131 shutdown()
03-05 16:23:38.681  1281  1281 I AndroidIME: AbstractIme.onDeactivate():213 PasswordIme.onDeactivate()
03-05 16:23:38.684  1281  1281 I PrimesLoggerHolder: FrameMetricServiceImpl.stopAsFuture():239 Measurement not found: OnConfigurationChanged
03-05 16:23:38.685  1281  1281 I GoogleInputMethodService: GoogleInputMethodService.onFinishInput():2113 
03-05 16:23:38.686  5369  5369 W RemoteInputConnectionImpl: requestCursorUpdates on inactive InputConnection
03-05 16:23:38.686  1281  1281 I Module  : DeviceLockedStatusModuleProvider$Module.updateDeviceLockedStatus():103 repeatCheckTimes = 0, locked = false
03-05 16:23:38.686  5369  5429 D EGL_emulation: app_time_stats: avg=68.65ms min=15.89ms max=164.87ms count=15
03-05 16:23:38.687  1281  1281 I GoogleInputMethodService: GoogleInputMethodService.onStartInput():1384 onStartInput(EditorInfo{EditorInfo{packageName=host.exp.exponent, inputType=21, inputTypeString=EmailAddress[], enableLearning=true, autoCorrection=false, autoComplete=true, imeOptions=8000006, privateImeOptions=null, actionName=DONE, actionLabel=null, initialSelStart=14, initialSelEnd=14, initialCapsMode=0, label=null, fieldId=44, fieldName=null, extras=Bundle[mParcelledData.dataSize=404], hintText=non-empty, hintLocales=[]}}, false)
03-05 16:23:38.689  1281  1281 I HardKeyTracker: HardKeyTracker.registerKeySequence():178 Register key sequence ohy{labelResId=0, callback=gun@c62bdf4, lastModifier=0, keyCodes=[57, 57], actions=[1, 0]}
03-05 16:23:38.689  1281  1281 I HardKeyTracker: HardKeyTracker.registerKeySequence():178 Register key sequence ohy{labelResId=0, callback=gun@aa3691d, lastModifier=0, keyCodes=[58, 58], actions=[1, 0]}
03-05 16:23:38.690  1281  1281 I Module  : DeviceLockedStatusModuleProvider$Module.updateDeviceLockedStatus():103 repeatCheckTimes = 1, locked = false
03-05 16:23:38.691   604  1677 W PackageConfigPersister: App-specific configuration not found for packageName: host.exp.exponent and userId: 0
03-05 16:23:38.691  1281  1281 I GoogleInputMethodService: GoogleInputMethodService.onStartInputView():1472 onStartInputView(EditorInfo{EditorInfo{packageName=host.exp.exponent, inputType=21, inputTypeString=EmailAddress[], enableLearning=true, autoCorrection=false, autoComplete=true, imeOptions=8000006, privateImeOptions=null, actionName=DONE, actionLabel=null, initialSelStart=14, initialSelEnd=14, initialCapsMode=0, label=null, fieldId=44, fieldName=null, extras=Bundle[{android.support.text.emoji.emojiCompat_metadataVersion=9, androidx.core.view.inputmethod.EditorInfoCompat.STYLUS_HANDWRITING_ENABLED=true, android.support.text.emoji.emojiCompat_replaceAll=false}], hintText=non-empty, hintLocales=[]}}, false)
03-05 16:23:38.691  1281  1281 I KeyboardHeightUtil: KeyboardHeightUtil.getOemKeyboardHeightRatio():81 systemKeyboardHeightRatio:1.000000.
03-05 16:23:38.692  1281  1281 W TooltipLifecycleManager: TooltipLifecycleManager.dismissTooltips():153 Tooltip with id SUGGESTION_VIEW_EDU_MINI_DIALOG not found in tooltipManager.
03-05 16:23:38.693  1281  1281 I AndroidIME: InputBundleManager.loadActiveInputBundleId():531 loadActiveInputBundleId: en-US, ime_english_united_states
03-05 16:23:38.695  1281  1281 I LatinIme: LatinIme.<init>():391 Language = en-US
03-05 16:23:38.696  1281  1798 E UserFeatureCache: UserFeatureCache.getStore():760 Wrong feature id provided -1 for protobuf pbh.
03-05 16:23:38.697  1281  1798 E UserFeatureCache: UserFeatureCache.getProto():684 Feature not enabled should not called: 19
03-05 16:23:38.715  1281  1281 I Delight5Facilitator: Delight5Facilitator.initializeForIme():745 initializeForIme() : Locale = [en_US], layout = qwerty
03-05 16:23:38.718  1281  1281 I Delight5Facilitator: Delight5Facilitator.resetDecoder():917 resetDecoder() : Locale = [en_US]
03-05 16:23:38.729  1281  1281 D CompatChangeReporter: Compat change id reported: 291868760; UID 10160; state: ENABLED
03-05 16:23:38.731  1281  1281 I Delight5Decoder: Delight5DecoderWrapper.createOrResetDecoder():398 Decoder reset
03-05 16:23:38.740  1281  1290 W putmethod.latin: Missing inline cache for boolean com.google.android.apps.inputmethod.libs.delight5.Delight5Facilitator.D(java.util.List, upm)
03-05 16:23:38.770  1281  1919 I MainLanguageModelLoader: MainLanguageModelLoader.loadInternal():151 Running LM loader for [en_US]
03-05 16:23:38.773  1281  1281 I ImeInterfacePrivate: IIme.createImeWithClassName():62 IIme created from HiltImeFactory: com.google.android.apps.inputmethod.libs.latin5.LatinIme
03-05 16:23:38.776  1281  1281 I AndroidIME: AbstractIme.onActivate():95 LatinIme.onActivate() : EditorInfo = EditorInfo{packageName=host.exp.exponent, inputType=21, inputTypeString=EmailAddress[], enableLearning=true, autoCorrection=false, autoComplete=true, imeOptions=8000006, privateImeOptions=null, actionName=DONE, actionLabel=null, initialSelStart=14, initialSelEnd=14, initialCapsMode=0, label=null, fieldId=44, fieldName=null, extras=Bundle[{android.support.text.emoji.emojiCompat_metadataVersion=9, androidx.core.view.inputmethod.EditorInfoCompat.STYLUS_HANDWRITING_ENABLED=true, android.support.text.emoji.emojiCompat_replaceAll=false}], hintText=non-empty, hintLocales=[]}, IncognitoMode = false, DeviceLocked = false
03-05 16:23:38.779  1281  1919 I DelightDataFileManagerLanguageModelProvider: DelightDataFileManagerLanguageModelProvider.fetchLanguageModel():79 find data en-840 mdd
03-05 16:23:38.780  1281  1798 I NebulaeTrainingCacheMetricsProcessor: NebulaeTrainingCacheMetricsProcessor.processBeginSession():247 Begin training cache session: /
03-05 16:23:38.781  1281  1281 I InputBundle: InputBundle.consumeEvent():1041 Skip consuming an event as keyboard status is INACTIVE
03-05 16:23:38.784  1281  1919 I SuperDelight: SuperDelightManager.syncBundledLanguageModels():656 syncBundledLanguageModels(): clearing bundled_delight selection
03-05 16:23:38.786  1281  1919 I LmManager: LmManager.asyncUpdateEnabledLanguageModels():98 asyncUpdateEnabledLanguageModels()
03-05 16:23:38.791  1281  1281 I native  : I0000 00:00:1772702618.787769    1281 input-context-store.cc:279] Using roll back input context for operation: [AbortComposing] rolled back operation: [CreateOrResetDecoder] reason: client [-1] vs decoder [0]
03-05 16:23:38.792  1281  1919 I SuperDelight: SuperDelightManager.initializeOverridesSuperpacks():383 initializeOverridesSuperpacks()
03-05 16:23:38.792  1281  1281 E native  : E0000 00:00:1772702618.791896    1281 input-context-store.cc:317] kNoSpans: num_spans: 0, revertible_span_index: 0
03-05 16:23:38.792  1281  1281 E native  : composing: (0, 0], selection_start: [0, 0] selection_end: [0, 0]
03-05 16:23:38.792  1281  1919 I DelightKLPDownloader: DelightKLPDownloader.downloadKLPInternal():203 downloading KLP for en_840
03-05 16:23:38.794  1281  1281 I LatinIme: LatinIme.updateEnableInlineSuggestionsOnDecoderSideFlags():1255 inline flag updated to:false
03-05 16:23:38.795  1281  5862 I DelightKLPDownloader: DelightKLPDownloader.getBundledLmVersion():312 bundled KLP for en_840 version = 0
03-05 16:23:38.795  1281  1919 I DelightDataFileManagerLanguageModelProvider: DelightDataFileManagerLanguageModelProvider.fetchLanguageModel():79 find data en-US bundled_delight
03-05 16:23:38.797  1281  5862 I ManifestedDataDownloader: ManifestedDataDownloader.download():67 downloading manifest https://www.gstatic.com/android/keyboard/dictionarypack/2026012818/metadata.json-perlang/en-840.json?v=2026020200
03-05 16:23:38.798  1281  1281 I LatinIme: LatinIme.updateEnableInlineSuggestionsOnDecoderSideFlags():1255 inline flag updated to:false
03-05 16:23:38.801  1281  1919 I LmManager: LmManager.asyncUpdateEnabledLanguageModels():98 asyncUpdateEnabledLanguageModels()
03-05 16:23:38.801  1281  1919 I SuperDelight: SuperDelightManager.initializeOverridesSuperpacks():383 initializeOverridesSuperpacks()
03-05 16:23:38.802  1281  1840 I DownloadManager: DownloadManager.downloadInternal():424 Download for __KLP_manifest_delight__en-840 scheduled with params nie[allowMetered=true, requireCharging=false, foreground=false, immediately=true, priority=0]
03-05 16:23:38.802  1281  1840 I DownloadManager: DownloadManager.startDownload():508 start download of __KLP_manifest_delight__en-840
03-05 16:23:38.802  1281  1919 I DelightKLPDownloader: DelightKLPDownloader.downloadKLPInternal():203 downloading KLP for en_840
03-05 16:23:38.802  1281  1919 I MainLanguageModelLoader: MainLanguageModelLoader.updateLmAvailableState():361 updateLmAvailableState(): locale? en_US prevState? AVAILABLE
03-05 16:23:38.802  1281  1919 I MainLanguageModelLoader: MainLanguageModelLoader.updateLmAvailableState():397 updateLmAvailableState(): locale? en_US newState? AVAILABLE
03-05 16:23:38.803  1281  1919 I Delight5Facilitator: BlocklistLoader.call():40 Running blocklist loader
03-05 16:23:38.804  1281  5918 I SuperDelight: SuperDelightManager.initializeBundledDelightSuperpacks():357 initializeBundledDelightSuperpacks()
03-05 16:23:38.805  1281  5911 I DelightKLPDownloader: DelightKLPDownloader.getBundledLmVersion():312 bundled KLP for en_840 version = 0
03-05 16:23:38.805  1281  5911 I ManifestedDataDownloader: ManifestedDataDownloader.download():67 downloading manifest https://www.gstatic.com/android/keyboard/dictionarypack/2026012818/metadata.json-perlang/en-840.json?v=2026020200
03-05 16:23:38.806  1281  1917 I Delight5Decoder: Delight5DecoderWrapper.loadLanguageModel():771 loadLanguageModel() : 1, version [2026011600]
03-05 16:23:38.806  1281  1919 I Delight5Facilitator: ContactsLanguageModelLoader.call():38 Running contacts language model loader
03-05 16:23:38.807  1281  1919 I Delight5Facilitator: ContactsLanguageModelLoader.call():50 Contacts language model is unloaded: preferences=false, deviceLocked=false, blockPersonalData=false
03-05 16:23:38.807  1281  1919 I Delight5Facilitator: PersonalLanguageModelLoader.call():48 Running personal language model loader
03-05 16:23:38.807  1281  1919 I Delight5Facilitator: UserHistoryLanguageModelLoader.call():76 Running user history language model loader
03-05 16:23:38.808  1281  1840 I DownloadManager: DownloadManager$4.onSuccess():577 download for __KLP_manifest_delight__en-840 is finished with files # qna@a2bbd5f2
03-05 16:23:38.810  1281  1840 I DownloadManager: DownloadManager.downloadInternal():424 Download for __KLP_manifest_delight__en-840 scheduled with params nie[allowMetered=true, requireCharging=false, foreground=false, immediately=true, priority=0]
03-05 16:23:38.810  1281  1840 I DownloadManager: DownloadManager.startDownload():508 start download of __KLP_manifest_delight__en-840
03-05 16:23:38.811  1281  1840 I DownloadManager: DownloadManager$4.onSuccess():577 download for __KLP_manifest_delight__en-840 is finished with files # qna@a2bbd5f2
03-05 16:23:38.816  1281  5862 I ManifestedDataDownloader: ManifestedDataDownloader.checkVersionAndDownload():98 filegroup __KLP_delight__en-840 with version 2026011600 is already downloaded
03-05 16:23:38.817  1281  5862 I DelightKLPDownloader: DelightKLPDownloader$2.onSuccess():233 klp en_840 downloaded with version 2026011600
03-05 16:23:38.817  1281  1919 I EmojiSuperpacksManager: EmojiSuperpacksManager.triggerSync():386 triggerSync(3) : isBundled=false, isUserInitiated=false
03-05 16:23:38.817  1281  1919 I EmojiSuperpacksManager: EmojiSuperpacksManager.sync():475 Registering manifest for emoji
03-05 16:23:38.818  1281  1919 I EmojiSuperpacksManager: EmojiSuperpacksManager.triggerSync():386 triggerSync(4) : isBundled=true, isUserInitiated=false
03-05 16:23:38.818  1281  5911 I ManifestedDataDownloader: ManifestedDataDownloader.checkVersionAndDownload():98 filegroup __KLP_delight__en-840 with version 2026011600 is already downloaded
03-05 16:23:38.819  1281  5911 I DelightKLPDownloader: DelightKLPDownloader$2.onSuccess():233 klp en_840 downloaded with version 2026011600
03-05 16:23:38.820  1281  1919 I EmojiSuperpacksManager: EmojiSuperpacksManager.sync():475 Registering manifest for bundled_emoji
03-05 16:23:38.820  1281  1919 I EmojiShortcutsLoader: EmojiShortcutsLoader.getEmojiShortcuts():132 Emoji shortcut file does not exist.
03-05 16:23:38.820  1281  1798 E MDDMetricsProcessor: MDDMetricsProcessor.processDownloadSuccess():133 __KLP_manifest_delight__en-840 is not requested/started
03-05 16:23:38.820  1281  1919 I EmojiShortcutsLoader: EmojiShortcutsLoader.call():71 0 emoji shortcut maps loaded.
03-05 16:23:38.821  1281  1919 I EmojiShortcutsLoader: EmojiShortcutsLoader.call():82 Finished loading emoji shortcuts
03-05 16:23:38.821  1281  1919 I Delight5Facilitator: EmailLanguageModelLoader.call():33 Running email language model loader
03-05 16:23:38.821  1281  1919 I Delight5Facilitator: KeyCorrectionTfliteModelLoader.call():32 Running Key Correction Tflite Model loader
03-05 16:23:38.822  1281  1281 I InputBundle: InputBundle.consumeEvent():1041 Skip consuming an event as keyboard status is INACTIVE
03-05 16:23:38.822  1281  1281 I LatinIme: LatinIme.resetInputContext():2262 resetInputContext(): reason=1, externalEditsInfo=ExternalEditsInfo{action=0, offset=-1, text=null, originalText=null, edits=null}
03-05 16:23:38.822  1281  1281 I InputBundle: InputBundle.consumeEvent():1041 Skip consuming an event as keyboard status is INACTIVE
03-05 16:23:38.829  1281  5919 I SuperDelight: SuperDelightManager.initializeBundledDelightSuperpacks():357 initializeBundledDelightSuperpacks()
03-05 16:23:38.829  1281  1281 I KeyboardWrapper: KeyboardWrapper.activateKeyboard():582 activateKeyboard(): type=accessory, status=INACTIVE, imeDef=nkh{stringId=ime_english_united_states, language=en-US, languageTag=en-US, processedConditions={writing_helper_enable_by_word_revert=false, true=true, enable_number_row=false, device=phone, enable_pk_simulator=false}, className=com.google.android.apps.inputmethod.libs.latin5.LatinIme, label=0, keyEventInterpreter=null, inlineComposing=true, autoCapital=true, announceAutoSelectedCandidate=true, statusIcon=0, indicatorIcon=0, indicatorLabel=US, displayAppCompletions=true, extraValues=nka{#0x7f0b02e2=TypedValue{t=0x3/d=0x0 "com.google.android.apps.inputmethod.libs.latin5.LatinIme"}}, processors=nlz@1d92bb2, unacceptableMetaKeys=4098, languageSpecificSettings=0, asciiCapable=true, alwaysShowSuggestions=false, useAsciiPasswordKeyboard=false, keyboardGroupDef=nli@f68bec8, phenotypeFlagId=0, localizationLanguageTag=null, supportsInlineSuggestion=true}
03-05 16:23:38.829  1281  1281 I KeyboardManager: KeyboardManager.requestKeyboard():249 Creating keyboard accessory, imeId=ime_english_united_states, cacheKey=theme,!gsf,!pgsans,!pgsf,!use_system_font,BORDER,FLAVOR_DPI=XXHDPI,IS_LIGHT,KEYBOARD_WIDTH_CATEGORY=NORMAL,KEY_BORDER_SHAPE=1,LIGHT_THEME=true,PHYSICAL_DIAGONAL=6.225089,POPUP,SCREEN_SHORTEST_WIDTH=427,SCREEN_SHORTEST_WIDTH_NO_SCALE=427,SW400DP,XXHDPI,bottom4dp,enable_popup_on_keypress=true,keyboard_redesign_google_sans=true,non_linear_scale,noshadow,overlay_builtin_dynamic_color_light_base.binarypb:gm3-light-fffaf8ff-ff2a4174-24c2614f42d28deefdb4edcedd8f31ed,silkpopup
03-05 16:23:38.831  1281  1281 I KeyboardWrapper: KeyboardWrapper.onKeyboardReady():224 onKeyboardReady(): type=null(accessory), kb=com.google.android.libraries.inputmethod.keyboard.impl.Keyboard@bd6005e
03-05 16:23:38.831  1281  1281 I KeyboardWrapper: KeyboardWrapper.doActivateKeyboard():612 doActivateKeyboard(): accessory
03-05 16:23:38.831  1281  1281 W KeyboardDef: KeyboardDef.getKeyboardViewDef():739 KeyboardViewDef is not found: keyboardDef=nlc{processedConditions={}, globalConditions={}, className=com.google.android.libraries.inputmethod.keyboard.impl.Keyboard, resourceIds=[#0x7f17004e], initialStates=0, keyboardViewDefs=[], persistentStates=0, persistentStatesPrefKey=null, popupBubbleLayoutId=#0x0, recentKeyLayoutId=#0x0, recentKeyPopupLayoutId=#0x0, recentKeyType=null, rememberRecentKey=NONE, sessionStates=0}, type=HEADER, id=2131427877
03-05 16:23:38.832  1281  5918 I SuperDelight: SuperDelightManager.syncOverridesLanguageModels():620 SuperDelightManager#syncOverridesLanguageModels(): Superpack delight_overrides not found or negative version provided
03-05 16:23:38.832  1281  5919 I SuperDelight: SuperDelightManager.syncOverridesLanguageModels():620 SuperDelightManager#syncOverridesLanguageModels(): Superpack delight_overrides not found or negative version provided
03-05 16:23:38.838  1281  1281 W Keyboard: Keyboard.getKeyboardViewHelper():604 null helper is returned: keyboardDef=nlc{processedConditions={}, globalConditions={}, className=com.google.android.libraries.inputmethod.keyboard.impl.Keyboard, resourceIds=[#0x7f17004e], initialStates=0, keyboardViewDefs=[], persistentStates=0, persistentStatesPrefKey=null, popupBubbleLayoutId=#0x0, recentKeyLayoutId=#0x0, recentKeyPopupLayoutId=#0x0, recentKeyType=null, rememberRecentKey=NONE, sessionStates=0}, type=HEADER, helpersCreated={}, context.getResources().getConfiguration(): {1.0 310mcc260mnc [en_US] ldltr sw427dp w427dp h952dp 480dpi nrml long port finger qwerty/v/v dpad/v winConfig={ mBounds=Rect(0, 0 - 1280, 2856) mAppBounds=Rect(0, 0 - 1280, 2856) mMaxBounds=Rect(0, 0 - 1280, 2856) mDisplayRotation=ROTATION_0 mWindowingMode=fullscreen mActivityType=undefined mAlwaysOnTop=undefined mRotation=ROTATION_0} as.3 s.46 fontWeightAdjustment=0}
03-05 16:23:38.838  1281  1281 W KeyboardDef: KeyboardDef.getKeyboardViewDef():739 KeyboardViewDef is not found: keyboardDef=nlc{processedConditions={}, globalConditions={}, className=com.google.android.libraries.inputmethod.keyboard.impl.Keyboard, resourceIds=[#0x7f17004e], initialStates=0, keyboardViewDefs=[], persistentStates=0, persistentStatesPrefKey=null, popupBubbleLayoutId=#0x0, recentKeyLayoutId=#0x0, recentKeyPopupLayoutId=#0x0, recentKeyType=null, rememberRecentKey=NONE, sessionStates=0}, type=BODY, id=2131427877
03-05 16:23:38.838  1281  1281 W Keyboard: Keyboard.getKeyboardViewHelper():604 null helper is returned: keyboardDef=nlc{processedConditions={}, globalConditions={}, className=com.google.android.libraries.inputmethod.keyboard.impl.Keyboard, resourceIds=[#0x7f17004e], initialStates=0, keyboardViewDefs=[], persistentStates=0, persistentStatesPrefKey=null, popupBubbleLayoutId=#0x0, recentKeyLayoutId=#0x0, recentKeyPopupLayoutId=#0x0, recentKeyType=null, rememberRecentKey=NONE, sessionStates=0}, type=BODY, helpersCreated={}, context.getResources().getConfiguration(): {1.0 310mcc260mnc [en_US] ldltr sw427dp w427dp h952dp 480dpi nrml long port finger qwerty/v/v dpad/v winConfig={ mBounds=Rect(0, 0 - 1280, 2856) mAppBounds=Rect(0, 0 - 1280, 2856) mMaxBounds=Rect(0, 0 - 1280, 2856) mDisplayRotation=ROTATION_0 mWindowingMode=fullscreen mActivityType=undefined mAlwaysOnTop=undefined mRotation=ROTATION_0} as.3 s.46 fontWeightAdjustment=0}
03-05 16:23:38.839  1281  1281 I GlobeKeyExtension: GlobeKeyExtension.getKeyboardInitialStates():175 
03-05 16:23:38.839  1281  1281 W Keyboard: Keyboard.getKeyboardViewHelper():604 null helper is returned: keyboardDef=nlc{processedConditions={}, globalConditions={}, className=com.google.android.libraries.inputmethod.keyboard.impl.Keyboard, resourceIds=[#0x7f17004e], initialStates=0, keyboardViewDefs=[], persistentStates=0, persistentStatesPrefKey=null, popupBubbleLayoutId=#0x0, recentKeyLayoutId=#0x0, recentKeyPopupLayoutId=#0x0, recentKeyType=null, rememberRecentKey=NONE, sessionStates=0}, type=HEADER, helpersCreated={}, context.getResources().getConfiguration(): {1.0 310mcc260mnc [en_US] ldltr sw427dp w427dp h952dp 480dpi nrml long port finger qwerty/v/v dpad/v winConfig={ mBounds=Rect(0, 0 - 1280, 2856) mAppBounds=Rect(0, 0 - 1280, 2856) mMaxBounds=Rect(0, 0 - 1280, 2856) mDisplayRotation=ROTATION_0 mWindowingMode=fullscreen mActivityType=undefined mAlwaysOnTop=undefined mRotation=ROTATION_0} as.3 s.46 fontWeightAdjustment=0}
03-05 16:23:38.840  1281  1281 W Keyboard: Keyboard.getKeyboardViewHelper():604 null helper is returned: keyboardDef=nlc{processedConditions={}, globalConditions={}, className=com.google.android.libraries.inputmethod.keyboard.impl.Keyboard, resourceIds=[#0x7f17004e], initialStates=0, keyboardViewDefs=[], persistentStates=0, persistentStatesPrefKey=null, popupBubbleLayoutId=#0x0, recentKeyLayoutId=#0x0, recentKeyPopupLayoutId=#0x0, recentKeyType=null, rememberRecentKey=NONE, sessionStates=0}, type=BODY, helpersCreated={}, context.getResources().getConfiguration(): {1.0 310mcc260mnc [en_US] ldltr sw427dp w427dp h952dp 480dpi nrml long port finger qwerty/v/v dpad/v winConfig={ mBounds=Rect(0, 0 - 1280, 2856) mAppBounds=Rect(0, 0 - 1280, 2856) mMaxBounds=Rect(0, 0 - 1280, 2856) mDisplayRotation=ROTATION_0 mWindowingMode=fullscreen mActivityType=undefined mAlwaysOnTop=undefined mRotation=ROTATION_0} as.3 s.46 fontWeightAdjustment=0}
03-05 16:23:38.840  1281  1281 W KeyboardDef: KeyboardDef.getKeyboardViewDef():739 KeyboardViewDef is not found: keyboardDef=nlc{processedConditions={}, globalConditions={}, className=com.google.android.libraries.inputmethod.keyboard.impl.Keyboard, resourceIds=[#0x7f17004e], initialStates=0, keyboardViewDefs=[], persistentStates=0, persistentStatesPrefKey=null, popupBubbleLayoutId=#0x0, recentKeyLayoutId=#0x0, recentKeyPopupLayoutId=#0x0, recentKeyType=null, rememberRecentKey=NONE, sessionStates=0}, type=FLOATING_CANDIDATES, id=2131427877
03-05 16:23:38.840  1281  1281 W Keyboard: Keyboard.getKeyboardViewHelper():604 null helper is returned: keyboardDef=nlc{processedConditions={}, globalConditions={}, className=com.google.android.libraries.inputmethod.keyboard.impl.Keyboard, resourceIds=[#0x7f17004e], initialStates=0, keyboardViewDefs=[], persistentStates=0, persistentStatesPrefKey=null, popupBubbleLayoutId=#0x0, recentKeyLayoutId=#0x0, recentKeyPopupLayoutId=#0x0, recentKeyType=null, rememberRecentKey=NONE, sessionStates=0}, type=FLOATING_CANDIDATES, helpersCreated={}, context.getResources().getConfiguration(): {1.0 310mcc260mnc [en_US] ldltr sw427dp w427dp h952dp 480dpi nrml long port finger qwerty/v/v dpad/v winConfig={ mBounds=Rect(0, 0 - 1280, 2856) mAppBounds=Rect(0, 0 - 1280, 2856) mMaxBounds=Rect(0, 0 - 1280, 2856) mDisplayRotation=ROTATION_0 mWindowingMode=fullscreen mActivityType=undefined mAlwaysOnTop=undefined mRotation=ROTATION_0} as.3 s.46 fontWeightAdjustment=0}
03-05 16:23:38.840  1281  1281 W KeyboardDef: KeyboardDef.getKeyboardViewDef():739 KeyboardViewDef is not found: keyboardDef=nlc{processedConditions={}, globalConditions={}, className=com.google.android.libraries.inputmethod.keyboard.impl.Keyboard, resourceIds=[#0x7f17004e], initialStates=0, keyboardViewDefs=[], persistentStates=0, persistentStatesPrefKey=null, popupBubbleLayoutId=#0x0, recentKeyLayoutId=#0x0, recentKeyPopupLayoutId=#0x0, recentKeyType=null, rememberRecentKey=NONE, sessionStates=0}, type=WIDGET, id=2131427877
03-05 16:23:38.840  1281  1281 W Keyboard: Keyboard.getKeyboardViewHelper():604 null helper is returned: keyboardDef=nlc{processedConditions={}, globalConditions={}, className=com.google.android.libraries.inputmethod.keyboard.impl.Keyboard, resourceIds=[#0x7f17004e], initialStates=0, keyboardViewDefs=[], persistentStates=0, persistentStatesPrefKey=null, popupBubbleLayoutId=#0x0, recentKeyLayoutId=#0x0, recentKeyPopupLayoutId=#0x0, recentKeyType=null, rememberRecentKey=NONE, sessionStates=0}, type=WIDGET, helpersCreated={}, context.getResources().getConfiguration(): {1.0 310mcc260mnc [en_US] ldltr sw427dp w427dp h952dp 480dpi nrml long port finger qwerty/v/v dpad/v winConfig={ mBounds=Rect(0, 0 - 1280, 2856) mAppBounds=Rect(0, 0 - 1280, 2856) mMaxBounds=Rect(0, 0 - 1280, 2856) mDisplayRotation=ROTATION_0 mWindowingMode=fullscreen mActivityType=undefined mAlwaysOnTop=undefined mRotation=ROTATION_0} as.3 s.46 fontWeightAdjustment=0}
03-05 16:23:38.844  1281  1281 I KeyboardInterfacePrivate: IKeyboard.createKeyboard():67 Keyboard created from HiltKeyboardFactory: com.google.android.apps.inputmethod.latin.keyboard.LatinSymbolsKeyboard
03-05 16:23:38.845  1281  1281 I KeyboardInterfacePrivate: IKeyboard.createKeyboard():67 Keyboard created from HiltKeyboardFactory: com.google.android.apps.inputmethod.latin.keyboard.LatinDigitsKeyboard
03-05 16:23:38.845  1281  1281 I AndroidIME: InputBundleManager.startInput():361 startInput() with nlm[keyboardType=accessory, payload=null]
03-05 16:23:38.845  1281  1281 I PkModeUpdater: PkModeUpdater.onActivate():74 onActivate true true
03-05 16:23:38.845  1281  1281 I AccessoryInputModeManager: AccessoryInputModeManager.onModeStarted():324 Accessory input mode started: PK
03-05 16:23:38.850  1281  1281 W ExtensionWrapper: ExtensionWrapper.setAllowUpdateNavigationBarStyle():885 class kmb is not activate
03-05 16:23:38.850  1281  1281 I WidgetViewShowingController: WidgetViewShowingController.showWidgetKeyboardInternal():532 Show companion widget
03-05 16:23:38.851  1281  1758 I SP      : Registering bundled_delight.2025121000, url: null, constraints: *:*:*:*, flags: *, requested: 2025121000, current: 2025121000
03-05 16:23:38.852  1281  1758 I SP      : Registering emoji.2025081522, url: https://www.gstatic.com/android/keyboard/modelpack/emoji/20250815223343/superpacks_manifest.zip, constraints: m:*:*:*, flags: *, requested: 2025081522, current: 2025081522
03-05 16:23:38.854  1281  1281 W ExtensionWrapper: ExtensionWrapper.setAllowUpdateNavigationBarStyle():885 class kmb is not activate
03-05 16:23:38.854  1281  1281 I WidgetViewShowingPositionHandler: WidgetViewShowingPositionHandler.updateAvailableArea():199 update available area Rect(24, 180 - 1256, 2778)
03-05 16:23:38.854  1281  1758 I SP      : Registering bundled_emoji.2025011518, url: null, constraints: m:*:*:*, flags: *, requested: 2025011518, current: 2024051320
03-05 16:23:38.855  1281  1281 I KeyboardManager: KeyboardManager.requestKeyboard():249 Creating keyboard accessory_candidates_consumer, imeId=ime_english_united_states, cacheKey=theme,!gsf,!pgsans,!pgsf,!use_system_font,BORDER,FLAVOR_DPI=XXHDPI,IS_LIGHT,KEYBOARD_WIDTH_CATEGORY=NORMAL,KEY_BORDER_SHAPE=1,LIGHT_THEME=true,PHYSICAL_DIAGONAL=6.225089,POPUP,SCREEN_SHORTEST_WIDTH=427,SCREEN_SHORTEST_WIDTH_NO_SCALE=427,SW400DP,XXHDPI,bottom4dp,enable_popup_on_keypress=true,keyboard_redesign_google_sans=true,non_linear_scale,noshadow,overlay_builtin_dynamic_color_light_base.binarypb:gm3-light-fffaf8ff-ff2a4174-24c2614f42d28deefdb4edcedd8f31ed,silkpopup
03-05 16:23:38.856  1281  1758 I SP      : Registering kc_tflite_model.2024052201, url: https://www.gstatic.com/android/keyboard/kc_triggering_model/superpacks-manifest-20240423_102657.json, constraints: W:*:*:*, flags: bg, requested: 2024052201, current: 2024052201
03-05 16:23:38.859  1281  1281 I KeyboardInterfacePrivate: IKeyboard.createKeyboard():67 Keyboard created from HiltKeyboardFactory: com.google.android.apps.inputmethod.latin.keyboard.AccessoryKeyboard
03-05 16:23:38.859  1281  1281 I GlobeKeyExtension: GlobeKeyExtension.getKeyboardInitialStates():175 
03-05 16:23:38.859  1281  1758 I SP      : Registering kc_tflite_model.2024052201, url: https://www.gstatic.com/android/keyboard/kc_triggering_model/superpacks-manifest-20240423_102657.json, constraints: W:*:*:*, flags: bg, requested: 2024052201, current: 2024052201
03-05 16:23:38.859  1281  1281 W KeyboardDef: KeyboardDef.getKeyboardViewDef():739 KeyboardViewDef is not found: keyboardDef=nlc{processedConditions={}, globalConditions={global_theme_key=theme,!gsf,!pgsans,!pgsf,!use_system_font,BORDER,FLAVOR_DPI=XXHDPI,IS_LIGHT,KEYBOARD_WIDTH_CATEGORY=NORMAL,KEY_BORDER_SHAPE=1,LIGHT_THEME=true,PHYSICAL_DIAGONAL=6.225089,POPUP,SCREEN_SHORTEST_WIDTH=427,SCREEN_SHORTEST_WIDTH_NO_SCALE=427,SW400DP,XXHDPI,bottom4dp,enable_popup_on_keypress=true,keyboard_redesign_google_sans=true,non_linear_scale,noshadow,overlay_builtin_dynamic_color_light_base.binarypb:gm3-light-fffaf8ff-ff2a4174-24c2614f42d28deefdb4edcedd8f31ed,silkpopup, global_locale=en_US, global_density_dpi=480, global_orientation=1}, className=.latin.keyboard.AccessoryKeyboard, resourceIds=[#0x7f17004d], initialStates=0, keyboardViewDefs=[nlq{direction=null, id=#0x7f0b0225, isScalable=false, layoutId=#0x7f0e0031, type=FLOATING_CANDIDATES, touchable=true, defaultShow=false}], persistentStates=0, persistentStatesPrefKey=null, popupBubbleLayoutId=#0x7f0e0604, recentKeyLayoutId=#0x0, recentKeyPopupLayoutId=#0x0, recentKeyType=null, rememberRecentKey=NONE, sessionStates=0}, type=HEADER, id=2131427877
03-05 16:23:38.859  1281  1758 I SP      : Registering kc_tflite_model.2024052201, url: https://www.gstatic.com/android/keyboard/kc_triggering_model/superpacks-manifest-20240423_102657.json, constraints: W:*:*:*, flags: bg, requested: 2024052201, current: 2024052201
