03-05 16:23:31.923  2370  2370 I native  : I0000 00:00:1772702611.923751    2370 affix_word_splitter_data.cc:33] Ambiguous affix entries for spelling [ed] -- their grammars should disambiguate them.
03-05 16:23:31.923  2370  2370 I native  : I0000 00:00:1772702611.923870    2370 affix_word_splitter_data.cc:33] Ambiguous affix entries for spelling [ed] -- their grammars should disambiguate them.
03-05 16:23:31.924  2370  2370 I native  : I0000 00:00:1772702611.924026    2370 affix_word_splitter_data.cc:33] Ambiguous affix entries for spelling [ed] -- their grammars should disambiguate them.
03-05 16:23:31.924  2370  2370 I native  : I0000 00:00:1772702611.924157    2370 affix_word_splitter_data.cc:89] Loaded affixes in [/data/user_de/0/com.google.android.tts/files/superpacks/en-us/en-us-x-multi-seanet-r83/../en-us-x-multi-r83/affixes_params_en_us.pb].
03-05 16:23:31.924  2370  2370 I native  : I0000 00:00:1772702611.924313    2370 android_resource_loader.cc:100] Built resource affix_word_splitter
03-05 16:23:31.924  2370  2370 I native  : I0000 00:00:1772702611.924480    2370 android_resource_loader.cc:116] Loaded resource:affix_word_splitter
03-05 16:23:31.924  2370  2370 I native  : I0000 00:00:1772702611.924624    2370 data_source.cc:95] Opening data source "/data/user_de/0/com.google.android.tts/files/superpacks/en-us/en-us-x-multi-seanet-r83/../en-us-x-multi-r83/roman_numeral_android.far" (as: FILE) ...
03-05 16:23:31.925  2370  2370 I native  : I0000 00:00:1772702611.925085    2370 data_source.cc:99] ... Opened data source "/data/user_de/0/com.google.android.tts/files/superpacks/en-us/en-us-x-multi-seanet-r83/../en-us-x-multi-r83/roman_numeral_android.far" of size 5112
03-05 16:23:31.926  2370  2370 I native  : I0000 00:00:1772702611.926622    2370 android_resource_loader.cc:100] Built resource classify_roman_numerals_grm_fst
03-05 16:23:31.926  2370  2370 I native  : I0000 00:00:1772702611.926763    2370 android_resource_loader.cc:116] Loaded resource:classify_roman_numerals_grm_fst
03-05 16:23:31.926  2370  2370 I native  : I0000 00:00:1772702611.926891    2370 data_source.cc:95] Opening data source "/data/user_de/0/com.google.android.tts/files/superpacks/en-us/en-us-x-multi-seanet-r83/../en-us-x-multi-r83/en_us_pronounce.far" (as: FILE) ...
03-05 16:23:31.927  2370  2370 I native  : I0000 00:00:1772702611.927025    2370 data_source.cc:99] ... Opened data source "/data/user_de/0/com.google.android.tts/files/superpacks/en-us/en-us-x-multi-seanet-r83/../en-us-x-multi-r83/en_us_pronounce.far" of size 5040
03-05 16:23:31.927  2370  2370 I native  : I0000 00:00:1772702611.927670    2370 android_resource_loader.cc:100] Built resource compound_pronounce_grm_fst
03-05 16:23:31.927  2370  2370 I native  : I0000 00:00:1772702611.927791    2370 android_resource_loader.cc:116] Loaded resource:compound_pronounce_grm_fst
03-05 16:23:31.928  2370  2370 I native  : I0000 00:00:1772702611.928150    2370 data_source.cc:95] Opening data source "/data/user_de/0/com.google.android.tts/files/superpacks/en-us/en-us-x-multi-seanet-r83/../en-us-x-multi-r83/disambiguation_rules_en_us.pb" (as: FILE) ...
03-05 16:23:31.928  2370  2370 I native  : I0000 00:00:1772702611.928298    2370 data_source.cc:99] ... Opened data source "/data/user_de/0/com.google.android.tts/files/superpacks/en-us/en-us-x-multi-seanet-r83/../en-us-x-multi-r83/disambiguation_rules_en_us.pb" of size 317147
03-05 16:23:31.973   380  5865 W android.hardware.audio@7.1-impl.ranchu: pcmWrite:259 pcm_writei failed with 'cannot read/write stream data: I/O error' (-1)
03-05 16:23:31.973   380  5865 E android.hardware.audio@7.1-impl.ranchu: pcmWrite:260 failure: -1
03-05 16:23:32.087  2370  2370 I native  : I0000 00:00:1772702612.087322    2370 android_resource_loader.cc:100] Built resource disambiguation_rules
03-05 16:23:32.089  2370  2370 I native  : I0000 00:00:1772702612.089113    2370 android_resource_loader.cc:116] Loaded resource:disambiguation_rules
03-05 16:23:32.089  2370  2370 I native  : I0000 00:00:1772702612.089872    2370 data_source.cc:95] Opening data source "/data/user_de/0/com.google.android.tts/files/superpacks/en-us/en-us-x-multi-seanet-r83/engine_config_en_us_x_embedded_havoc.pb" (as: FILE) ...
03-05 16:23:32.090  2370  2370 I native  : I0000 00:00:1772702612.090061    2370 data_source.cc:99] ... Opened data source "/data/user_de/0/com.google.android.tts/files/superpacks/en-us/en-us-x-multi-seanet-r83/engine_config_en_us_x_embedded_havoc.pb" of size 54
03-05 16:23:32.090  2370  2370 I native  : I0000 00:00:1772702612.090480    2370 android_resource_loader.cc:100] Built resource engine_config
03-05 16:23:32.090  2370  2370 I native  : I0000 00:00:1772702612.090577    2370 android_resource_loader.cc:116] Loaded resource:engine_config
03-05 16:23:32.090  2370  2370 I native  : I0000 00:00:1772702612.090864    2370 android_resource_loader.cc:100] Built resource guided_synthesis
03-05 16:23:32.090  2370  2370 I native  : I0000 00:00:1772702612.090970    2370 android_resource_loader.cc:116] Loaded resource:guided_synthesis
03-05 16:23:32.091  2370  2370 I native  : I0000 00:00:1772702612.091069    2370 data_source.cc:95] Opening data source "/data/user_de/0/com.google.android.tts/files/superpacks/en-us/en-us-x-multi-seanet-r83/../en-us-x-multi-r83/mapping_grammar_en.far" (as: FILE) ...
03-05 16:23:32.091  2370  2370 I native  : I0000 00:00:1772702612.091173    2370 data_source.cc:99] ... Opened data source "/data/user_de/0/com.google.android.tts/files/superpacks/en-us/en-us-x-multi-seanet-r83/../en-us-x-multi-r83/mapping_grammar_en.far" of size 863
03-05 16:23:32.091  2370  2370 I native  : I0000 00:00:1772702612.091466    2370 android_resource_loader.cc:100] Built resource homograph_mapping_grammar
03-05 16:23:32.091  2370  2370 I native  : I0000 00:00:1772702612.091562    2370 android_resource_loader.cc:116] Loaded resource:homograph_mapping_grammar
03-05 16:23:32.091  2370  2370 I native  : I0000 00:00:1772702612.091777    2370 data_source.cc:95] Opening data source "/data/user_de/0/com.google.android.tts/files/superpacks/en-us/en-us-x-multi-seanet-r83/../en-us-x-multi-r83/lettuce_model.fb" (as: MEMORY) ...
03-05 16:23:32.091  2370  2370 I native  : I0000 00:00:1772702612.091917    2370 data_source.cc:99] ... Opened data source "/data/user_de/0/com.google.android.tts/files/superpacks/en-us/en-us-x-multi-seanet-r83/../en-us-x-multi-r83/lettuce_model.fb" of size 2100680
03-05 16:23:32.092  2370  2370 I native  : I0000 00:00:1772702612.092275    2370 android_resource_loader.cc:100] Built resource lettuce_model_resource
03-05 16:23:32.092  2370  2370 I native  : I0000 00:00:1772702612.092360    2370 android_resource_loader.cc:116] Loaded resource:lettuce_model_resource
03-05 16:23:32.092  2370  2370 I native  : I0000 00:00:1772702612.092542    2370 android_resource_loader.cc:100] Built resource lettuce_model_scorer
03-05 16:23:32.092  2370  2370 I native  : I0000 00:00:1772702612.092629    2370 android_resource_loader.cc:116] Loaded resource:lettuce_model_scorer
03-05 16:23:32.092  2370  2370 I native  : I0000 00:00:1772702612.092715    2370 data_source.cc:95] Opening data source "/data/user_de/0/com.google.android.tts/files/superpacks/en-us/en-us-x-multi-seanet-r83/../en-us-x-multi-r83/lettuce_classify_embedded_us_generated_android.far" (as: FILE) ...
03-05 16:23:32.092  2370  2370 I native  : I0000 00:00:1772702612.092815    2370 data_source.cc:99] ... Opened data source "/data/user_de/0/com.google.android.tts/files/superpacks/en-us/en-us-x-multi-seanet-r83/../en-us-x-multi-r83/lettuce_classify_embedded_us_generated_android.far" of size 4439801
03-05 16:23:32.160  2370  2370 I native  : I0000 00:00:1772702612.160078    2370 android_resource_loader.cc:100] Built resource lettuce_node_generator_grm
03-05 16:23:32.173  2370  2370 I native  : I0000 00:00:1772702612.173475    2370 android_resource_loader.cc:116] Loaded resource:lettuce_node_generator_grm
03-05 16:23:32.173  2370  2370 I native  : I0000 00:00:1772702612.173630    2370 data_source.cc:95] Opening data source "/data/user_de/0/com.google.android.tts/files/superpacks/en-us/en-us-x-multi-seanet-r83/../en-us-x-multi-r83/lucid_collection_android.far" (as: FILE) ...
03-05 16:23:32.173  2370  2370 I native  : I0000 00:00:1772702612.173797    2370 data_source.cc:99] ... Opened data source "/data/user_de/0/com.google.android.tts/files/superpacks/en-us/en-us-x-multi-seanet-r83/../en-us-x-multi-r83/lucid_collection_android.far" of size 306120
03-05 16:23:32.178  2370  2370 I native  : I0000 00:00:1772702612.178280    2370 android_resource_loader.cc:100] Built resource lucid_parser_grm_fst
03-05 16:23:32.178  2370  2370 I native  : I0000 00:00:1772702612.178881    2370 android_resource_loader.cc:116] Loaded resource:lucid_parser_grm_fst
03-05 16:23:32.179  2370  2370 I native  : I0000 00:00:1772702612.179076    2370 data_source.cc:95] Opening data source "/data/user_de/0/com.google.android.tts/files/superpacks/en-us/en-us-x-multi-seanet-r83/../en-us-x-multi-r83/markup_triggers.pb" (as: FILE) ...
03-05 16:23:32.179  2370  2370 I native  : I0000 00:00:1772702612.179225    2370 data_source.cc:99] ... Opened data source "/data/user_de/0/com.google.android.tts/files/superpacks/en-us/en-us-x-multi-seanet-r83/../en-us-x-multi-r83/markup_triggers.pb" of size 930
03-05 16:23:32.179  2370  2370 I native  : I0000 00:00:1772702612.179592    2370 android_resource_loader.cc:100] Built resource markup_triggers
03-05 16:23:32.179  2370  2370 I native  : I0000 00:00:1772702612.179649    2370 android_resource_loader.cc:116] Loaded resource:markup_triggers
03-05 16:23:32.179  2370  2370 I native  : I0000 00:00:1772702612.179742    2370 data_source.cc:95] Opening data source "/data/user_de/0/com.google.android.tts/files/superpacks/en-us/en-us-x-multi-seanet-r83/../en-us-x-multi-r83/morphosyntactic_mapping.pb" (as: FILE) ...
03-05 16:23:32.179  2370  2370 I native  : I0000 00:00:1772702612.179841    2370 data_source.cc:99] ... Opened data source "/data/user_de/0/com.google.android.tts/files/superpacks/en-us/en-us-x-multi-seanet-r83/../en-us-x-multi-r83/morphosyntactic_mapping.pb" of size 6
03-05 16:23:32.180  2370  2370 I native  : I0000 00:00:1772702612.180051    2370 android_resource_loader.cc:100] Built resource morph_analyzer_attribute_map
03-05 16:23:32.180  2370  2370 I native  : I0000 00:00:1772702612.180557    2370 android_resource_loader.cc:116] Loaded resource:morph_analyzer_attribute_map
03-05 16:23:32.180   887  1075 I Choreographer: Skipped 36 frames!  The application may be doing too much work on its main thread.
03-05 16:23:32.185  2370  2370 I native  : I0000 00:00:1772702612.185941    2370 android_resource_loader.cc:100] Built resource multilingual_capabilities
03-05 16:23:32.186  2370  2370 I native  : I0000 00:00:1772702612.186124    2370 android_resource_loader.cc:116] Loaded resource:multilingual_capabilities
03-05 16:23:32.187  2370  2370 I native  : I0000 00:00:1772702612.187045    2370 data_source.cc:95] Opening data source "/data/user_de/0/com.google.android.tts/files/superpacks/en-us/en-us-x-multi-seanet-r83/../en-us-x-multi-r83/en_us_phonology.pb" (as: FILE) ...
03-05 16:23:32.187  2370  2370 I native  : I0000 00:00:1772702612.187124    2370 data_source.cc:99] ... Opened data source "/data/user_de/0/com.google.android.tts/files/superpacks/en-us/en-us-x-multi-seanet-r83/../en-us-x-multi-r83/en_us_phonology.pb" of size 2196
03-05 16:23:32.195  2370  2370 W native  : W0000 00:00:1772702612.195209    2370 phonology.cc:80] Phonemes @, @` have non-distinctive features. See b/111971558.
03-05 16:23:32.195  2370  2370 W native  : W0000 00:00:1772702612.195520    2370 phonology.cc:80] Phonemes l, r\ have non-distinctive features. See b/111971558.
03-05 16:23:32.197  2370  2370 I native  : I0000 00:00:1772702612.197169    2370 android_resource_loader.cc:100] Built resource phonology
03-05 16:23:32.198  5369  5475 I HWUI    : Davey! duration=907ms; Flags=1, FrameTimelineVsyncId=320847, IntendedVsync=783265591306, Vsync=783498924630, InputEventId=0, HandleInputStart=783512678800, AnimationStart=783512705200, PerformTraversalsStart=783512949300, DrawStart=784142311200, FrameDeadline=783282257972, FrameInterval=783510241500, FrameStartTime=16666666, SyncQueued=784142552600, SyncStart=784144741600, IssueDrawCommandsStart=784144919400, SwapBuffers=784145346000, FrameCompleted=784175566600, DequeueBufferDuration=36200, QueueBufferDuration=288300, GpuCompleted=784175566600, SwapBuffersCompleted=784162956600, DisplayPresentTime=0, CommandSubmissionCompleted=784145346000, 
03-05 16:23:32.198  2370  2370 I native  : I0000 00:00:1772702612.198466    2370 android_resource_loader.cc:116] Loaded resource:phonology
03-05 16:23:32.199  2370  2370 I native  : I0000 00:00:1772702612.199031    2370 data_source.cc:95] Opening data source "/data/user_de/0/com.google.android.tts/files/superpacks/en-us/en-us-x-multi-seanet-r83/../en-us-x-multi-r83/en_morphology" (as: FILE) ...
03-05 16:23:32.199  2370  2370 I native  : I0000 00:00:1772702612.199383    2370 data_source.cc:99] ... Opened data source "/data/user_de/0/com.google.android.tts/files/superpacks/en-us/en-us-x-multi-seanet-r83/../en-us-x-multi-r83/en_morphology" of size 2753822
03-05 16:23:32.200   480   556 W IPCThreadState: Sending oneway calls to frozen process.
03-05 16:23:32.212  2370  2370 I native  : I0000 00:00:1772702612.212482    2370 model-api.cc:46] Registered model under key morphology
03-05 16:23:32.220  2370  2370 I native  : I0000 00:00:1772702612.220690    2370 android_resource_loader.cc:100] Built resource analyze_morphology_saft_portable_algo
03-05 16:23:32.221   604   747 I ImeTracker: host.exp.exponent:45f240c5: onRequestHide at ORIGIN_SERVER reason HIDE_UNSPECIFIED_WINDOW fromUser false
03-05 16:23:32.222  2370  2370 I native  : I0000 00:00:1772702612.222855    2370 android_resource_loader.cc:116] Loaded resource:analyze_morphology_saft_portable_algo
03-05 16:23:32.223  2370  2370 I native  : I0000 00:00:1772702612.223174    2370 data_source.cc:95] Opening data source "/data/user_de/0/com.google.android.tts/files/superpacks/en-us/en-us-x-multi-seanet-r83/../en-us-x-multi-r83/ipa_to_tts_to-en_us.far" (as: FILE) ...
03-05 16:23:32.223  2370  2370 I native  : I0000 00:00:1772702612.223382    2370 data_source.cc:99] ... Opened data source "/data/user_de/0/com.google.android.tts/files/superpacks/en-us/en-us-x-multi-seanet-r83/../en-us-x-multi-r83/ipa_to_tts_to-en_us.far" of size 465858
03-05 16:23:32.227  2370  2370 I native  : I0000 00:00:1772702612.227546    2370 android_resource_loader.cc:100] Built resource ipa_to_tts_phoneme_mapper
03-05 16:23:32.228  2370  2370 I native  : I0000 00:00:1772702612.228077    2370 android_resource_loader.cc:116] Loaded resource:ipa_to_tts_phoneme_mapper
03-05 16:23:32.228  2370  2370 I native  : I0000 00:00:1772702612.228242    2370 data_source.cc:95] Opening data source "/data/user_de/0/com.google.android.tts/files/superpacks/en-us/en-us-x-multi-seanet-r83/../en-us-x-multi-r83/en_us.hlex.bin" (as: MEMORY) ...
03-05 16:23:32.228  2370  2370 I native  : I0000 00:00:1772702612.228900    2370 data_source.cc:99] ... Opened data source "/data/user_de/0/com.google.android.tts/files/superpacks/en-us/en-us-x-multi-seanet-r83/../en-us-x-multi-r83/en_us.hlex.bin" of size 5117760
03-05 16:23:32.229  5369  5369 I Choreographer: Skipped 42 frames!  The application may be doing too much work on its main thread.
03-05 16:23:32.234  2370  2370 I native  : I0000 00:00:1772702612.234235    2370 android_resource_loader.cc:100] Built resource lexicon
03-05 16:23:32.234  2370  2370 I native  : I0000 00:00:1772702612.234560    2370 android_resource_loader.cc:116] Loaded resource:lexicon
03-05 16:23:32.236   604   747 I ImeTracker: host.exp.exponent:45f240c5: onCancelled at PHASE_SERVER_SHOULD_HIDE
03-05 16:23:32.236  2370  2370 I native  : I0000 00:00:1772702612.236612    2370 data_source.cc:95] Opening data source "/data/user_de/0/com.google.android.tts/files/superpacks/en-us/en-us-x-multi-seanet-r83/../en-us-x-multi-r83/homographs_model_en_us_embedded.bin" (as: MEMORY) ...
03-05 16:23:32.236  2370  2370 I native  : I0000 00:00:1772702612.236726    2370 data_source.cc:99] ... Opened data source "/data/user_de/0/com.google.android.tts/files/superpacks/en-us/en-us-x-multi-seanet-r83/../en-us-x-multi-r83/homographs_model_en_us_embedded.bin" of size 399120
03-05 16:23:32.237   887  1075 W WindowOnBackDispatcher: sendCancelIfRunning: isInProgress=false callback=android.view.ViewRootImpl$$ExternalSyntheticLambda11@fededfa
03-05 16:23:32.240   604  1669 D CoreBackPreview: Window{1cea5c8 u0 Splash Screen host.exp.exponent EXITING}: Setting back callback null
03-05 16:23:32.243   604  1669 W InputManager-JNI: Input channel object '1cea5c8 Splash Screen host.exp.exponent (client)' was disposed without first being removed with the input manager!
03-05 16:23:32.252  2370  2370 I native  : I0000 00:00:1772702612.252346    2370 android_resource_loader.cc:100] Built resource homograph_classifier_model_resource
03-05 16:23:32.255  2370  2370 I native  : I0000 00:00:1772702612.255727    2370 android_resource_loader.cc:116] Loaded resource:homograph_classifier_model_resource
03-05 16:23:32.256  2370  2370 I native  : I0000 00:00:1772702612.256379    2370 data_source.cc:95] Opening data source "/data/user_de/0/com.google.android.tts/files/superpacks/en-us/en-us-x-multi-seanet-r83/lettuce_node_generator_params_embedded_us_runtime.pb" (as: FILE) ...
03-05 16:23:32.256  2370  2370 I native  : I0000 00:00:1772702612.256553    2370 data_source.cc:99] ... Opened data source "/data/user_de/0/com.google.android.tts/files/superpacks/en-us/en-us-x-multi-seanet-r83/lettuce_node_generator_params_embedded_us_runtime.pb" of size 2599
03-05 16:23:32.263  5369  5369 D VRI[PopupWindow:e9b572a]: visibilityChanged oldVisibility=true newVisibility=false
03-05 16:23:32.265  5369  5369 D VRI[ExperienceActivity]: visibilityChanged oldVisibility=true newVisibility=false
03-05 16:23:32.267  1281  1281 I GoogleInputMethodService: GoogleInputMethodService.onFinishInput():2113 
03-05 16:23:32.273  1281  1281 I Module  : DeviceLockedStatusModuleProvider$Module.updateDeviceLockedStatus():103 repeatCheckTimes = 0, locked = false
03-05 16:23:32.273   604  1669 D CoreBackPreview: Window{5fcb4b1 u0 PopupWindow:bc451d1}: Setting back callback OnBackInvokedCallbackInfo{mCallback=android.window.IOnBackInvokedCallback$Stub$Proxy@c046d22, mPriority=0, mIsAnimationCallback=false}
03-05 16:23:32.280  1281  1281 I GoogleInputMethodService: GoogleInputMethodService.onStartInput():1384 onStartInput(EditorInfo{EditorInfo{packageName=host.exp.exponent, inputType=0, inputTypeString=NULL, enableLearning=false, autoCorrection=false, autoComplete=false, imeOptions=0, privateImeOptions=null, actionName=UNSPECIFIED, actionLabel=null, initialSelStart=-1, initialSelEnd=-1, initialCapsMode=0, label=null, fieldId=0, fieldName=null, extras=null, hintText=null, hintLocales=[]}}, false)
03-05 16:23:32.285  1281  1281 I Module  : DeviceLockedStatusModuleProvider$Module.updateDeviceLockedStatus():103 repeatCheckTimes = 1, locked = false
03-05 16:23:32.293   604  1669 W PackageConfigPersister: App-specific configuration not found for packageName: host.exp.exponent and userId: 0
03-05 16:23:32.420  5369  5369 W unknown:Fresco: Fresco has already been initialized! `Fresco.initialize(...)` should only be called 1 single time to avoid memory leaks!
03-05 16:23:32.421  5369  5369 W unknown:ImagePipelineFactory: ImagePipelineFactory has already been initialized! `ImagePipelineFactory.initialize(...)` should only be called once to avoid unexpected behavior.
03-05 16:23:32.422  5369  5369 W WindowOnBackDispatcher: sendCancelIfRunning: isInProgress=false callback=android.view.ViewRootImpl$$ExternalSyntheticLambda11@cc90a20
03-05 16:23:32.426   604  1668 D CoreBackPreview: Window{fe9460d u0 host.exp.exponent/host.exp.exponent.experience.ExperienceActivity}: Setting back callback null
03-05 16:23:32.426   604  1669 W InputManager-JNI: Input channel object 'fe9460d host.exp.exponent/host.exp.exponent.experience.ExperienceActivity (client)' was disposed without first being removed with the input manager!
03-05 16:23:32.426   604  1669 W InputManager-JNI: Input channel object 'd095444 PopupWindow:e9b572a (client)' was disposed without first being removed with the input manager!
03-05 16:23:32.433  5369  5369 E WindowManager: android.view.WindowLeaked: Activity host.exp.exponent.experience.ExperienceActivity has leaked window android.widget.PopupWindow$PopupDecorView{90c8427 V.E...... R......D 0,0-1280,109} that was originally added here
03-05 16:23:32.433  5369  5369 E WindowManager: 	at android.view.ViewRootImpl.<init>(ViewRootImpl.java:1246)
03-05 16:23:32.433  5369  5369 E WindowManager: 	at android.view.ViewRootImpl.<init>(ViewRootImpl.java:1232)
03-05 16:23:32.433  5369  5369 E WindowManager: 	at android.view.WindowManagerGlobal.addView(WindowManagerGlobal.java:428)
03-05 16:23:32.433  5369  5369 E WindowManager: 	at android.view.WindowManagerImpl.addView(WindowManagerImpl.java:158)
03-05 16:23:32.433  5369  5369 E WindowManager: 	at android.widget.PopupWindow.invokePopup(PopupWindow.java:1580)
03-05 16:23:32.433  5369  5369 E WindowManager: 	at android.widget.PopupWindow.showAtLocation(PopupWindow.java:1346)
03-05 16:23:32.433  5369  5369 E WindowManager: 	at android.widget.PopupWindow.showAtLocation(PopupWindow.java:1312)
03-05 16:23:32.433  5369  5369 E WindowManager: 	at Oh.f.l(SourceFile:26)
03-05 16:23:32.433  5369  5369 E WindowManager: 	at Oh.f.e(SourceFile:1)
03-05 16:23:32.433  5369  5369 E WindowManager: 	at Oh.e.run(SourceFile:1)
03-05 16:23:32.433  5369  5369 E WindowManager: 	at android.os.Handler.handleCallback(Handler.java:959)
03-05 16:23:32.433  5369  5369 E WindowManager: 	at android.os.Handler.dispatchMessage(Handler.java:100)
03-05 16:23:32.433  5369  5369 E WindowManager: 	at android.os.Looper.loopOnce(Looper.java:232)
03-05 16:23:32.433  5369  5369 E WindowManager: 	at android.os.Looper.loop(Looper.java:317)
03-05 16:23:32.433  5369  5369 E WindowManager: 	at android.app.ActivityThread.main(ActivityThread.java:8705)
03-05 16:23:32.433  5369  5369 E WindowManager: 	at java.lang.reflect.Method.invoke(Native Method)
03-05 16:23:32.433  5369  5369 E WindowManager: 	at com.android.internal.os.RuntimeInit$MethodAndArgsCaller.run(RuntimeInit.java:580)
03-05 16:23:32.433  5369  5369 E WindowManager: 	at com.android.internal.os.ZygoteInit.main(ZygoteInit.java:886)
03-05 16:23:32.455  5369  5369 W WindowOnBackDispatcher: sendCancelIfRunning: isInProgress=false callback=android.view.ViewRootImpl$$ExternalSyntheticLambda11@5efbbf6
03-05 16:23:32.458  1185  1185 I TopTaskTracker: onTaskRemoved: taskId=207
03-05 16:23:32.458   604  1669 W WindowManager: Failed looking up window session=Session{ca20f77 5369:u0a10212} callers=com.android.server.wm.WindowManagerService.windowForClientLocked:6311 com.android.server.wm.Session.setOnBackInvokedCallbackInfo:1020 android.view.IWindowSession$Stub.onTransact:1199 
03-05 16:23:32.458   604  1669 I WindowManager: setOnBackInvokedCallback(): No window state for package:host.exp.exponent
03-05 16:23:32.460  1185  1185 I TopTaskTracker: onTaskRemoved: taskId=207
03-05 16:23:32.461  5369  5477 I ExpoModulesCore: Γ£à ModuleRegistry was destroyed
03-05 16:23:32.462   604  1668 W WindowManager: Failed looking up window session=Session{ca20f77 5369:u0a10212} callers=com.android.server.wm.WindowManagerService.removeClientToken:2058 com.android.server.wm.Session.remove:274 android.view.IWindowSession$Stub.onTransact:685 
03-05 16:23:32.477  5369  5477 I ExpoModulesCore: Γ£à AppContext was destroyed
03-05 16:23:32.482  5369  5477 I ExpoModulesCore: Γ£à KotlinInteropModuleRegistry was destroyed
03-05 16:23:32.483  5369  5477 W unknown:ReactNative: Tried to enqueue runnable on already finished thread: 'v_native... dropping Runnable.
03-05 16:23:32.484  5369  5477 E unknown:ReactNative: Tried to remove non-existent frame callback
03-05 16:23:32.486  5369  5477 W unknown:ReactNative: Tried to enqueue runnable on already finished thread: 'v_native... dropping Runnable.
03-05 16:23:32.488  5369  5477 W unknown:ReactNative: Tried to enqueue runnable on already finished thread: 'v_native... dropping Runnable.
03-05 16:23:32.489  5369  5477 W unknown:ReactNative: Tried to enqueue runnable on already finished thread: 'v_native... dropping Runnable.
03-05 16:23:32.489  5369  5477 W unknown:ReactNative: Tried to enqueue runnable on already finished thread: 'v_native... dropping Runnable.
03-05 16:23:32.490  5369  5477 W unknown:ReactNative: Tried to enqueue runnable on already finished thread: 'v_native... dropping Runnable.
03-05 16:23:32.490  5369  5477 W unknown:ReactNative: Tried to enqueue runnable on already finished thread: 'v_native... dropping Runnable.
03-05 16:23:32.493  5369  5477 W unknown:ReactNative: Tried to enqueue runnable on already finished thread: 'v_native... dropping Runnable.
03-05 16:23:32.493  5369  5477 W unknown:ReactNative: Tried to enqueue runnable on already finished thread: 'v_native... dropping Runnable.
03-05 16:23:32.493  5369  5477 W unknown:ReactNative: Tried to enqueue runnable on already finished thread: 'v_native... dropping Runnable.
03-05 16:23:32.498  5369  5477 W unknown:ReactNative: Tried to enqueue runnable on already finished thread: 'v_native... dropping Runnable.
03-05 16:23:32.498  5369  5477 W unknown:ReactNative: Tried to enqueue runnable on already finished thread: 'v_native... dropping Runnable.
03-05 16:23:32.498  5369  5477 W unknown:ReactNative: Tried to enqueue runnable on already finished thread: 'v_native... dropping Runnable.
03-05 16:23:32.499  5369  5477 W unknown:ReactNative: Tried to enqueue runnable on already finished thread: 'v_native... dropping Runnable.
03-05 16:23:32.499  5369  5477 W unknown:ReactNative: Tried to enqueue runnable on already finished thread: 'v_native... dropping Runnable.
03-05 16:23:32.499  5369  5477 W unknown:ReactNative: Tried to enqueue runnable on already finished thread: 'v_native... dropping Runnable.
03-05 16:23:32.499  5369  5477 W unknown:ReactNative: Tried to enqueue runnable on already finished thread: 'v_native... dropping Runnable.
03-05 16:23:32.499  5369  5477 W unknown:ReactNative: Tried to enqueue runnable on already finished thread: 'v_native... dropping Runnable.
03-05 16:23:32.499  5369  5477 W unknown:ReactNative: Tried to enqueue runnable on already finished thread: 'v_native... dropping Runnable.
03-05 16:23:32.499  5369  5477 W unknown:ReactNative: Tried to enqueue runnable on already finished thread: 'v_native... dropping Runnable.
03-05 16:23:32.511  1399  5893 D AdvertisingIdClient: AdvertisingIdClient already created.
03-05 16:23:32.511  1399  5893 D AdvertisingIdClient: AdvertisingIdClient is not bounded. Starting to bind it...
03-05 16:23:32.521  5369  5477 W unknown:ReactNative: Tried to enqueue runnable on already finished thread: 'v_native... dropping Runnable.
03-05 16:23:32.521  5369  5477 W unknown:ReactNative: Tried to enqueue runnable on already finished thread: 'v_native... dropping Runnable.
03-05 16:23:32.521  5369  5477 W unknown:ReactNative: Tried to enqueue runnable on already finished thread: 'v_native... dropping Runnable.
03-05 16:23:32.524  5369  5477 W unknown:ReactNative: Tried to enqueue runnable on already finished thread: 'v_native... dropping Runnable.
03-05 16:23:32.525  5369  5477 W unknown:ReactNative: Tried to enqueue runnable on already finished thread: 'v_native... dropping Runnable.
03-05 16:23:32.525  5369  5477 W unknown:ReactNative: Tried to enqueue runnable on already finished thread: 'v_native... dropping Runnable.
03-05 16:23:32.525  1399  5893 D AdvertisingIdClient: AdvertisingIdClient is bounded
03-05 16:23:32.529  1399  5893 I AdvertisingIdClient: shouldSendLog 77420
03-05 16:23:32.529  1399  5893 I AdvertisingIdClient: GetInfoInternal elapse 18ms
03-05 16:23:32.529  5369  5477 W unknown:ReactNative: Tried to enqueue runnable on already finished thread: 'v_native... dropping Runnable.
03-05 16:23:32.532  5369  5477 W unknown:ReactNative: Tried to enqueue runnable on already finished thread: 'v_native... dropping Runnable.
03-05 16:23:32.541  1121  1121 D BoundBrokerSvc: onRebind: Intent { act=com.google.android.gms.presencemanager.service.START dat=chimera-action:/... cmp=com.google.android.gms/.chimera.PersistentApiService }
03-05 16:23:32.550  1121  1121 D BoundBrokerSvc: onRebind: Intent { act=com.google.android.gms.presencemanager.service.INTERNAL_IDENTITY dat=chimera-action:/... cmp=com.google.android.gms/.chimera.PersistentApiService }
03-05 16:23:32.556  5369  5477 W System.err: java.lang.NoSuchFieldException: No field mIsFinished in class Lcom/facebook/react/bridge/queue/MessageQueueThreadImpl; (declaration of 'com.facebook.react.bridge.queue.MessageQueueThreadImpl' appears in /data/app/~~R96roxKcloPlYWgNsujlWg==/host.exp.exponent-puF6yEN5iA5Oi0m3RSEYMg==/base.apk!classes2.dex)
03-05 16:23:32.556  5369  5477 W System.err: 	at java.lang.Class.getDeclaredField(Native Method)
03-05 16:23:32.557  5369  5477 W System.err: 	at com.swmansion.worklets.WorkletsMessageQueueThreadBase.quitSynchronous(SourceFile:9)
03-05 16:23:32.557  5369  5477 W System.err: 	at com.facebook.jni.HybridData$Destructor.deleteNative(Native Method)
03-05 16:23:32.557  5369  5477 W System.err: 	at com.facebook.jni.HybridData$Destructor.destruct(SourceFile:3)
03-05 16:23:32.557  5369  5477 W System.err: 	at com.facebook.jni.HybridData.resetNative(SourceFile:4)
03-05 16:23:32.557  5369  5477 W System.err: 	at com.facebook.react.runtime.ReactInstance.destroy(SourceFile:30)
03-05 16:23:32.557  5369  5477 W System.err: 	at com.facebook.react.runtime.ReactHostImpl.getOrCreateDestroyTask$lambda$61(SourceFile:42)
03-05 16:23:32.557  5369  5477 W System.err: 	at com.facebook.react.runtime.ReactHostImpl.R(SourceFile:1)
03-05 16:23:32.557  5369  5477 W System.err: 	at com.facebook.react.runtime.A.then(SourceFile:1)
03-05 16:23:32.557  5369  5477 W System.err: 	at com.facebook.react.runtime.internal.bolts.Task$Companion.completeAfterTask$lambda$5(SourceFile:1)
03-05 16:23:32.557  5369  5477 W System.err: 	at com.facebook.react.runtime.internal.bolts.Task$Companion.a(SourceFile:1)
03-05 16:23:32.557  5369  5477 W System.err: 	at com.facebook.react.runtime.internal.bolts.j.run(SourceFile:1)
03-05 16:23:32.557  5369  5477 W System.err: 	at java.util.concurrent.ThreadPoolExecutor.runWorker(ThreadPoolExecutor.java:1145)
03-05 16:23:32.557  5369  5477 W System.err: 	at java.util.concurrent.ThreadPoolExecutor$Worker.run(ThreadPoolExecutor.java:644)
03-05 16:23:32.557  5369  5477 W System.err: 	at java.lang.Thread.run(Thread.java:1012)
03-05 16:23:32.576  5369  5477 W unknown:ReactNative: Tried to enqueue runnable on already finished thread: 'v_native... dropping Runnable.
03-05 16:23:32.579  5369  5477 W unknown:ReactNative: Tried to enqueue runnable on already finished thread: 'v_native... dropping Runnable.
03-05 16:23:32.583  5369  5477 W unknown:ReactNative: Tried to enqueue runnable on already finished thread: 'v_native... dropping Runnable.
03-05 16:23:32.584  5369  5477 W unknown:ReactNative: Tried to enqueue runnable on already finished thread: 'v_native... dropping Runnable.
03-05 16:23:32.605  5369  5477 W unknown:ReactNative: Tried to enqueue runnable on already finished thread: 'v_native... dropping Runnable.
03-05 16:23:32.652  5369  5373 I st.exp.exponent: Background concurrent mark compact GC freed 13MB AllocSpace bytes, 37(1292KB) LOS objects, 49% free, 16MB/32MB, paused 2.432ms,6.939ms total 373.520ms
03-05 16:23:32.829  5369  5375 W System  : A resource failed to call close. 
03-05 16:23:32.839  5369  5375 W st.exp.exponent: ApkAssets: Deleting an ApkAssets object '<empty> and /data/app/~~PYD8BVIvlR8ieKvEseRfuQ==/com.google.android.tts-RNPF0aej5zJyj0Fr8fwDng==/base.apk' with 1 weak references
03-05 16:23:32.845  5369  5375 W st.exp.exponent: ApkAssets: Deleting an ApkAssets object '<empty> and /data/app/~~PYD8BVIvlR8ieKvEseRfuQ==/com.google.android.tts-RNPF0aej5zJyj0Fr8fwDng==/split_config.en.apk' with 1 weak references
03-05 16:23:32.845  5369  5375 W st.exp.exponent: ApkAssets: Deleting an ApkAssets object '<empty> and /data/app/~~PYD8BVIvlR8ieKvEseRfuQ==/com.google.android.tts-RNPF0aej5zJyj0Fr8fwDng==/split_config.x86_64.apk' with 1 weak references
03-05 16:23:32.845  5369  5375 W st.exp.exponent: ApkAssets: Deleting an ApkAssets object '<empty> and /data/app/~~PYD8BVIvlR8ieKvEseRfuQ==/com.google.android.tts-RNPF0aej5zJyj0Fr8fwDng==/split_config.xxhdpi.apk' with 1 weak references
03-05 16:23:32.974  2370  2370 I native  : I0000 00:00:1772702612.974553    2370 exl_node_generator.cc:58] Setting legal word grammar as macro_only: true
03-05 16:23:32.974  2370  2370 I native  : I0000 00:00:1772702612.974856    2370 android_resource_loader.cc:100] Built resource lettuce_node_generator
03-05 16:23:32.974  2370  2370 I native  : I0000 00:00:1772702612.974907    2370 android_resource_loader.cc:116] Loaded resource:lettuce_node_generator
03-05 16:23:32.974  2370  2370 I native  : I0000 00:00:1772702612.974957    2370 data_source.cc:95] Opening data source "/data/user_de/0/com.google.android.tts/files/superpacks/en-us/en-us-x-multi-seanet-r83/../en-us-x-multi-r83/burdock_model.params.pb" (as: FILE) ...
03-05 16:23:32.975  2370  2370 I native  : I0000 00:00:1772702612.975055    2370 data_source.cc:99] ... Opened data source "/data/user_de/0/com.google.android.tts/files/superpacks/en-us/en-us-x-multi-seanet-r83/../en-us-x-multi-r83/burdock_model.params.pb" of size 8875
03-05 16:23:32.976  2370  2370 I native  : I0000 00:00:1772702612.976795    2370 android_resource_loader.cc:100] Built resource lstm_add_specification_resource
03-05 16:23:32.976  2370  2370 I native  : I0000 00:00:1772702612.976901    2370 android_resource_loader.cc:116] Loaded resource:lstm_add_specification_resource
03-05 16:23:32.976  2370  2370 I native  : I0000 00:00:1772702612.976974    2370 data_source.cc:95] Opening data source "/data/user_de/0/com.google.android.tts/files/superpacks/en-us/en-us-x-multi-seanet-r83/chive_model_fused.pb" (as: FILE) ...
03-05 16:23:32.977  2370  2370 I native  : I0000 00:00:1772702612.977030    2370 data_source.cc:99] ... Opened data source "/data/user_de/0/com.google.android.tts/files/superpacks/en-us/en-us-x-multi-seanet-r83/chive_model_fused.pb" of size 1281
03-05 16:23:32.977  2370  2370 I native  : I0000 00:00:1772702612.977195    2370 data_source.cc:95] Opening data source "/data/user_de/0/com.google.android.tts/files/superpacks/en-us/en-us-x-multi-seanet-r83/burdock_valerian_model.tflite" (as: MEMORY) ...
03-05 16:23:32.977  2370  2370 I native  : I0000 00:00:1772702612.977260    2370 data_source.cc:99] ... Opened data source "/data/user_de/0/com.google.android.tts/files/superpacks/en-us/en-us-x-multi-seanet-r83/burdock_valerian_model.tflite" of size 1790608
03-05 16:23:32.979  2370  2370 E tflite  : third_party/tensorflow/lite/core/subgraph.cc:1084 tensor.data.raw != nullptr was not true.
03-05 16:23:32.979  2370  2370 I native  : I0000 00:00:1772702612.979251    2370 chive_inference_resource.cc:234] Creating new CHiVE model [model graph]: 
03-05 16:23:32.979  2370  2370 I native  : I0000 00:00:1772702612.979308    2370 chive_model.cc:179] Creating a single pass CHiVE model
03-05 16:23:32.980  2370  2370 I native  : I0000 00:00:1772702612.980924    2370 android_resource_loader.cc:100] Built resource chive_inference_config
03-05 16:23:32.981  2370  2370 I native  : I0000 00:00:1772702612.981003    2370 android_resource_loader.cc:116] Loaded resource:chive_inference_config
03-05 16:23:32.981  2370  2370 I native  : I0000 00:00:1772702612.981078    2370 data_source.cc:95] Opening data source "/data/user_de/0/com.google.android.tts/files/superpacks/en-us/en-us-x-multi-seanet-r83/../en-us-x-multi-r83/converter_en_us_android.far" (as: FILE) ...
03-05 16:23:32.981  2370  2370 I native  : I0000 00:00:1772702612.981139    2370 data_source.cc:99] ... Opened data source "/data/user_de/0/com.google.android.tts/files/superpacks/en-us/en-us-x-multi-seanet-r83/../en-us-x-multi-r83/converter_en_us_android.far" of size 1473
03-05 16:23:32.981  2370  2370 I native  : I0000 00:00:1772702612.981727    2370 android_resource_loader.cc:100] Built resource pron_buffet_to_tts_converter
03-05 16:23:32.981  2370  2370 I native  : I0000 00:00:1772702612.981776    2370 android_resource_loader.cc:116] Loaded resource:pron_buffet_to_tts_converter
03-05 16:23:32.981  2370  2370 I native  : I0000 00:00:1772702612.981880    2370 data_source.cc:95] Opening data source "/data/user_de/0/com.google.android.tts/files/superpacks/en-us/en-us-x-multi-seanet-r83/../en-us-x-multi-r83/regexp_rewrite_embedded.pb" (as: FILE) ...
03-05 16:23:32.982  2370  2370 I native  : I0000 00:00:1772702612.981945    2370 data_source.cc:99] ... Opened data source "/data/user_de/0/com.google.android.tts/files/superpacks/en-us/en-us-x-multi-seanet-r83/../en-us-x-multi-r83/regexp_rewrite_embedded.pb" of size 6025
03-05 16:23:32.982  2370  2370 I native  : I0000 00:00:1772702612.982257    2370 data_source.cc:95] Opening data source "/data/user_de/0/com.google.android.tts/files/superpacks/en-us/en-us-x-multi-seanet-r83/../en-us-x-multi-r83/punctuation.pb" (as: FILE) ...
03-05 16:23:32.982  2370  2370 I native  : I0000 00:00:1772702612.982323    2370 data_source.cc:99] ... Opened data source "/data/user_de/0/com.google.android.tts/files/superpacks/en-us/en-us-x-multi-seanet-r83/../en-us-x-multi-r83/punctuation.pb" of size 452
03-05 16:23:33.039  2370  2370 E native  : E0000 00:00:1772702613.039192    2370 re2.cc:250] Error parsing '^|[^\p{Letter}\\]': invalid character class range: \p{Letter}
03-05 16:23:33.039  2370  2370 E native  : E0000 00:00:1772702613.039596    2370 replacement_rule.cc:40] Invalid context regexp: invalid character class range: \p{Letter}
03-05 16:23:33.039  2370  2370 E native  : E0000 00:00:1772702613.039669    2370 replacement_rule.cc:151] Error creating replacement rule.
03-05 16:23:33.040  2370  2370 E native  : E0000 00:00:1772702613.039727    2370 regexp_rewriter.cc:35] Error creating rule MessageLite at 0x755e877a9950.
03-05 16:23:33.040  2370  2370 I native  : I0000 00:00:1772702613.040139    2370 android_resource_loader.cc:100] Built resource rewrite_algo
03-05 16:23:33.040  2370  2370 I native  : I0000 00:00:1772702613.040698    2370 android_resource_loader.cc:116] Loaded resource:rewrite_algo
03-05 16:23:33.041  2370  2370 I native  : I0000 00:00:1772702613.040772    2370 data_source.cc:95] Opening data source "/data/user_de/0/com.google.android.tts/files/superpacks/en-us/en-us-x-multi-seanet-r83/../en-us-x-multi-r83/roman_numeral_contexts.pb" (as: FILE) ...
03-05 16:23:33.041  2370  2370 I native  : I0000 00:00:1772702613.040849    2370 data_source.cc:99] ... Opened data source "/data/user_de/0/com.google.android.tts/files/superpacks/en-us/en-us-x-multi-seanet-r83/../en-us-x-multi-r83/roman_numeral_contexts.pb" of size 9114
03-05 16:23:33.041  2370  2370 I native  : I0000 00:00:1772702613.041171    2370 android_resource_loader.cc:100] Built resource roman_numeral_context_words
03-05 16:23:33.041  2370  2370 I native  : I0000 00:00:1772702613.041264    2370 android_resource_loader.cc:116] Loaded resource:roman_numeral_context_words
03-05 16:23:33.041  2370  2370 I native  : I0000 00:00:1772702613.041653    2370 android_resource_loader.cc:100] Built resource classify_roman_numerals_grm_algo
03-05 16:23:33.042  2370  2370 I native  : I0000 00:00:1772702613.041754    2370 android_resource_loader.cc:116] Loaded resource:classify_roman_numerals_grm_algo
03-05 16:23:33.042  2370  2370 I native  : I0000 00:00:1772702613.041844    2370 android_resource_loader.cc:100] Built resource runtime_override
03-05 16:23:33.042  2370  2370 I native  : I0000 00:00:1772702613.041898    2370 android_resource_loader.cc:116] Loaded resource:runtime_override
03-05 16:23:33.042  2370  2370 I native  : I0000 00:00:1772702613.041971    2370 data_source.cc:95] Opening data source "/data/user_de/0/com.google.android.tts/files/superpacks/en-us/en-us-x-multi-seanet-r83/seanet_model_options.pb" (as: FILE) ...
03-05 16:23:33.042  2370  2370 I native  : I0000 00:00:1772702613.042039    2370 data_source.cc:99] ... Opened data source "/data/user_de/0/com.google.android.tts/files/superpacks/en-us/en-us-x-multi-seanet-r83/seanet_model_options.pb" of size 32
03-05 16:23:33.042  2370  2370 I native  : I0000 00:00:1772702613.042143    2370 data_source.cc:95] Opening data source "/data/user_de/0/com.google.android.tts/files/superpacks/en-us/en-us-x-multi-seanet-r83/seanet_model.tflite" (as: FILE) ...
03-05 16:23:33.042  2370  2370 I native  : I0000 00:00:1772702613.042231    2370 data_source.cc:99] ... Opened data source "/data/user_de/0/com.google.android.tts/files/superpacks/en-us/en-us-x-multi-seanet-r83/seanet_model.tflite" of size 2786320
03-05 16:23:33.049  2370  2370 I native  : I0000 00:00:1772702613.049103    2370 android_resource_loader.cc:100] Built resource seanet_enhancer
03-05 16:23:33.049  2370  2370 I native  : I0000 00:00:1772702613.049254    2370 android_resource_loader.cc:116] Loaded resource:seanet_enhancer
03-05 16:23:33.049  2370  2370 I native  : I0000 00:00:1772702613.049389    2370 data_source.cc:95] Opening data source "/data/user_de/0/com.google.android.tts/files/superpacks/en-us/en-us-x-multi-seanet-r83/../en-us-x-multi-r83/sb_model.bin" (as: MEMORY) ...
03-05 16:23:33.049  2370  2370 I native  : I0000 00:00:1772702613.049486    2370 data_source.cc:99] ... Opened data source "/data/user_de/0/com.google.android.tts/files/superpacks/en-us/en-us-x-multi-seanet-r83/../en-us-x-multi-r83/sb_model.bin" of size 48272
03-05 16:23:33.049  2370  2370 I native  : I0000 00:00:1772702613.049558    2370 android_resource_loader.cc:100] Built resource sentence_boundary_model_resource
03-05 16:23:33.049  2370  2370 I native  : I0000 00:00:1772702613.049595    2370 android_resource_loader.cc:116] Loaded resource:sentence_boundary_model_resource
03-05 16:23:33.049  2370  2370 I native  : I0000 00:00:1772702613.049655    2370 data_source.cc:95] Opening data source "/data/user_de/0/com.google.android.tts/files/superpacks/en-us/en-us-x-multi-seanet-r83/../en-us-x-multi-r83/en_verbalize_spec.pb" (as: FILE) ...
03-05 16:23:33.050  2370  2370 I native  : I0000 00:00:1772702613.049823    2370 data_source.cc:99] ... Opened data source "/data/user_de/0/com.google.android.tts/files/superpacks/en-us/en-us-x-multi-seanet-r83/../en-us-x-multi-r83/en_verbalize_spec.pb" of size 3984
03-05 16:23:33.050  2370  2370 I native  : I0000 00:00:1772702613.050052    2370 android_resource_loader.cc:100] Built resource serialization_spec
03-05 16:23:33.050  2370  2370 I native  : I0000 00:00:1772702613.050096    2370 android_resource_loader.cc:116] Loaded resource:serialization_spec
03-05 16:23:33.050  2370  2370 I native  : I0000 00:00:1772702613.050142    2370 data_source.cc:95] Opening data source "/data/user_de/0/com.google.android.tts/files/superpacks/en-us/en-us-x-multi-seanet-r83/../en-us-x-multi-r83/textnorm_params_embedded_en_us.pb" (as: FILE) ...
03-05 16:23:33.050  2370  2370 I native  : I0000 00:00:1772702613.050220    2370 data_source.cc:99] ... Opened data source "/data/user_de/0/com.google.android.tts/files/superpacks/en-us/en-us-x-multi-seanet-r83/../en-us-x-multi-r83/textnorm_params_embedded_en_us.pb" of size 321
03-05 16:23:33.050  2370  2370 I native  : I0000 00:00:1772702613.050420    2370 android_resource_loader.cc:100] Built resource textnorm_params
03-05 16:23:33.051  2370  2370 I native  : I0000 00:00:1772702613.050736    2370 android_resource_loader.cc:116] Loaded resource:textnorm_params
03-05 16:23:33.053  2370  2370 I native  : I0000 00:00:1772702613.053086    2370 android_resource_loader.cc:100] Built resource icu_transliterator_to_latin
03-05 16:23:33.053  2370  2370 I native  : I0000 00:00:1772702613.053186    2370 android_resource_loader.cc:116] Loaded resource:icu_transliterator_to_latin
03-05 16:23:33.053  2370  2370 I native  : I0000 00:00:1772702613.053238    2370 data_source.cc:95] Opening data source "/data/user_de/0/com.google.android.tts/files/superpacks/en-us/en-us-x-multi-seanet-r83/../en-us-x-multi-r83/g2p_m3_syls0_stress0_en-US.fst" (as: FILE) ...
03-05 16:23:33.053  2370  2370 I native  : I0000 00:00:1772702613.053333    2370 data_source.cc:99] ... Opened data source "/data/user_de/0/com.google.android.tts/files/superpacks/en-us/en-us-x-multi-seanet-r83/../en-us-x-multi-r83/g2p_m3_syls0_stress0_en-US.fst" of size 696736
03-05 16:23:33.054  2370  2370 I native  : I0000 00:00:1772702613.053673    2370 compact_fst.cc:20] Loading FST from "/data/user_de/0/com.google.android.tts/files/superpacks/en-us/en-us-x-multi-seanet-r83/../en-us-x-multi-r83/g2p_m3_syls0_stress0_en-US.fst" ...
03-05 16:23:33.127  2370  2370 I native  : I0000 00:00:1772702613.126507    2370 decoder.cc:50] G2P FST loaded (56 graphemes and 41 phonemes).
03-05 16:23:33.133  2370  2370 I native  : I0000 00:00:1772702613.132960    2370 android_resource_loader.cc:100] Built resource learned_fst_g2p_mapper
03-05 16:23:33.133  2370  2370 I native  : I0000 00:00:1772702613.133058    2370 android_resource_loader.cc:116] Loaded resource:learned_fst_g2p_mapper
03-05 16:23:33.133  2370  2370 I native  : I0000 00:00:1772702613.133146    2370 android_resource_loader.cc:100] Built resource spelling_normalizer
03-05 16:23:33.133  2370  2370 I native  : I0000 00:00:1772702613.133191    2370 android_resource_loader.cc:116] Loaded resource:spelling_normalizer
03-05 16:23:33.143  5369  5477 W unknown:BridgelessReact: ReactHost{1}.getOrCreateDestroyTask(): Resetting start task ref
03-05 16:23:33.143  5369  5477 W unknown:BridgelessReact: ReactHost{1}.getOrCreateDestroyTask(): Resetting destroy task ref
03-05 16:23:33.146  2370  2370 I native  : I0000 00:00:1772702613.146076    2370 android_resource_loader.cc:100] Built resource token_resolver_algo
03-05 16:23:33.146  2370  2370 I native  : I0000 00:00:1772702613.146199    2370 android_resource_loader.cc:116] Loaded resource:token_resolver_algo
03-05 16:23:33.146  2370  2370 I native  : I0000 00:00:1772702613.146238    2370 android_resource_loader.cc:100] Built resource utf8_utils
03-05 16:23:33.146  2370  2370 I native  : I0000 00:00:1772702613.146250    2370 android_resource_loader.cc:116] Loaded resource:utf8_utils
03-05 16:23:33.147  2370  2370 I native  : I0000 00:00:1772702613.146346    2370 android_resource_loader.cc:100] Built resource lexical_classifier
03-05 16:23:33.147  2370  2370 I native  : I0000 00:00:1772702613.146415    2370 android_resource_loader.cc:116] Loaded resource:lexical_classifier
03-05 16:23:33.147  2370  2370 I native  : I0000 00:00:1772702613.146455    2370 data_source.cc:95] Opening data source "/data/user_de/0/com.google.android.tts/files/superpacks/en-us/en-us-x-multi-seanet-r83/universal_carrier_pigeon_config.binarypb" (as: FILE) ...
03-05 16:23:33.147  2370  2370 I native  : I0000 00:00:1772702613.146496    2370 data_source.cc:99] ... Opened data source "/data/user_de/0/com.google.android.tts/files/superpacks/en-us/en-us-x-multi-seanet-r83/universal_carrier_pigeon_config.binarypb" of size 52
03-05 16:23:33.147  2370  2370 I native  : I0000 00:00:1772702613.146737    2370 data_source.cc:95] Opening data source "/data/user_de/0/com.google.android.tts/files/superpacks/en-us/en-us-x-multi-seanet-r83/universal_carrier_pigeon_model.tflite" (as: FILE) ...
03-05 16:23:33.147  2370  2370 I native  : I0000 00:00:1772702613.146945    2370 data_source.cc:99] ... Opened data source "/data/user_de/0/com.google.android.tts/files/superpacks/en-us/en-us-x-multi-seanet-r83/universal_carrier_pigeon_model.tflite" of size 638952
03-05 16:23:33.150  2370  2370 I native  : I0000 00:00:1772702613.149555    2370 android_resource_loader.cc:100] Built resource carrier_pigeon_algo
03-05 16:23:33.150  2370  2370 I native  : I0000 00:00:1772702613.149629    2370 android_resource_loader.cc:116] Loaded resource:carrier_pigeon_algo
03-05 16:23:33.150  2370  2370 I native  : I0000 00:00:1772702613.149685    2370 android_resource_loader.cc:100] Built resource icu_transliterator
03-05 16:23:33.150  2370  2370 I native  : I0000 00:00:1772702613.149727    2370 android_resource_loader.cc:116] Loaded resource:icu_transliterator
03-05 16:23:33.150  2370  2370 I native  : I0000 00:00:1772702613.149775    2370 data_source.cc:95] Opening data source "/data/user_de/0/com.google.android.tts/files/superpacks/en-us/en-us-x-multi-seanet-r83/../en-us-x-multi-r83/variant_overrides_en_us.pb" (as: FILE) ...
03-05 16:23:33.150  2370  2370 I native  : I0000 00:00:1772702613.150132    2370 data_source.cc:99] ... Opened data source "/data/user_de/0/com.google.android.tts/files/superpacks/en-us/en-us-x-multi-seanet-r83/../en-us-x-multi-r83/variant_overrides_en_us.pb" of size 1525
03-05 16:23:33.151  2370  2370 I native  : I0000 00:00:1772702613.150372    2370 android_resource_loader.cc:100] Built resource variant_overrides
03-05 16:23:33.151  2370  2370 I native  : I0000 00:00:1772702613.150410    2370 android_resource_loader.cc:116] Loaded resource:variant_overrides
03-05 16:23:33.151  2370  2370 I native  : I0000 00:00:1772702613.150458    2370 data_source.cc:95] Opening data source "/data/user_de/0/com.google.android.tts/files/superpacks/en-us/en-us-x-multi-seanet-r83/../en-us-x-multi-r83/variant_selection_model_en_us_embedded.bin" (as: MEMORY) ...
03-05 16:23:33.151  2370  2370 I native  : I0000 00:00:1772702613.150523    2370 data_source.cc:99] ... Opened data source "/data/user_de/0/com.google.android.tts/files/superpacks/en-us/en-us-x-multi-seanet-r83/../en-us-x-multi-r83/variant_selection_model_en_us_embedded.bin" of size 221608
